10-27 15:25:27.285 D/BluetoothDevice(20109): getAddress: mAddress=XX:XX:XX:XX:1B:66
10-27 15:25:27.285 D/BluetoothDevice(20109): getAddress: mAddress=XX:XX:XX:XX:1B:66
10-27 15:25:27.304 D/BluetoothDevice(20109): getAddress: mAddress=XX:XX:XX:XX:B6:07
10-27 15:25:27.304 D/BluetoothDevice(20109): getAddress: mAddress=XX:XX:XX:XX:B6:07
10-27 15:25:27.304 D/BluetoothDevice(20109): getAddress: mAddress=XX:XX:XX:XX:B6:07
10-27 15:25:27.304 D/BluetoothDevice(20109): getAddress: mAddress=XX:XX:XX:XX:B6:07
10-27 15:25:27.306 I/AppScanStats(20109): BLE_SCAN_RESULT_RECEIVED[2]reportBleScanResults=2600
10-27 15:25:27.309 D/BluetoothDevice(20109): getAddress: mAddress=XX:XX:XX:XX:B6:07
10-27 15:25:27.311 D/BluetoothDevice( 2038): getAddress: mAddress=XX:XX:XX:XX:B6:07
10-27 15:25:27.312 D/BluetoothDevice( 2038): getAddress: mAddress=XX:XX:XX:XX:B6:07
10-27 15:25:27.312 I/NearbyConnections( 2038): Found BleAdvertisement [ 0x23 0x52 0x30 0x57 0x4f 0x11 0x34 0x19 0x6d 0x6a 0x28 0x43 0x8a 0x52 0x44 0xdc 0xc8 0xfc 0x2e 0xca 0x7b 0xf3 0xe2 ] (with EndpointId R0WO and EndpointInfo [ 0x34 0x19 0x6d 0x6a 0x28 0x43 0x8a 0x52 0x44 0xdc 0xc8 0xfc 0x2e 0xca 0x7b 0xf3 0xe2 ])
10-27 15:25:27.313 I/NearbyConnections( 2038): Unable to record discovered endpoint due to null currentDiscoveryPhase
10-27 15:25:27.313 I/NearbyConnections( 2038): ClientProxy(93629406 0p:com.google.android.gms.nearby.sharing) reporting onEndpointFound(R0WO)
10-27 15:25:27.313 I/NearbyConnections( 2038): ClientProxy(93629406) reporting onEndpointDistanceChanged(R0WO, UNKNOWN)
10-27 15:25:27.316 I/NearbySharing( 2038): NearbySharing Internal event EndpointDiscovered(endpointId=R0WO)
10-27 15:25:27.317 D/BluetoothDevice(20109): getAddress: mAddress=XX:XX:XX:XX:F5:15
10-27 15:25:27.317 D/BluetoothDevice(20109): getAddress: mAddress=XX:XX:XX:XX:F5:15
10-27 15:25:27.317 D/BluetoothDevice(20109): getAddress: mAddress=XX:XX:XX:XX:F5:15
10-27 15:25:27.317 D/BluetoothDevice(20109): getAddress: mAddress=XX:XX:XX:XX:F5:15
10-27 15:25:27.318 D/BluetoothDevice(20109): getAddress: mAddress=XX:XX:XX:XX:F5:15
10-27 15:25:27.321 D/BluetoothDevice(20109): getAddress: mAddress=XX:XX:XX:XX:DC:BF
10-27 15:25:27.321 D/BluetoothDevice(20109): getAddress: mAddress=XX:XX:XX:XX:DC:BF
10-27 15:25:27.321 D/BluetoothDevice(20109): getAddress: mAddress=XX:XX:XX:XX:DC:BF
10-27 15:25:27.322 D/BluetoothDevice(20109): getAddress: mAddress=XX:XX:XX:XX:DC:BF
10-27 15:25:27.322 D/BluetoothDevice(20109): getAddress: mAddress=XX:XX:XX:XX:DC:BF
10-27 15:25:27.330 D/BluetoothDevice(20109): getAddress: mAddress=XX:XX:XX:XX:5E:4F
10-27 15:25:27.330 D/BluetoothDevice(20109): getAddress: mAddress=XX:XX:XX:XX:5E:4F
10-27 15:25:27.330 D/BluetoothDevice(20109): getAddress: mAddress=XX:XX:XX:XX:5E:4F
10-27 15:25:27.330 D/BluetoothDevice(20109): getAddress: mAddress=XX:XX:XX:XX:5E:4F
10-27 15:25:27.330 D/BluetoothDevice(20109): getAddress: mAddress=XX:XX:XX:XX:5E:4F
10-27 15:25:27.333 D/BluetoothDevice(20109): getAddress: mAddress=XX:XX:XX:XX:8F:52
10-27 15:25:27.333 D/BluetoothDevice(20109): getAddress: mAddress=XX:XX:XX:XX:8F:52
10-27 15:25:27.333 D/BluetoothDevice(20109): getAddress: mAddress=XX:XX:XX:XX:8F:52
10-27 15:25:27.333 D/BluetoothDevice(20109): getAddress: mAddress=XX:XX:XX:XX:8F:52
10-27 15:25:27.333 D/BluetoothDevice(20109): getAddress: mAddress=XX:XX:XX:XX:8F:52
10-27 15:25:27.337 D/BluetoothDevice(20109): getAddress: mAddress=XX:XX:XX:XX:F5:68
10-27 15:25:27.337 D/BluetoothDevice(20109): getAddress: mAddress=XX:XX:XX:XX:F5:68
10-27 15:25:27.338 D/BluetoothDevice(20109): getAddress: mAddress=XX:XX:XX:XX:F5:68
10-27 15:25:27.339 D/BluetoothDevice(20109): getAddress: mAddress=XX:XX:XX:XX:F5:68
10-27 15:25:27.339 D/BluetoothDevice(20109): getAddress: mAddress=XX:XX:XX:XX:F5:68
10-27 15:25:27.342 D/BluetoothDevice(20109): getAddress: mAddress=XX:XX:XX:XX:60:57
10-27 15:25:27.342 D/BluetoothDevice(20109): getAddress: mAddress=XX:XX:XX:XX:60:57
10-27 15:25:27.342 D/BluetoothDevice(20109): getAddress: mAddress=XX:XX:XX:XX:60:57
10-27 15:25:27.343 D/BluetoothDevice(20109): getAddress: mAddress=XX:XX:XX:XX:60:57
10-27 15:25:27.345 D/BluetoothDevice(20109): getAddress: mAddress=XX:XX:XX:XX:60:57
10-27 15:25:27.346 D/BluetoothDevice(20109): getAddress: mAddress=XX:XX:XX:XX:38:E3
10-27 15:25:27.346 D/BluetoothDevice(20109): getAddress: mAddress=XX:XX:XX:XX:38:E3
10-27 15:25:27.346 D/BluetoothDevice(20109): getAddress: mAddress=XX:XX:XX:XX:38:E3
10-27 15:25:27.347 D/BluetoothDevice(20109): getAddress: mAddress=XX:XX:XX:XX:38:E3
10-27 15:25:27.347 D/BluetoothDevice(20109): getAddress: mAddress=XX:XX:XX:XX:38:E3
10-27 15:25:27.347 D/BluetoothDevice( 2038): getAddress: mAddress=XX:XX:XX:XX:60:57
10-27 15:25:27.347 D/BluetoothDevice( 2038): getAddress: mAddress=XX:XX:XX:XX:60:57
10-27 15:25:27.550 D/connsyslogger( 1010): SD_LOG_ROOT is /data/debuglogger/connsyslog/fw.
10-27 15:25:27.551 D/connsyslogger( 1010): systemReady:1
10-27 15:25:27.565 W/ServiceManagerCppClient( 1061): Waited one second for vendor.mediatek.hardware.lbs.ILbs/mtk_lbs_log_v2s (is service started? Number of threads started in the threadpool: 1. Are binder threads started and available?)
10-27 15:25:27.569 W/libc    (  482): Unable to set property "ctl.interface_start" to "aidl/vendor.mediatek.hardware.lbs.ILbs/mtk_lbs_log_v2s": PROP_ERROR_HANDLE_CONTROL_MESSAGE (0x20)
10-27 15:25:27.818 I/libPerfCtl(  866): xgfGetFPS pid:2020 fps:-1
10-27 15:25:27.828 I/native  ( 5927): I0000 00:00:1761549927.828075    6021 soda_async_impl.cc:1383] Current audio timestamp: 1761549927689168
10-27 15:25:28.218 I/SmartPower: com.google.android.apps.tachyon/10182(7648)( 1300): background->idle(3002ms) R(broadcast start Intent { act=android.intent.action.BATTERY_CHANGED flg=0x60000010 (has extras) }) adj=905.
10-27 15:25:28.219 I/SmartPower: com.xiaomi.discover/10173(8860)( 1300): background->idle(3002ms) R(broadcast start Intent { act=android.intent.action.BATTERY_CHANGED flg=0x60000010 (has extras) }) adj=905.
10-27 15:25:28.222 I/SmartPower: com.facebook.orca/10386(31754)( 1300): background->idle(3001ms) R(broadcast start Intent { act=android.intent.action.BATTERY_CHANGED flg=0x60000010 (has extras) }) adj=905.
10-27 15:25:28.223 I/SmartPower: com.google.android.youtube/10200(29720)( 1300): background->idle(3001ms) R(broadcast start Intent { act=android.intent.action.BATTERY_CHANGED flg=0x60000010 (has extras) }) adj=905.
10-27 15:25:28.227 I/SmartPower: com.facebook.katana/10307(9576)( 1300): background->idle(3002ms) R(broadcast start Intent { act=android.intent.action.BATTERY_CHANGED flg=0x60000010 (has extras) }) adj=905.
10-27 15:25:28.294 D/BluetoothDevice(20109): getAddress: mAddress=XX:XX:XX:XX:73:B5
10-27 15:25:28.294 D/BluetoothDevice(20109): getAddress: mAddress=XX:XX:XX:XX:73:B5
10-27 15:25:28.294 D/BluetoothDevice(20109): getAddress: mAddress=XX:XX:XX:XX:73:B5
10-27 15:25:28.295 D/BluetoothDevice(20109): getAddress: mAddress=XX:XX:XX:XX:73:B5
10-27 15:25:28.295 D/BluetoothDevice(20109): getAddress: mAddress=XX:XX:XX:XX:73:B5
10-27 15:25:28.304 D/BluetoothDevice(20109): getAddress: mAddress=XX:XX:XX:XX:C9:59
10-27 15:25:28.305 D/BluetoothDevice(20109): getAddress: mAddress=XX:XX:XX:XX:C9:59
10-27 15:25:28.305 D/BluetoothDevice(20109): getAddress: mAddress=XX:XX:XX:XX:C9:59
10-27 15:25:28.305 D/BluetoothDevice(20109): getAddress: mAddress=XX:XX:XX:XX:C9:59
10-27 15:25:28.305 D/BluetoothDevice(20109): getAddress: mAddress=XX:XX:XX:XX:C9:59
10-27 15:25:28.332 D/BluetoothDevice(20109): getAddress: mAddress=XX:XX:XX:XX:DC:BF
10-27 15:25:28.332 D/BluetoothDevice(20109): getAddress: mAddress=XX:XX:XX:XX:DC:BF
10-27 15:25:28.332 D/BluetoothDevice(20109): getAddress: mAddress=XX:XX:XX:XX:DC:BF
10-27 15:25:28.332 D/BluetoothDevice(20109): getAddress: mAddress=XX:XX:XX:XX:DC:BF
10-27 15:25:28.333 D/BluetoothDevice(20109): getAddress: mAddress=XX:XX:XX:XX:DC:BF
10-27 15:25:28.335 D/BluetoothDevice(20109): getAddress: mAddress=XX:XX:XX:XX:1B:66
10-27 15:25:28.335 D/BluetoothDevice(20109): getAddress: mAddress=XX:XX:XX:XX:1B:66
10-27 15:25:28.335 D/BluetoothDevice(20109): getAddress: mAddress=XX:XX:XX:XX:1B:66
10-27 15:25:28.335 D/BluetoothDevice(20109): getAddress: mAddress=XX:XX:XX:XX:1B:66
10-27 15:25:28.335 D/BluetoothDevice(20109): getAddress: mAddress=XX:XX:XX:XX:1B:66
10-27 15:25:28.340 D/BluetoothDevice(20109): getAddress: mAddress=XX:XX:XX:XX:5E:4F
10-27 15:25:28.341 D/BluetoothDevice(20109): getAddress: mAddress=XX:XX:XX:XX:5E:4F
10-27 15:25:28.341 D/BluetoothDevice(20109): getAddress: mAddress=XX:XX:XX:XX:5E:4F
10-27 15:25:28.341 D/BluetoothDevice(20109): getAddress: mAddress=XX:XX:XX:XX:5E:4F
10-27 15:25:28.341 D/BluetoothDevice(20109): getAddress: mAddress=XX:XX:XX:XX:5E:4F
10-27 15:25:28.544 D/EMDLOGGER1( 1057): ccb_init_cond: wait required modem status time out
10-27 15:25:28.568 W/ServiceManagerCppClient( 1061): Waited one second for vendor.mediatek.hardware.lbs.ILbs/mtk_lbs_log_v2s (is service started? Number of threads started in the threadpool: 1. Are binder threads started and available?)
10-27 15:25:28.572 W/libc    (  482): Unable to set property "ctl.interface_start" to "aidl/vendor.mediatek.hardware.lbs.ILbs/mtk_lbs_log_v2s": PROP_ERROR_HANDLE_CONTROL_MESSAGE (0x20)
10-27 15:25:28.818 I/libPerfCtl(  866): xgfGetFPS pid:2020 fps:-1
10-27 15:25:28.862 D/DisplayModeController(  896): setDesiredMode 4627039422300187648 {mode={fps=50.00 Hz, modePtr={id=2, vsyncRate=50.00 Hz, peakRefreshRate=50.00 Hz}}, emitEvent=false, force=false}
10-27 15:25:28.863 D/Scheduler(  896): MtkOverrideDuration: update vsync 50
10-27 15:25:28.863 E/SurfaceFlinger(  896): MtkDuration override mode is disabled
10-27 15:25:28.863 D/Scheduler(  896): MtkOverrideDuration: reset override duration
10-27 15:25:28.863 I/PowerHalWrapper(  896): updateFps(): 50
10-27 15:25:28.871 I/hwcomposer(  850): [HWCDisplay] (0 setActiveConfigWithConstraints():4091), config:2  
10-27 15:25:28.871 I/hwcomposer(  850): [HWCDisplay] (0 setActiveConfigWithConstraints():4141), now 42219381405669, diff 763077, estimated_applied_time 16666667 queued_size:0  
10-27 15:25:28.874 D/libcomposer_ext(  850): DeviceImplAidl::DeviceClientContextAidl::NotifyHwcComposition()
10-27 15:25:28.875 D/libcomposer_ext(  896): ClientCallbackAidl::asyncPerform(12)
10-27 15:25:28.875 D/libcomposer_ext(  896): ClientImplAidl::ParseNotifyHwcComposition()
10-27 15:25:28.875 I/SurfaceFlinger(  896): NotifyHwcComposition(), id 0, mode 1
10-27 15:25:28.876 I/hwcomposer(  850): [HWCDisplay] (0 updateFps():3644), (type:1, mode:2) fps:1.290762,dur:3873.68,max:2883.14,min:13.13  
10-27 15:25:28.877 I/hwcomposer(  850): [DBQ] (q2:0xb400006f9b41aa30) Buffer queue is created with size(3), m_id(608), q2  
10-27 15:25:28.877 I/hwcomposer(  850): [DBQ] (q2:0xb400006f9b41aa30) Reallocate Slot(0), pool(0 -> 0) size(0 -> 4288000) secure(0 -> 0)  
10-27 15:25:28.881 I/hwcomposer(  850): [DBQ] (q2:0xb400006f9b41aa30) Alloc Slot(0), handle=0xb400006fdb407dd0 c=0 w=800 h=1340 p=800 ys=800 vs=1340 f=2 sec=0 sh=0, usage=0x800  
10-27 15:25:28.883 I/MI-SF   (  896): surfaceflinger setAffinity mode=0
10-27 15:25:28.884 E/MI-SF   (  896): surfaceflinger setAffinity success
10-27 15:25:28.887 I/PowerHalWrapper(  896): updateFps(): 50
10-27 15:25:28.889 I/PowerHalWrapper(  896): updateFps(): 50
10-27 15:25:28.909 I/hwcomposer(  850): [HWCDisplay] (0 updateAppliedConfigState():4337), applied config complete[idx:42219398072336, config:2]  
10-27 15:25:29.035 I/thermal_src( 1095): recvmsg_expect 5, but get 2 
10-27 15:25:29.036 V/thermal_src( 1095): TA_DAEMON_CMD_GET_TPCB:ERROR ret=-1
10-27 15:25:29.036 E/thermal_src( 1095): get_tpcb_from_kernel:error -1. retry...
10-27 15:25:29.036 I/thermal_src( 1095): recvmsg_expect 5, but get 2 
10-27 15:25:29.036 V/thermal_src( 1095): TA_DAEMON_CMD_GET_TPCB:ERROR ret=-1
10-27 15:25:29.036 E/thermal_src( 1095): get_tpcb_from_kernel:error -1. retry...
10-27 15:25:29.036 I/thermal_src( 1095): recvmsg_expect 5, but get 2 
10-27 15:25:29.036 V/thermal_src( 1095): TA_DAEMON_CMD_GET_TPCB:ERROR ret=-1
10-27 15:25:29.036 E/thermal_src( 1095): get_tpcb_from_kernel:error -1. retry...
10-27 15:25:29.036 I/thermal_src( 1095): recvmsg_expect 4, but get 5 
10-27 15:25:29.036 V/thermal_src( 1095): TA_DAEMON_CMD_SET_TTJ:ERROR ret=-1
10-27 15:25:29.036 E/thermal_src( 1095): set_ttj_to_kernel 1:error -1
10-27 15:25:29.036 I/thermal_src( 1095): recvmsg_expect 2, but get 5 
10-27 15:25:29.036 V/thermal_src( 1095): waiting NOTIFY from kernel miss, -1
10-27 15:25:29.036 I/thermal_src( 1095): recvmsg_expect 2, but get 5 
10-27 15:25:29.037 V/thermal_src( 1095): waiting NOTIFY from kernel miss, -1
10-27 15:25:29.037 I/thermal_src( 1095): recvmsg_expect 2, but get 4 
10-27 15:25:29.037 V/thermal_src( 1095): waiting NOTIFY from kernel miss, -1
10-27 15:25:29.043 I/hwcomposer(  850): [HWC] (0)fire a callback of refresh to SF[4]  
10-27 15:25:29.062 I/hwcomposer(  850): [HWCLayer] (0 id:608 setHwlayerType():746), release queue sp q2_608, type 3 -> 0  
10-27 15:25:29.062 I/hwcomposer(  850): [DBQ] (q2:0xb400006f9b41aa30) Buffer queue is destroyed, m_id(608)  
10-27 15:25:29.062 I/hwcomposer(  850): [DBQ] (q2:0xb400006f9b41aa30) ~DisplayBufferQueue(), m_id(608), release buf  
10-27 15:25:29.062 I/hwcomposer(  850): [DBQ] (q2:0xb400006f9b41aa30) Free Slot(0), handle=0xb400006fdb407dd0, 4288000 -> 0  
10-27 15:25:29.063 D/libcomposer_ext(  850): DeviceImplAidl::DeviceClientContextAidl::NotifyHwcComposition()
10-27 15:25:29.063 D/libcomposer_ext(  896): ClientCallbackAidl::asyncPerform(12)
10-27 15:25:29.063 D/libcomposer_ext(  896): ClientImplAidl::ParseNotifyHwcComposition()
10-27 15:25:29.063 I/SurfaceFlinger(  896): NotifyHwcComposition(), id 0, mode 0
10-27 15:25:29.070 I/BufferQueueProducer(  896): [FramebufferSurface](this:0xb400006f767f08e0,id:-1,api:1,p:896,c:896) queueBuffer: fps=0.49 dur=4069.15 max=3078.21 min=990.94
10-27 15:25:29.073 I/MI-SF   (  896): surfaceflinger setAffinity mode=1
10-27 15:25:29.074 E/MI-SF   (  896): surfaceflinger setAffinity success
10-27 15:25:29.074 I/MI-SF   (  896): surfaceflinger setreAffinity reTid=1142
10-27 15:25:29.074 E/MI-SF   (  896): surfaceflinger setAffinity success
10-27 15:25:29.284 D/BluetoothDevice(20109): getAddress: mAddress=XX:XX:XX:XX:AE:8D
10-27 15:25:29.284 D/BluetoothDevice(20109): getAddress: mAddress=XX:XX:XX:XX:AE:8D
10-27 15:25:29.284 D/BluetoothDevice(20109): getAddress: mAddress=XX:XX:XX:XX:AE:8D
10-27 15:25:29.284 D/BluetoothDevice(20109): getAddress: mAddress=XX:XX:XX:XX:AE:8D
10-27 15:25:29.284 D/BluetoothDevice(20109): getAddress: mAddress=XX:XX:XX:XX:AE:8D
10-27 15:25:29.289 D/BluetoothDevice(20109): getAddress: mAddress=XX:XX:XX:XX:1B:66
10-27 15:25:29.289 D/BluetoothDevice(20109): getAddress: mAddress=XX:XX:XX:XX:1B:66
10-27 15:25:29.289 D/BluetoothDevice(20109): getAddress: mAddress=XX:XX:XX:XX:1B:66
10-27 15:25:29.289 D/BluetoothDevice(20109): getAddress: mAddress=XX:XX:XX:XX:1B:66
10-27 15:25:29.290 D/BluetoothDevice(20109): getAddress: mAddress=XX:XX:XX:XX:1B:66
10-27 15:25:29.301 D/BluetoothDevice(20109): getAddress: mAddress=XX:XX:XX:XX:02:6F
10-27 15:25:29.301 D/BluetoothDevice(20109): getAddress: mAddress=XX:XX:XX:XX:02:6F
10-27 15:25:29.302 D/BluetoothDevice(20109): getAddress: mAddress=XX:XX:XX:XX:02:6F
10-27 15:25:29.302 D/BluetoothDevice(20109): getAddress: mAddress=XX:XX:XX:XX:02:6F
10-27 15:25:29.302 D/BluetoothDevice(20109): getAddress: mAddress=XX:XX:XX:XX:02:6F
10-27 15:25:29.313 D/BluetoothDevice(20109): getAddress: mAddress=XX:XX:XX:XX:79:CF
10-27 15:25:29.314 D/BluetoothDevice(20109): getAddress: mAddress=XX:XX:XX:XX:79:CF
10-27 15:25:29.314 D/BluetoothDevice(20109): getAddress: mAddress=XX:XX:XX:XX:79:CF
10-27 15:25:29.314 D/BluetoothDevice(20109): getAddress: mAddress=XX:XX:XX:XX:79:CF
10-27 15:25:29.316 D/BluetoothDevice(20109): getAddress: mAddress=XX:XX:XX:XX:79:CF
10-27 15:25:29.319 D/BluetoothDevice(20109): getAddress: mAddress=XX:XX:XX:XX:E7:74
10-27 15:25:29.319 D/BluetoothDevice( 2038): getAddress: mAddress=XX:XX:XX:XX:79:CF
10-27 15:25:29.319 D/BluetoothDevice( 2038): getAddress: mAddress=XX:XX:XX:XX:79:CF
10-27 15:25:29.319 D/BluetoothDevice(20109): getAddress: mAddress=XX:XX:XX:XX:E7:74
10-27 15:25:29.319 D/BluetoothDevice(20109): getAddress: mAddress=XX:XX:XX:XX:E7:74
10-27 15:25:29.319 I/NearbyConnections( 2038): Found BleAdvertisement [ 0x23 0x5a 0x4a 0x33 0x33 0x11 0x32 0xf7 0x77 0xa2 0xac 0x58 0xfc 0xa5 0x49 0xec 0x10 0xf1 0x84 0x0f 0x37 0x10 0xb4 ] (with EndpointId ZJ33 and EndpointInfo [ 0x32 0xf7 0x77 0xa2 0xac 0x58 0xfc 0xa5 0x49 0xec 0x10 0xf1 0x84 0x0f 0x37 0x10 0xb4 ])
10-27 15:25:29.320 D/BluetoothDevice(20109): getAddress: mAddress=XX:XX:XX:XX:E7:74
10-27 15:25:29.320 D/BluetoothDevice(20109): getAddress: mAddress=XX:XX:XX:XX:E7:74
10-27 15:25:29.320 I/NearbyConnections( 2038): Unable to record discovered endpoint due to null currentDiscoveryPhase
10-27 15:25:29.320 I/NearbyConnections( 2038): ClientProxy(93629406 0p:com.google.android.gms.nearby.sharing) reporting onEndpointFound(ZJ33)
10-27 15:25:29.320 I/NearbyConnections( 2038): ClientProxy(93629406) reporting onEndpointDistanceChanged(ZJ33, UNKNOWN)
10-27 15:25:29.322 I/NearbySharing( 2038): NearbySharing Internal event EndpointDiscovered(endpointId=ZJ33)
10-27 15:25:29.338 D/BluetoothDevice(20109): getAddress: mAddress=XX:XX:XX:XX:DC:EE
10-27 15:25:29.339 D/BluetoothDevice(20109): getAddress: mAddress=XX:XX:XX:XX:DC:EE
10-27 15:25:29.339 D/BluetoothDevice(20109): getAddress: mAddress=XX:XX:XX:XX:DC:EE
10-27 15:25:29.340 D/BluetoothDevice(20109): getAddress: mAddress=XX:XX:XX:XX:DC:EE
10-27 15:25:29.340 D/BluetoothDevice(20109): getAddress: mAddress=XX:XX:XX:XX:DC:EE
10-27 15:25:29.341 D/BluetoothDevice(20109): getAddress: mAddress=XX:XX:XX:XX:8F:52
10-27 15:25:29.341 D/BluetoothDevice(20109): getAddress: mAddress=XX:XX:XX:XX:8F:52
10-27 15:25:29.342 D/BluetoothDevice(20109): getAddress: mAddress=XX:XX:XX:XX:8F:52
10-27 15:25:29.342 D/BluetoothDevice(20109): getAddress: mAddress=XX:XX:XX:XX:8F:52
10-27 15:25:29.342 D/BluetoothDevice(20109): getAddress: mAddress=XX:XX:XX:XX:8F:52
10-27 15:25:29.345 D/BluetoothDevice(20109): getAddress: mAddress=XX:XX:XX:XX:5E:4F
10-27 15:25:29.345 D/BluetoothDevice(20109): getAddress: mAddress=XX:XX:XX:XX:5E:4F
10-27 15:25:29.345 D/BluetoothDevice(20109): getAddress: mAddress=XX:XX:XX:XX:5E:4F
10-27 15:25:29.345 D/BluetoothDevice(20109): getAddress: mAddress=XX:XX:XX:XX:5E:4F
10-27 15:25:29.346 D/BluetoothDevice(20109): getAddress: mAddress=XX:XX:XX:XX:5E:4F
10-27 15:25:29.551 D/connsyslogger( 1010): SD_LOG_ROOT is /data/debuglogger/connsyslog/fw.
10-27 15:25:29.551 D/connsyslogger( 1010): systemReady:1
10-27 15:25:29.571 W/ServiceManagerCppClient( 1061): Waited one second for vendor.mediatek.hardware.lbs.ILbs/mtk_lbs_log_v2s (is service started? Number of threads started in the threadpool: 1. Are binder threads started and available?)
10-27 15:25:29.575 W/libc    (  482): Unable to set property "ctl.interface_start" to "aidl/vendor.mediatek.hardware.lbs.ILbs/mtk_lbs_log_v2s": PROP_ERROR_HANDLE_CONTROL_MESSAGE (0x20)
10-27 15:25:30.071 I/libPerfCtl(  866): xgfGetFPS pid:896 fps:-1
10-27 15:25:30.071 I/libPerfCtl(  866): xgfGetFPS pid:2020 fps:-1
10-27 15:25:30.109 D/UiModeManager( 1300): updateConfigurationLocked: mDockState=0; mCarMode=false; mCar=false; mPowerSave=false; mOverrideNightModeOn=false; mOverrideNightModeOff=false; mComputedNightMode=false; mNightModeValue=1; uiMode=17
10-27 15:25:30.113 I/ProcAudioPowerManager( 4900): onBatteryChanged, onBattery is false
10-27 15:25:30.114 D/PowerCheckerService( 4900): onBatteryChanged, mBatteryLevel = 100, status = 2, level = 100, plug = 2, scale = 100
10-27 15:25:30.115 D/PowerKeeper.Thermal( 4900): mBatteryTemperature: 27
10-27 15:25:30.115 D/PowerKeeper.FrozenApp( 4900): onBatteryChanged plug=true mBatteryPlugged=2
10-27 15:25:30.116 I/PowerSaveService( 4564): onReceive: android.intent.action.BATTERY_CHANGED
10-27 15:25:30.116 I/PowerNoticeUI( 4564): handleBatteryChanged oldPlugType 2 mPlugType 2 oldBatteryLevel 100 mBatteryLevel 100 temperature 270
10-27 15:25:30.116 I/ChargerBatteryIntelligenceReceiver( 4564): onBatteryChanged temperature27,plugType:2
10-27 15:25:30.116 D/BaseChargeProtect_HighTemp( 4564): mCountByMinute:0,isScreenOn:true
10-27 15:25:30.273 D/BluetoothDevice(20109): getAddress: mAddress=XX:XX:XX:XX:F5:15
10-27 15:25:30.273 D/BluetoothDevice(20109): getAddress: mAddress=XX:XX:XX:XX:F5:15
10-27 15:25:30.274 D/BluetoothDevice(20109): getAddress: mAddress=XX:XX:XX:XX:F5:15
10-27 15:25:30.274 D/BluetoothDevice(20109): getAddress: mAddress=XX:XX:XX:XX:F5:15
10-27 15:25:30.274 D/BluetoothDevice(20109): getAddress: mAddress=XX:XX:XX:XX:F5:15
10-27 15:25:30.333 D/BluetoothDevice(20109): getAddress: mAddress=XX:XX:XX:XX:1B:66
10-27 15:25:30.333 D/BluetoothDevice(20109): getAddress: mAddress=XX:XX:XX:XX:1B:66
10-27 15:25:30.333 D/BluetoothDevice(20109): getAddress: mAddress=XX:XX:XX:XX:1B:66
10-27 15:25:30.334 D/BluetoothDevice(20109): getAddress: mAddress=XX:XX:XX:XX:1B:66
10-27 15:25:30.334 D/BluetoothDevice(20109): getAddress: mAddress=XX:XX:XX:XX:1B:66
10-27 15:25:30.350 I/hwservicemanager(  483): getTransport: Cannot find entry vendor.mediatek.hardware.mtkradioex@3.0::IMtkRadioEx/mtkSmartRatSwitch1 in either framework or device VINTF manifest.
10-27 15:25:30.355 D/BluetoothDevice(20109): getAddress: mAddress=XX:XX:XX:XX:F5:68
10-27 15:25:30.355 D/BluetoothDevice(20109): getAddress: mAddress=XX:XX:XX:XX:F5:68
10-27 15:25:30.355 D/BluetoothDevice(20109): getAddress: mAddress=XX:XX:XX:XX:F5:68
10-27 15:25:30.355 D/BluetoothDevice(20109): getAddress: mAddress=XX:XX:XX:XX:F5:68
10-27 15:25:30.355 D/BluetoothDevice(20109): getAddress: mAddress=XX:XX:XX:XX:F5:68
10-27 15:25:30.545 D/EMDLOGGER1( 1057): ccb_init_cond: wait required modem status time out
10-27 15:25:30.573 W/ServiceManagerCppClient( 1061): Waited one second for vendor.mediatek.hardware.lbs.ILbs/mtk_lbs_log_v2s (is service started? Number of threads started in the threadpool: 1. Are binder threads started and available?)
10-27 15:25:30.577 W/libc    (  482): Unable to set property "ctl.interface_start" to "aidl/vendor.mediatek.hardware.lbs.ILbs/mtk_lbs_log_v2s": PROP_ERROR_HANDLE_CONTROL_MESSAGE (0x20)
10-27 15:25:30.594 I/SmartPower: com.google.android.apps.tachyon/10182(7648)( 1300): idle->background(2376ms) R(broadcast start Intent { act=android.intent.action.BATTERY_CHANGED flg=0x60000010 (has extras) }) adj=905.
10-27 15:25:30.596 I/SmartPower: com.xiaomi.discover/10173(8860)( 1300): idle->background(2376ms) R(broadcast start Intent { act=android.intent.action.BATTERY_CHANGED flg=0x60000010 (has extras) }) adj=905.
10-27 15:25:30.599 I/SmartPower: com.facebook.orca/10386(31754)( 1300): idle->background(2378ms) R(broadcast start Intent { act=android.intent.action.BATTERY_CHANGED flg=0x60000010 (has extras) }) adj=905.
10-27 15:25:30.601 I/SmartPower: com.google.android.youtube/10200(29720)( 1300): idle->background(2378ms) R(broadcast start Intent { act=android.intent.action.BATTERY_CHANGED flg=0x60000010 (has extras) }) adj=905.
10-27 15:25:30.603 W/BroadcastQueue( 1300): Greezer Denial: sending Intent { act=android.intent.action.BATTERY_CHANGED flg=0x60000010 (has extras) }, action: android.intent.action.BATTERY_CHANGED from null (uid=1000) due to receiver ProcessRecord{9cc74cf 14673:com.abyss.abyssreader/u0a320} (uid 10320) need cached broadcast
10-27 15:25:30.603 W/BroadcastQueue( 1300): Greezer Denial: sending Intent { act=android.intent.action.BATTERY_CHANGED flg=0x60000010 (has extras) }, action: android.intent.action.BATTERY_CHANGED from null (uid=1000) due to receiver ProcessRecord{9cc74cf 14673:com.abyss.abyssreader/u0a320} (uid 10320) need cached broadcast
10-27 15:25:30.604 I/SmartPower: com.facebook.katana/10307(9576)( 1300): idle->background(2376ms) R(broadcast start Intent { act=android.intent.action.BATTERY_CHANGED flg=0x60000010 (has extras) }) adj=905.
10-27 15:25:30.764 I/hwservicemanager(  483): getTransport: Cannot find entry vendor.mediatek.hardware.mtkradioex@3.0::IMtkRadioEx/mtkCap1 in either framework or device VINTF manifest.
10-27 15:25:30.766 I/hwservicemanager(  483): getTransport: Cannot find entry vendor.mediatek.hardware.mtkradioex@2.0::IMtkRadioEx/mtkCap1 in either framework or device VINTF manifest.
10-27 15:25:30.771 I/hwservicemanager(  483): getTransport: Cannot find entry vendor.mediatek.hardware.mtkradioex@3.0::IMtkRadioEx/imsSlot1 in either framework or device VINTF manifest.
10-27 15:25:30.886 W/ProxyAndroidLoggerBackend( 5927): Too many Flogger logs received before configuration. Dropping old logs.
10-27 15:25:30.963 D/connsyslogger( 1010): data recycle:time out
10-27 15:25:30.963 D/connsyslogger( 1010): idx=0 Bootup Log: 2 log files! filecount=3 
10-27 15:25:30.972 I/thermal_repeater( 1091): socket -1
10-27 15:25:31.036 I/thermal_src( 1095): recvmsg_expect 5, but get 2 
10-27 15:25:31.037 V/thermal_src( 1095): TA_DAEMON_CMD_GET_TPCB:ERROR ret=-1
10-27 15:25:31.037 E/thermal_src( 1095): get_tpcb_from_kernel:error -1. retry...
10-27 15:25:31.037 I/thermal_src( 1095): recvmsg_expect 5, but get 2 
10-27 15:25:31.037 V/thermal_src( 1095): TA_DAEMON_CMD_GET_TPCB:ERROR ret=-1
10-27 15:25:31.037 E/thermal_src( 1095): get_tpcb_from_kernel:error -1. retry...
10-27 15:25:31.037 I/thermal_src( 1095): recvmsg_expect 5, but get 2 
10-27 15:25:31.037 V/thermal_src( 1095): TA_DAEMON_CMD_GET_TPCB:ERROR ret=-1
10-27 15:25:31.037 E/thermal_src( 1095): get_tpcb_from_kernel:error -1. retry...
10-27 15:25:31.037 I/thermal_src( 1095): recvmsg_expect 4, but get 5 
10-27 15:25:31.037 V/thermal_src( 1095): TA_DAEMON_CMD_SET_TTJ:ERROR ret=-1
10-27 15:25:31.037 E/thermal_src( 1095): set_ttj_to_kernel 1:error -1
10-27 15:25:31.037 I/thermal_src( 1095): recvmsg_expect 2, but get 5 
10-27 15:25:31.038 V/thermal_src( 1095): waiting NOTIFY from kernel miss, -1
10-27 15:25:31.038 I/thermal_src( 1095): recvmsg_expect 2, but get 5 
10-27 15:25:31.038 V/thermal_src( 1095): waiting NOTIFY from kernel miss, -1
10-27 15:25:31.038 I/thermal_src( 1095): recvmsg_expect 2, but get 4 
10-27 15:25:31.038 V/thermal_src( 1095): waiting NOTIFY from kernel miss, -1
10-27 15:25:31.071 I/libPerfCtl(  866): xgfGetFPS pid:2020 fps:-1
10-27 15:25:31.297 D/BluetoothDevice(20109): getAddress: mAddress=XX:XX:XX:XX:5E:4F
10-27 15:25:31.297 D/BluetoothDevice(20109): getAddress: mAddress=XX:XX:XX:XX:5E:4F
10-27 15:25:31.297 D/BluetoothDevice(20109): getAddress: mAddress=XX:XX:XX:XX:5E:4F
10-27 15:25:31.297 D/BluetoothDevice(20109): getAddress: mAddress=XX:XX:XX:XX:5E:4F
10-27 15:25:31.298 D/BluetoothDevice(20109): getAddress: mAddress=XX:XX:XX:XX:5E:4F
10-27 15:25:31.551 D/connsyslogger( 1010): SD_LOG_ROOT is /data/debuglogger/connsyslog/fw.
10-27 15:25:31.552 D/connsyslogger( 1010): systemReady:1
10-27 15:25:31.576 W/ServiceManagerCppClient( 1061): Waited one second for vendor.mediatek.hardware.lbs.ILbs/mtk_lbs_log_v2s (is service started? Number of threads started in the threadpool: 1. Are binder threads started and available?)
10-27 15:25:31.580 W/libc    (  482): Unable to set property "ctl.interface_start" to "aidl/vendor.mediatek.hardware.lbs.ILbs/mtk_lbs_log_v2s": PROP_ERROR_HANDLE_CONTROL_MESSAGE (0x20)
10-27 15:25:31.826 D/ControlCenterHeaderExpandController( 2020): onExpansionChanged: progress =  0.0
10-27 15:25:31.830 D/ControlCenterHeaderExpandController( 2020): onExpansionChanged: progress =  0.0
10-27 15:25:31.840 D/ControlCenterHeaderExpandController( 2020): onExpansionChanged: progress =  0.0
10-27 15:25:31.854 D/MiuiNetworkPolicy( 1300): updateLimit mLimitEnabled=true,enabled=false,mNetworkPriorityMode=0,mThermalForceMode=0
10-27 15:25:31.855 I/BufferQueueProducer(  896): [StatusBar#118](this:0xb400007146a25470,id:-1,api:0,p:-1,c:896) queueBuffer: fps=0.12 dur=8026.79 max=8026.79 min=8026.79
10-27 15:25:31.856 I/MiuiNetworkPolicy( 1300): getDisableLimitTimeout when thermal mode is:0
10-27 15:25:31.858 D/libcomposer_ext(  850): DeviceImplAidl::DeviceClientContextAidl::NotifyHwcComposition()
10-27 15:25:31.859 D/libcomposer_ext(  896): ClientCallbackAidl::asyncPerform(12)
10-27 15:25:31.859 D/libcomposer_ext(  896): ClientImplAidl::ParseNotifyHwcComposition()
10-27 15:25:31.859 I/SurfaceFlinger(  896): NotifyHwcComposition(), id 0, mode 1
10-27 15:25:31.860 I/hwcomposer(  850): [HWCDisplay] (0 updateFps():3644), (type:1, mode:2) fps:1.005387,dur:2983.93,max:2788.67,min:14.46  
10-27 15:25:31.860 D/ControlCenterHeaderExpandController( 2020): onExpansionChanged: progress =  0.0
10-27 15:25:31.860 I/hwcomposer(  850): [DBQ] (q2:0xb400006f9b41aa30) Buffer queue is created with size(3), m_id(608), q2  
10-27 15:25:31.861 I/hwcomposer(  850): [DBQ] (q2:0xb400006f9b41aa30) Reallocate Slot(0), pool(0 -> 0) size(0 -> 4288000) secure(0 -> 0)  
10-27 15:25:31.865 I/hwcomposer(  850): [DBQ] (q2:0xb400006f9b41aa30) Alloc Slot(0), handle=0xb400006fdb40d050 c=0 w=800 h=1340 p=800 ys=800 vs=1340 f=2 sec=0 sh=0, usage=0x800  
10-27 15:25:31.868 I/MI-SF   (  896): surfaceflinger setAffinity mode=0
10-27 15:25:31.869 E/MI-SF   (  896): surfaceflinger setAffinity success
10-27 15:25:31.979 I/hwcomposer(  850): [HWC] (0)fire a callback of refresh to SF[4]  
10-27 15:25:31.998 I/hwcomposer(  850): [HWCLayer] (0 id:608 setHwlayerType():746), release queue sp q2_608, type 3 -> 0  
10-27 15:25:31.998 I/hwcomposer(  850): [DBQ] (q2:0xb400006f9b41aa30) Buffer queue is destroyed, m_id(608)  
10-27 15:25:31.998 I/hwcomposer(  850): [DBQ] (q2:0xb400006f9b41aa30) ~DisplayBufferQueue(), m_id(608), release buf  
10-27 15:25:31.998 I/hwcomposer(  850): [DBQ] (q2:0xb400006f9b41aa30) Free Slot(0), handle=0xb400006fdb40d050, 4288000 -> 0  
10-27 15:25:31.999 D/libcomposer_ext(  850): DeviceImplAidl::DeviceClientContextAidl::NotifyHwcComposition()
10-27 15:25:31.999 D/libcomposer_ext(  896): ClientCallbackAidl::asyncPerform(12)
10-27 15:25:31.999 D/libcomposer_ext(  896): ClientImplAidl::ParseNotifyHwcComposition()
10-27 15:25:31.999 I/SurfaceFlinger(  896): NotifyHwcComposition(), id 0, mode 0
10-27 15:25:32.007 I/BufferQueueProducer(  896): [FramebufferSurface](this:0xb400006f767f08e0,id:-1,api:1,p:896,c:896) queueBuffer: fps=0.34 dur=2936.27 max=2936.27 min=2936.27
10-27 15:25:32.010 I/MI-SF   (  896): surfaceflinger setAffinity mode=1
10-27 15:25:32.011 E/MI-SF   (  896): surfaceflinger setAffinity success
10-27 15:25:32.011 I/MI-SF   (  896): surfaceflinger setreAffinity reTid=1142
10-27 15:25:32.011 E/MI-SF   (  896): surfaceflinger setAffinity success
10-27 15:25:32.071 I/libPerfCtl(  866): xgfGetFPS pid:896 fps:-1
10-27 15:25:32.072 I/libPerfCtl(  866): xgfGetFPS pid:2020 fps:-1
10-27 15:25:32.164 D/HyperStabilitySdkService( 1300): checkDmabufStatus done, exceedLimitsList:[], totalDmabufSize:0
10-27 15:25:32.281 D/BluetoothDevice(20109): getAddress: mAddress=XX:XX:XX:XX:5E:4F
10-27 15:25:32.281 D/BluetoothDevice(20109): getAddress: mAddress=XX:XX:XX:XX:5E:4F
10-27 15:25:32.281 D/BluetoothDevice(20109): getAddress: mAddress=XX:XX:XX:XX:5E:4F
10-27 15:25:32.281 D/BluetoothDevice(20109): getAddress: mAddress=XX:XX:XX:XX:5E:4F
10-27 15:25:32.281 D/BluetoothDevice(20109): getAddress: mAddress=XX:XX:XX:XX:5E:4F
10-27 15:25:32.288 D/BluetoothDevice(20109): getAddress: mAddress=XX:XX:XX:XX:F5:68
10-27 15:25:32.288 D/BluetoothDevice(20109): getAddress: mAddress=XX:XX:XX:XX:F5:68
10-27 15:25:32.288 D/BluetoothDevice(20109): getAddress: mAddress=XX:XX:XX:XX:F5:68
10-27 15:25:32.288 D/BluetoothDevice(20109): getAddress: mAddress=XX:XX:XX:XX:F5:68
10-27 15:25:32.289 D/BluetoothDevice(20109): getAddress: mAddress=XX:XX:XX:XX:F5:68
10-27 15:25:32.302 D/BluetoothDevice(20109): getAddress: mAddress=XX:XX:XX:XX:F5:15
10-27 15:25:32.303 D/BluetoothDevice(20109): getAddress: mAddress=XX:XX:XX:XX:F5:15
10-27 15:25:32.303 D/BluetoothDevice(20109): getAddress: mAddress=XX:XX:XX:XX:F5:15
10-27 15:25:32.303 D/BluetoothDevice(20109): getAddress: mAddress=XX:XX:XX:XX:F5:15
10-27 15:25:32.303 D/BluetoothDevice(20109): getAddress: mAddress=XX:XX:XX:XX:F5:15
10-27 15:25:32.305 D/BluetoothDevice(20109): getAddress: mAddress=XX:XX:XX:XX:1B:66
10-27 15:25:32.305 D/BluetoothDevice(20109): getAddress: mAddress=XX:XX:XX:XX:1B:66
10-27 15:25:32.305 D/BluetoothDevice(20109): getAddress: mAddress=XX:XX:XX:XX:1B:66
10-27 15:25:32.305 D/BluetoothDevice(20109): getAddress: mAddress=XX:XX:XX:XX:1B:66
10-27 15:25:32.306 D/BluetoothDevice(20109): getAddress: mAddress=XX:XX:XX:XX:1B:66
10-27 15:25:32.316 D/BluetoothDevice(20109): getAddress: mAddress=XX:XX:XX:XX:5E:4F
10-27 15:25:32.317 D/BluetoothDevice(20109): getAddress: mAddress=XX:XX:XX:XX:5E:4F
10-27 15:25:32.317 D/BluetoothDevice(20109): getAddress: mAddress=XX:XX:XX:XX:5E:4F
10-27 15:25:32.317 D/BluetoothDevice(20109): getAddress: mAddress=XX:XX:XX:XX:5E:4F
10-27 15:25:32.317 D/BluetoothDevice(20109): getAddress: mAddress=XX:XX:XX:XX:5E:4F
10-27 15:25:32.335 D/BluetoothDevice(20109): getAddress: mAddress=XX:XX:XX:XX:E7:74
10-27 15:25:32.335 D/BluetoothDevice(20109): getAddress: mAddress=XX:XX:XX:XX:E7:74
10-27 15:25:32.335 D/BluetoothDevice(20109): getAddress: mAddress=XX:XX:XX:XX:E7:74
10-27 15:25:32.336 D/BluetoothDevice(20109): getAddress: mAddress=XX:XX:XX:XX:E7:74
10-27 15:25:32.336 D/BluetoothDevice(20109): getAddress: mAddress=XX:XX:XX:XX:E7:74
10-27 15:25:32.347 D/BluetoothDevice(20109): getAddress: mAddress=XX:XX:XX:XX:5E:4F
10-27 15:25:32.348 D/BluetoothDevice(20109): getAddress: mAddress=XX:XX:XX:XX:5E:4F
10-27 15:25:32.348 D/BluetoothDevice(20109): getAddress: mAddress=XX:XX:XX:XX:5E:4F
10-27 15:25:32.348 D/BluetoothDevice(20109): getAddress: mAddress=XX:XX:XX:XX:5E:4F
10-27 15:25:32.348 D/BluetoothDevice(20109): getAddress: mAddress=XX:XX:XX:XX:5E:4F
10-27 15:25:32.545 D/EMDLOGGER1( 1057): ccb_init_cond: wait required modem status time out
10-27 15:25:32.579 W/ServiceManagerCppClient( 1061): Waited one second for vendor.mediatek.hardware.lbs.ILbs/mtk_lbs_log_v2s (is service started? Number of threads started in the threadpool: 1. Are binder threads started and available?)
10-27 15:25:32.582 W/libc    (  482): Unable to set property "ctl.interface_start" to "aidl/vendor.mediatek.hardware.lbs.ILbs/mtk_lbs_log_v2s": PROP_ERROR_HANDLE_CONTROL_MESSAGE (0x20)
10-27 15:25:32.978 W/ActivityManagerServiceImpl( 1300): Sending non-protected broadcast miui.intent.action.CYCLE_CHECK from system uid 1000 pkg android. Callers=com.android.server.am.ActivityManagerService.checkBroadcastFromSystem:16371 com.android.server.am.ActivityManagerService.broadcastIntentLockedTraced:17242 com.android.server.am.ActivityManagerService.broadcastIntentLocked:16431 com.android.server.am.ActivityManagerService.broadcastIntentInPackage:17503 com.android.server.am.ActivityManagerService$LocalService.broadcastIntentInPackage:20348 
10-27 15:25:32.987 E/JobScheduler.Background( 1300): Couldn't determine stopped state for unknown package: com.google.android.apps.turbo
10-27 15:25:32.988 E/JobScheduler.Background( 1300): Couldn't determine stopped state for unknown package: com.google.android.apps.turbo
10-27 15:25:32.988 E/JobScheduler.Background( 1300): Couldn't determine stopped state for unknown package: com.google.android.apps.turbo
10-27 15:25:32.989 E/JobScheduler.Background( 1300): Couldn't determine stopped state for unknown package: com.google.android.apps.turbo
10-27 15:25:32.989 I/vendor.xiaomi.hardware.micharge-service(  877): ReadFilePathValue path = /sys/class/power_supply/battery/temp value = 270
10-27 15:25:32.989 E/JobScheduler.Background( 1300): Couldn't determine stopped state for unknown package: com.google.android.apps.turbo
10-27 15:25:32.989 E/IMiCharge( 1300): MiCharge method 9 val = 270
10-27 15:25:32.992 I/vendor.xiaomi.hardware.micharge-service(  877): ReadFilePathValue path = /sys/class/power_supply/battery/charge_control_limit value = 0
10-27 15:25:32.992 E/IMiCharge( 1300): MiCharge method 10 val = 0
10-27 15:25:33.038 I/thermal_src( 1095): recvmsg_expect 5, but get 2 
10-27 15:25:33.038 V/thermal_src( 1095): TA_DAEMON_CMD_GET_TPCB:ERROR ret=-1
10-27 15:25:33.038 E/thermal_src( 1095): get_tpcb_from_kernel:error -1. retry...
10-27 15:25:33.038 I/thermal_src( 1095): recvmsg_expect 5, but get 2 
10-27 15:25:33.038 V/thermal_src( 1095): TA_DAEMON_CMD_GET_TPCB:ERROR ret=-1
10-27 15:25:33.038 E/thermal_src( 1095): get_tpcb_from_kernel:error -1. retry...
10-27 15:25:33.038 I/thermal_src( 1095): recvmsg_expect 5, but get 2 
10-27 15:25:33.038 V/thermal_src( 1095): TA_DAEMON_CMD_GET_TPCB:ERROR ret=-1
10-27 15:25:33.039 E/thermal_src( 1095): get_tpcb_from_kernel:error -1. retry...
10-27 15:25:33.039 I/thermal_src( 1095): recvmsg_expect 4, but get 5 
10-27 15:25:33.039 V/thermal_src( 1095): TA_DAEMON_CMD_SET_TTJ:ERROR ret=-1
10-27 15:25:33.039 E/thermal_src( 1095): set_ttj_to_kernel 1:error -1
10-27 15:25:33.039 I/thermal_src( 1095): recvmsg_expect 2, but get 5 
10-27 15:25:33.039 V/thermal_src( 1095): waiting NOTIFY from kernel miss, -1
10-27 15:25:33.039 I/thermal_src( 1095): recvmsg_expect 2, but get 5 
10-27 15:25:33.039 V/thermal_src( 1095): waiting NOTIFY from kernel miss, -1
10-27 15:25:33.039 I/thermal_src( 1095): recvmsg_expect 2, but get 4 
10-27 15:25:33.039 V/thermal_src( 1095): waiting NOTIFY from kernel miss, -1
10-27 15:25:33.276 D/BluetoothDevice(20109): getAddress: mAddress=XX:XX:XX:XX:F1:6C
10-27 15:25:33.276 D/BluetoothDevice(20109): getAddress: mAddress=XX:XX:XX:XX:F1:6C
10-27 15:25:33.276 D/BluetoothDevice(20109): getAddress: mAddress=XX:XX:XX:XX:F1:6C
10-27 15:25:33.277 D/BluetoothDevice(20109): getAddress: mAddress=XX:XX:XX:XX:F1:6C
10-27 15:25:33.277 D/BluetoothDevice(20109): getAddress: mAddress=XX:XX:XX:XX:F1:6C
10-27 15:25:33.285 D/BluetoothDevice(20109): getAddress: mAddress=XX:XX:XX:XX:5E:4F
10-27 15:25:33.285 D/BluetoothDevice(20109): getAddress: mAddress=XX:XX:XX:XX:5E:4F
10-27 15:25:33.286 D/BluetoothDevice(20109): getAddress: mAddress=XX:XX:XX:XX:5E:4F
10-27 15:25:33.286 D/BluetoothDevice(20109): getAddress: mAddress=XX:XX:XX:XX:5E:4F
10-27 15:25:33.286 D/BluetoothDevice(20109): getAddress: mAddress=XX:XX:XX:XX:5E:4F
10-27 15:25:33.309 D/BluetoothDevice(20109): getAddress: mAddress=XX:XX:XX:XX:83:99
10-27 15:25:33.309 D/BluetoothDevice(20109): getAddress: mAddress=XX:XX:XX:XX:83:99
10-27 15:25:33.309 D/BluetoothDevice(20109): getAddress: mAddress=XX:XX:XX:XX:83:99
10-27 15:25:33.310 D/BluetoothDevice(20109): getAddress: mAddress=XX:XX:XX:XX:83:99
10-27 15:25:33.310 D/BluetoothDevice(20109): getAddress: mAddress=XX:XX:XX:XX:83:99
10-27 15:25:33.350 D/BluetoothDevice(20109): getAddress: mAddress=XX:XX:XX:XX:8F:52
10-27 15:25:33.350 D/BluetoothDevice(20109): getAddress: mAddress=XX:XX:XX:XX:8F:52
10-27 15:25:33.350 D/BluetoothDevice(20109): getAddress: mAddress=XX:XX:XX:XX:8F:52
10-27 15:25:33.351 D/BluetoothDevice(20109): getAddress: mAddress=XX:XX:XX:XX:8F:52
10-27 15:25:33.351 D/BluetoothDevice(20109): getAddress: mAddress=XX:XX:XX:XX:8F:52
10-27 15:25:33.353 D/BluetoothDevice(20109): getAddress: mAddress=XX:XX:XX:XX:1B:66
10-27 15:25:33.353 D/BluetoothDevice(20109): getAddress: mAddress=XX:XX:XX:XX:1B:66
10-27 15:25:33.353 D/BluetoothDevice(20109): getAddress: mAddress=XX:XX:XX:XX:1B:66
10-27 15:25:33.353 D/BluetoothDevice(20109): getAddress: mAddress=XX:XX:XX:XX:1B:66
10-27 15:25:33.353 D/BluetoothDevice(20109): getAddress: mAddress=XX:XX:XX:XX:1B:66
10-27 15:25:33.553 D/connsyslogger( 1010): SD_LOG_ROOT is /data/debuglogger/connsyslog/fw.
10-27 15:25:33.553 D/connsyslogger( 1010): systemReady:1
10-27 15:25:33.581 W/ServiceManagerCppClient( 1061): Waited one second for vendor.mediatek.hardware.lbs.ILbs/mtk_lbs_log_v2s (is service started? Number of threads started in the threadpool: 1. Are binder threads started and available?)
10-27 15:25:33.585 W/libc    (  482): Unable to set property "ctl.interface_start" to "aidl/vendor.mediatek.hardware.lbs.ILbs/mtk_lbs_log_v2s": PROP_ERROR_HANDLE_CONTROL_MESSAGE (0x20)
10-27 15:25:33.596 I/SmartPower: com.google.android.apps.tachyon/10182(7648)( 1300): background->idle(3001ms) R(broadcast start Intent { act=android.intent.action.BATTERY_CHANGED flg=0x60000010 (has extras) }) adj=905.
10-27 15:25:33.596 I/SmartPower: com.xiaomi.discover/10173(8860)( 1300): background->idle(3001ms) R(broadcast start Intent { act=android.intent.action.BATTERY_CHANGED flg=0x60000010 (has extras) }) adj=905.
10-27 15:25:33.601 I/SmartPower: com.facebook.orca/10386(31754)( 1300): background->idle(3001ms) R(broadcast start Intent { act=android.intent.action.BATTERY_CHANGED flg=0x60000010 (has extras) }) adj=905.
10-27 15:25:33.602 I/SmartPower: com.google.android.youtube/10200(29720)( 1300): background->idle(3001ms) R(broadcast start Intent { act=android.intent.action.BATTERY_CHANGED flg=0x60000010 (has extras) }) adj=905.
10-27 15:25:33.605 I/SmartPower: com.facebook.katana/10307(9576)( 1300): background->idle(3001ms) R(broadcast start Intent { act=android.intent.action.BATTERY_CHANGED flg=0x60000010 (has extras) }) adj=905.
10-27 15:25:34.280 D/BluetoothDevice(20109): getAddress: mAddress=XX:XX:XX:XX:F1:6C
10-27 15:25:34.281 D/BluetoothDevice(20109): getAddress: mAddress=XX:XX:XX:XX:F1:6C
10-27 15:25:34.281 D/BluetoothDevice(20109): getAddress: mAddress=XX:XX:XX:XX:F1:6C
10-27 15:25:34.281 D/BluetoothDevice(20109): getAddress: mAddress=XX:XX:XX:XX:F1:6C
10-27 15:25:34.281 D/BluetoothDevice(20109): getAddress: mAddress=XX:XX:XX:XX:F1:6C
10-27 15:25:34.283 D/BluetoothDevice(20109): getAddress: mAddress=XX:XX:XX:XX:1B:66
10-27 15:25:34.283 D/BluetoothDevice(20109): getAddress: mAddress=XX:XX:XX:XX:1B:66
10-27 15:25:34.284 D/BluetoothDevice(20109): getAddress: mAddress=XX:XX:XX:XX:1B:66
10-27 15:25:34.284 D/BluetoothDevice(20109): getAddress: mAddress=XX:XX:XX:XX:1B:66
10-27 15:25:34.284 D/BluetoothDevice(20109): getAddress: mAddress=XX:XX:XX:XX:1B:66
10-27 15:25:34.292 D/BluetoothDevice(20109): getAddress: mAddress=XX:XX:XX:XX:F5:15
10-27 15:25:34.292 D/BluetoothDevice(20109): getAddress: mAddress=XX:XX:XX:XX:F5:15
10-27 15:25:34.292 D/BluetoothDevice(20109): getAddress: mAddress=XX:XX:XX:XX:F5:15
10-27 15:25:34.293 D/BluetoothDevice(20109): getAddress: mAddress=XX:XX:XX:XX:F5:15
10-27 15:25:34.293 D/BluetoothDevice(20109): getAddress: mAddress=XX:XX:XX:XX:F5:15
10-27 15:25:34.298 D/BluetoothDevice(20109): getAddress: mAddress=XX:XX:XX:XX:83:99
10-27 15:25:34.298 D/BluetoothDevice(20109): getAddress: mAddress=XX:XX:XX:XX:83:99
10-27 15:25:34.298 D/BluetoothDevice(20109): getAddress: mAddress=XX:XX:XX:XX:83:99
10-27 15:25:34.299 D/BluetoothDevice(20109): getAddress: mAddress=XX:XX:XX:XX:83:99
10-27 15:25:34.299 D/BluetoothDevice(20109): getAddress: mAddress=XX:XX:XX:XX:83:99
10-27 15:25:34.306 D/BluetoothDevice(20109): getAddress: mAddress=XX:XX:XX:XX:DC:EE
10-27 15:25:34.306 D/BluetoothDevice(20109): getAddress: mAddress=XX:XX:XX:XX:DC:EE
10-27 15:25:34.306 D/BluetoothDevice(20109): getAddress: mAddress=XX:XX:XX:XX:DC:EE
10-27 15:25:34.307 D/BluetoothDevice(20109): getAddress: mAddress=XX:XX:XX:XX:DC:EE
10-27 15:25:34.307 D/BluetoothDevice(20109): getAddress: mAddress=XX:XX:XX:XX:DC:EE
10-27 15:25:34.361 I/hwservicemanager(  483): getTransport: Cannot find entry vendor.mediatek.hardware.mtkradioex@3.0::IMtkRadioEx/mtkSmartRatSwitch1 in either framework or device VINTF manifest.
10-27 15:25:34.363 W/AudioALSACaptureDataProviderNormal(  844): readThread, latency_in_s,0.000001,0.039859,0.000102, totalTime 0.039962 > logTimeout 0.022000 TIMEOUT!!
10-27 15:25:34.546 D/EMDLOGGER1( 1057): ccb_init_cond: wait required modem status time out
10-27 15:25:34.584 W/ServiceManagerCppClient( 1061): Waited one second for vendor.mediatek.hardware.lbs.ILbs/mtk_lbs_log_v2s (is service started? Number of threads started in the threadpool: 1. Are binder threads started and available?)
10-27 15:25:34.588 W/libc    (  482): Unable to set property "ctl.interface_start" to "aidl/vendor.mediatek.hardware.lbs.ILbs/mtk_lbs_log_v2s": PROP_ERROR_HANDLE_CONTROL_MESSAGE (0x20)
10-27 15:25:34.775 I/hwservicemanager(  483): getTransport: Cannot find entry vendor.mediatek.hardware.mtkradioex@3.0::IMtkRadioEx/mtkCap1 in either framework or device VINTF manifest.
10-27 15:25:34.777 I/hwservicemanager(  483): getTransport: Cannot find entry vendor.mediatek.hardware.mtkradioex@2.0::IMtkRadioEx/mtkCap1 in either framework or device VINTF manifest.
10-27 15:25:34.781 I/hwservicemanager(  483): getTransport: Cannot find entry vendor.mediatek.hardware.mtkradioex@3.0::IMtkRadioEx/imsSlot1 in either framework or device VINTF manifest.
10-27 15:25:34.979 I/NearbyMediums( 2038): Found Fast Ble Advertisements :
10-27 15:25:34.979 I/NearbyMediums( 2038): BleAdvertisement { version=2, socketVersion=2, isFast=true, serviceIdHash=null, data=[ 0x23 0x52 0x30 0x57 0x4f 0x11 0x34 0x19 0x6d 0x6a 0x28 0x43 0x8a 0x52 0x44 0xdc 0xc8 0xfc 0x2e 0xca 0x7b 0xf3 0xe2 ], deviceToken=[ 0xe8 0xa4 ], rxAdvertisement=null } : 1 times.
10-27 15:25:34.979 I/NearbyMediums( 2038): BleAdvertisement { version=2, socketVersion=2, isFast=true, serviceIdHash=null, data=[ 0x23 0x5a 0x4a 0x33 0x33 0x11 0x32 0xf7 0x77 0xa2 0xac 0x58 0xfc 0xa5 0x49 0xec 0x10 0xf1 0x84 0x0f 0x37 0x10 0xb4 ], deviceToken=[ 0x54 0x05 ], rxAdvertisement=null } : 1 times.
10-27 15:25:34.979 I/NearbyMediums( 2038): BleAdvertisement { version=2, socketVersion=2, isFast=true, serviceIdHash=null, data=[ 0x23 0x47 0x33 0x39 0x43 0x11 0x32 0x2f 0x78 0xa7 0xd7 0xf5 0x84 0x4d 0x25 0x23 0x4b 0x3a 0x53 0xbe 0x2a 0x69 0x63 ], deviceToken=[ 0xbc 0xfd ], rxAdvertisement=null } : 2 times.
10-27 15:25:34.979 I/NearbyMediums( 2038): Total 4 fast advertisements from 3 unique advertisers.
10-27 15:25:34.980 I/NearbyMediums( 2038): Current Tracked Scanning Clients are : {NearbyConnections.EnvironmentMonitor, NearbySharing}
10-27 15:25:35.039 I/thermal_src( 1095): recvmsg_expect 5, but get 2 
10-27 15:25:35.039 V/thermal_src( 1095): TA_DAEMON_CMD_GET_TPCB:ERROR ret=-1
10-27 15:25:35.039 E/thermal_src( 1095): get_tpcb_from_kernel:error -1. retry...
10-27 15:25:35.039 I/thermal_src( 1095): recvmsg_expect 5, but get 2 
10-27 15:25:35.039 V/thermal_src( 1095): TA_DAEMON_CMD_GET_TPCB:ERROR ret=-1
10-27 15:25:35.039 E/thermal_src( 1095): get_tpcb_from_kernel:error -1. retry...
10-27 15:25:35.039 I/thermal_src( 1095): recvmsg_expect 5, but get 2 
10-27 15:25:35.040 V/thermal_src( 1095): TA_DAEMON_CMD_GET_TPCB:ERROR ret=-1
10-27 15:25:35.040 E/thermal_src( 1095): get_tpcb_from_kernel:error -1. retry...
10-27 15:25:35.040 I/thermal_src( 1095): recvmsg_expect 4, but get 5 
10-27 15:25:35.040 V/thermal_src( 1095): TA_DAEMON_CMD_SET_TTJ:ERROR ret=-1
10-27 15:25:35.040 E/thermal_src( 1095): set_ttj_to_kernel 1:error -1
10-27 15:25:35.040 I/thermal_src( 1095): recvmsg_expect 2, but get 5 
10-27 15:25:35.040 V/thermal_src( 1095): waiting NOTIFY from kernel miss, -1
10-27 15:25:35.040 I/thermal_src( 1095): recvmsg_expect 2, but get 5 
10-27 15:25:35.040 V/thermal_src( 1095): waiting NOTIFY from kernel miss, -1
10-27 15:25:35.040 I/thermal_src( 1095): recvmsg_expect 2, but get 4 
10-27 15:25:35.040 V/thermal_src( 1095): waiting NOTIFY from kernel miss, -1
10-27 15:25:35.283 I/bt_btif_dm(20109): btif_dm.cc:573 get_cod: remote_cod=0x00001f00
10-27 15:25:35.284 D/BluetoothDevice(20109): getAddress: mAddress=XX:XX:XX:XX:CA:4D
10-27 15:25:35.284 D/BluetoothDevice(20109): getAddress: mAddress=XX:XX:XX:XX:CA:4D
10-27 15:25:35.284 D/BluetoothDevice(20109): getAddress: mAddress=XX:XX:XX:XX:CA:4D
10-27 15:25:35.284 D/BluetoothDevice(20109): getAddress: mAddress=XX:XX:XX:XX:CA:4D
10-27 15:25:35.285 D/BluetoothDevice(20109): getAddress: mAddress=XX:XX:XX:XX:CA:4D
10-27 15:25:35.288 D/BluetoothDevice(20109): getAddress: mAddress=XX:XX:XX:XX:CA:4D
10-27 15:25:35.288 D/BluetoothDevice(20109): getAddress: mAddress=XX:XX:XX:XX:CA:4D
10-27 15:25:35.303 D/BluetoothDevice(20109): getAddress: mAddress=XX:XX:XX:XX:F1:6C
10-27 15:25:35.304 D/BluetoothDevice(20109): getAddress: mAddress=XX:XX:XX:XX:F1:6C
10-27 15:25:35.304 D/BluetoothDevice(20109): getAddress: mAddress=XX:XX:XX:XX:F1:6C
10-27 15:25:35.304 D/BluetoothDevice(20109): getAddress: mAddress=XX:XX:XX:XX:F1:6C
10-27 15:25:35.304 D/BluetoothDevice(20109): getAddress: mAddress=XX:XX:XX:XX:F1:6C
10-27 15:25:35.321 D/BluetoothDevice(20109): getAddress: mAddress=XX:XX:XX:XX:F5:15
10-27 15:25:35.321 D/BluetoothDevice(20109): getAddress: mAddress=XX:XX:XX:XX:F5:15
10-27 15:25:35.322 D/BluetoothDevice(20109): getAddress: mAddress=XX:XX:XX:XX:F5:15
10-27 15:25:35.322 D/BluetoothDevice(20109): getAddress: mAddress=XX:XX:XX:XX:F5:15
10-27 15:25:35.322 D/BluetoothDevice(20109): getAddress: mAddress=XX:XX:XX:XX:F5:15
10-27 15:25:35.341 D/BluetoothDevice(20109): getAddress: mAddress=XX:XX:XX:XX:67:2B
10-27 15:25:35.341 D/BluetoothDevice(20109): getAddress: mAddress=XX:XX:XX:XX:67:2B
10-27 15:25:35.341 I/bt_btif_dm(20109): btif_dm.cc:573 get_cod: remote_cod=0x00001f00
10-27 15:25:35.341 D/BluetoothDevice(20109): getAddress: mAddress=XX:XX:XX:XX:67:2B
10-27 15:25:35.341 D/BluetoothDevice(20109): getAddress: mAddress=XX:XX:XX:XX:67:2B
10-27 15:25:35.342 D/BluetoothDevice(20109): getAddress: mAddress=XX:XX:XX:XX:67:2B
10-27 15:25:35.344 D/BluetoothDevice(20109): getAddress: mAddress=XX:XX:XX:XX:67:2B
10-27 15:25:35.344 D/BluetoothDevice(20109): getAddress: mAddress=XX:XX:XX:XX:67:2B
10-27 15:25:35.345 D/BluetoothDevice(20109): getAddress: mAddress=XX:XX:XX:XX:1B:66
10-27 15:25:35.345 D/BluetoothDevice(20109): getAddress: mAddress=XX:XX:XX:XX:1B:66
10-27 15:25:35.345 D/BluetoothDevice(20109): getAddress: mAddress=XX:XX:XX:XX:1B:66
10-27 15:25:35.346 D/BluetoothDevice(20109): getAddress: mAddress=XX:XX:XX:XX:1B:66
10-27 15:25:35.346 D/BluetoothDevice(20109): getAddress: mAddress=XX:XX:XX:XX:1B:66
10-27 15:25:35.476 D/UiModeManager( 1300): updateConfigurationLocked: mDockState=0; mCarMode=false; mCar=false; mPowerSave=false; mOverrideNightModeOn=false; mOverrideNightModeOff=false; mComputedNightMode=false; mNightModeValue=1; uiMode=17
