10-27 15:25:35.480 D/PowerCheckerService( 4900): onBatteryChanged, mBatteryLevel = 100, status = 2, level = 100, plug = 2, scale = 100
10-27 15:25:35.481 I/ProcAudioPowerManager( 4900): onBatteryChanged, onBattery is false
10-27 15:25:35.481 D/PowerKeeper.FrozenApp( 4900): onBatteryChanged plug=true mBatteryPlugged=2
10-27 15:25:35.481 D/PowerKeeper.Thermal( 4900): mBatteryTemperature: 27
10-27 15:25:35.483 I/PowerSaveService( 4564): onReceive: android.intent.action.BATTERY_CHANGED
10-27 15:25:35.483 I/PowerNoticeUI( 4564): handleBatteryChanged oldPlugType 2 mPlugType 2 oldBatteryLevel 100 mBatteryLevel 100 temperature 270
10-27 15:25:35.484 I/ChargerBatteryIntelligenceReceiver( 4564): onBatteryChanged temperature27,plugType:2
10-27 15:25:35.484 D/BaseChargeProtect_HighTemp( 4564): mCountByMinute:0,isScreenOn:true
10-27 15:25:35.550 I/native  ( 5927): I0000 00:00:1761549935.550771    6021 soda_impl.cc:1885] Adding hotword timeout event
10-27 15:25:35.553 D/connsyslogger( 1010): SD_LOG_ROOT is /data/debuglogger/connsyslog/fw.
10-27 15:25:35.554 D/connsyslogger( 1010): systemReady:1
10-27 15:25:35.554 W/ProxyAndroidLoggerBackend( 5927): Too many Flogger logs received before configuration. Dropping old logs.
10-27 15:25:35.554 W/ProxyAndroidLoggerBackend( 5927): Too many Flogger logs received before configuration. Dropping old logs.
10-27 15:25:35.554 W/ProxyAndroidLoggerBackend( 5927): Too many Flogger logs received before configuration. Dropping old logs.
10-27 15:25:35.586 W/ServiceManagerCppClient( 1061): Waited one second for vendor.mediatek.hardware.lbs.ILbs/mtk_lbs_log_v2s (is service started? Number of threads started in the threadpool: 1. Are binder threads started and available?)
10-27 15:25:35.590 W/libc    (  482): Unable to set property "ctl.interface_start" to "aidl/vendor.mediatek.hardware.lbs.ILbs/mtk_lbs_log_v2s": PROP_ERROR_HANDLE_CONTROL_MESSAGE (0x20)
10-27 15:25:35.846 D/ControlCenterHeaderExpandController( 2020): onExpansionChanged: progress =  0.0
10-27 15:25:35.849 D/ControlCenterHeaderExpandController( 2020): onExpansionChanged: progress =  0.0
10-27 15:25:35.862 D/ControlCenterHeaderExpandController( 2020): onExpansionChanged: progress =  0.0
10-27 15:25:35.877 I/BufferQueueProducer(  896): [StatusBar#118](this:0xb400007146a25470,id:-1,api:0,p:-1,c:896) queueBuffer: fps=0.25 dur=4021.62 max=4021.62 min=4021.62
10-27 15:25:35.880 D/libcomposer_ext(  850): DeviceImplAidl::DeviceClientContextAidl::NotifyHwcComposition()
10-27 15:25:35.881 D/libcomposer_ext(  896): ClientCallbackAidl::asyncPerform(12)
10-27 15:25:35.881 D/libcomposer_ext(  896): ClientImplAidl::ParseNotifyHwcComposition()
10-27 15:25:35.881 I/SurfaceFlinger(  896): NotifyHwcComposition(), id 0, mode 1
10-27 15:25:35.881 I/hwcomposer(  850): [HWCDisplay] (0 updateFps():3644), (type:1, mode:2) fps:0.497331,dur:4021.47,max:3873.77,min:147.70  
10-27 15:25:35.882 D/ControlCenterHeaderExpandController( 2020): onExpansionChanged: progress =  0.0
10-27 15:25:35.882 I/hwcomposer(  850): [DBQ] (q2:0xb400006f9b41aa30) Buffer queue is created with size(3), m_id(608), q2  
10-27 15:25:35.882 I/hwcomposer(  850): [DBQ] (q2:0xb400006f9b41aa30) Reallocate Slot(0), pool(0 -> 0) size(0 -> 4288000) secure(0 -> 0)  
10-27 15:25:35.886 I/hwcomposer(  850): [DBQ] (q2:0xb400006f9b41aa30) Alloc Slot(0), handle=0xb400006fdb407dd0 c=0 w=800 h=1340 p=800 ys=800 vs=1340 f=2 sec=0 sh=0, usage=0x800  
10-27 15:25:35.889 I/MI-SF   (  896): surfaceflinger setAffinity mode=0
10-27 15:25:35.889 E/MI-SF   (  896): surfaceflinger setAffinity success
10-27 15:25:35.967 I/SmartPower: com.google.android.apps.tachyon/10182(7648)( 1300): idle->background(2371ms) R(broadcast start Intent { act=android.intent.action.BATTERY_CHANGED flg=0x60000010 (has extras) }) adj=905.
10-27 15:25:35.968 I/SmartPower: com.xiaomi.discover/10173(8860)( 1300): idle->background(2372ms) R(broadcast start Intent { act=android.intent.action.BATTERY_CHANGED flg=0x60000010 (has extras) }) adj=905.
10-27 15:25:35.971 I/SmartPower: com.facebook.orca/10386(31754)( 1300): idle->background(2371ms) R(broadcast start Intent { act=android.intent.action.BATTERY_CHANGED flg=0x60000010 (has extras) }) adj=905.
10-27 15:25:35.973 I/thermal_repeater( 1091): socket -1
10-27 15:25:35.974 I/SmartPower: com.google.android.youtube/10200(29720)( 1300): idle->background(2371ms) R(broadcast start Intent { act=android.intent.action.BATTERY_CHANGED flg=0x60000010 (has extras) }) adj=905.
10-27 15:25:35.975 W/BroadcastQueue( 1300): Greezer Denial: sending Intent { act=android.intent.action.BATTERY_CHANGED flg=0x60000010 (has extras) }, action: android.intent.action.BATTERY_CHANGED from null (uid=1000) due to receiver ProcessRecord{9cc74cf 14673:com.abyss.abyssreader/u0a320} (uid 10320) need cached broadcast
10-27 15:25:35.976 W/BroadcastQueue( 1300): Greezer Denial: sending Intent { act=android.intent.action.BATTERY_CHANGED flg=0x60000010 (has extras) }, action: android.intent.action.BATTERY_CHANGED from null (uid=1000) due to receiver ProcessRecord{9cc74cf 14673:com.abyss.abyssreader/u0a320} (uid 10320) need cached broadcast
10-27 15:25:35.976 I/SmartPower: com.facebook.katana/10307(9576)( 1300): idle->background(2372ms) R(broadcast start Intent { act=android.intent.action.BATTERY_CHANGED flg=0x60000010 (has extras) }) adj=905.
10-27 15:25:36.002 I/hwcomposer(  850): [HWC] (0)fire a callback of refresh to SF[4]  
10-27 15:25:36.019 I/hwcomposer(  850): [HWCLayer] (0 id:608 setHwlayerType():746), release queue sp q2_608, type 3 -> 0  
10-27 15:25:36.019 I/hwcomposer(  850): [DBQ] (q2:0xb400006f9b41aa30) Buffer queue is destroyed, m_id(608)  
10-27 15:25:36.019 I/hwcomposer(  850): [DBQ] (q2:0xb400006f9b41aa30) ~DisplayBufferQueue(), m_id(608), release buf  
10-27 15:25:36.020 I/hwcomposer(  850): [DBQ] (q2:0xb400006f9b41aa30) Free Slot(0), handle=0xb400006fdb407dd0, 4288000 -> 0  
10-27 15:25:36.020 D/libcomposer_ext(  850): DeviceImplAidl::DeviceClientContextAidl::NotifyHwcComposition()
10-27 15:25:36.020 D/libcomposer_ext(  896): ClientCallbackAidl::asyncPerform(12)
10-27 15:25:36.021 D/libcomposer_ext(  896): ClientImplAidl::ParseNotifyHwcComposition()
10-27 15:25:36.021 I/SurfaceFlinger(  896): NotifyHwcComposition(), id 0, mode 0
10-27 15:25:36.028 I/BufferQueueProducer(  896): [FramebufferSurface](this:0xb400006f767f08e0,id:-1,api:1,p:896,c:896) queueBuffer: fps=0.25 dur=4021.08 max=4021.08 min=4021.08
10-27 15:25:36.031 I/MI-SF   (  896): surfaceflinger setAffinity mode=1
10-27 15:25:36.032 E/MI-SF   (  896): surfaceflinger setAffinity success
10-27 15:25:36.032 I/MI-SF   (  896): surfaceflinger setreAffinity reTid=1142
10-27 15:25:36.032 E/MI-SF   (  896): surfaceflinger setAffinity success
10-27 15:25:36.277 D/BluetoothDevice(20109): getAddress: mAddress=XX:XX:XX:XX:BB:31
10-27 15:25:36.277 D/BluetoothDevice(20109): getAddress: mAddress=XX:XX:XX:XX:BB:31
10-27 15:25:36.277 I/bt_btif_dm(20109): btif_dm.cc:573 get_cod: remote_cod=0x00001f00
10-27 15:25:36.278 D/BluetoothDevice(20109): getAddress: mAddress=XX:XX:XX:XX:BB:31
10-27 15:25:36.278 D/BluetoothDevice(20109): getAddress: mAddress=XX:XX:XX:XX:BB:31
10-27 15:25:36.278 D/BluetoothDevice(20109): getAddress: mAddress=XX:XX:XX:XX:BB:31
10-27 15:25:36.280 D/BluetoothDevice(20109): getAddress: mAddress=XX:XX:XX:XX:BB:31
10-27 15:25:36.280 D/BluetoothDevice(20109): getAddress: mAddress=XX:XX:XX:XX:BB:31
10-27 15:25:36.284 D/BluetoothDevice(20109): getAddress: mAddress=XX:XX:XX:XX:1B:66
10-27 15:25:36.285 D/BluetoothDevice(20109): getAddress: mAddress=XX:XX:XX:XX:1B:66
10-27 15:25:36.285 D/BluetoothDevice(20109): getAddress: mAddress=XX:XX:XX:XX:1B:66
10-27 15:25:36.285 D/BluetoothDevice(20109): getAddress: mAddress=XX:XX:XX:XX:1B:66
10-27 15:25:36.285 D/BluetoothDevice(20109): getAddress: mAddress=XX:XX:XX:XX:1B:66
10-27 15:25:36.293 D/BluetoothDevice(20109): getAddress: mAddress=XX:XX:XX:XX:5E:4F
10-27 15:25:36.293 D/BluetoothDevice(20109): getAddress: mAddress=XX:XX:XX:XX:5E:4F
10-27 15:25:36.293 D/BluetoothDevice(20109): getAddress: mAddress=XX:XX:XX:XX:5E:4F
10-27 15:25:36.294 D/BluetoothDevice(20109): getAddress: mAddress=XX:XX:XX:XX:5E:4F
10-27 15:25:36.294 D/BluetoothDevice(20109): getAddress: mAddress=XX:XX:XX:XX:5E:4F
10-27 15:25:36.319 D/BluetoothDevice(20109): getAddress: mAddress=XX:XX:XX:XX:F1:6C
10-27 15:25:36.319 D/BluetoothDevice(20109): getAddress: mAddress=XX:XX:XX:XX:F1:6C
10-27 15:25:36.320 D/BluetoothDevice(20109): getAddress: mAddress=XX:XX:XX:XX:F1:6C
10-27 15:25:36.320 D/BluetoothDevice(20109): getAddress: mAddress=XX:XX:XX:XX:F1:6C
10-27 15:25:36.320 D/BluetoothDevice(20109): getAddress: mAddress=XX:XX:XX:XX:F1:6C
10-27 15:25:36.325 D/BluetoothDevice(20109): getAddress: mAddress=XX:XX:XX:XX:C9:59
10-27 15:25:36.325 D/BluetoothDevice(20109): getAddress: mAddress=XX:XX:XX:XX:C9:59
10-27 15:25:36.325 D/BluetoothDevice(20109): getAddress: mAddress=XX:XX:XX:XX:C9:59
10-27 15:25:36.326 D/BluetoothDevice(20109): getAddress: mAddress=XX:XX:XX:XX:C9:59
10-27 15:25:36.326 D/BluetoothDevice(20109): getAddress: mAddress=XX:XX:XX:XX:C9:59
10-27 15:25:36.345 D/BluetoothDevice(20109): getAddress: mAddress=XX:XX:XX:XX:83:99
10-27 15:25:36.346 D/BluetoothDevice(20109): getAddress: mAddress=XX:XX:XX:XX:83:99
10-27 15:25:36.346 D/BluetoothDevice(20109): getAddress: mAddress=XX:XX:XX:XX:83:99
10-27 15:25:36.346 D/BluetoothDevice(20109): getAddress: mAddress=XX:XX:XX:XX:83:99
10-27 15:25:36.346 D/BluetoothDevice(20109): getAddress: mAddress=XX:XX:XX:XX:83:99
10-27 15:25:36.547 D/EMDLOGGER1( 1057): ccb_init_cond: wait required modem status time out
10-27 15:25:36.589 W/ServiceManagerCppClient( 1061): Waited one second for vendor.mediatek.hardware.lbs.ILbs/mtk_lbs_log_v2s (is service started? Number of threads started in the threadpool: 1. Are binder threads started and available?)
10-27 15:25:36.591 W/libc    (  482): Unable to set property "ctl.interface_start" to "aidl/vendor.mediatek.hardware.lbs.ILbs/mtk_lbs_log_v2s": PROP_ERROR_HANDLE_CONTROL_MESSAGE (0x20)
10-27 15:25:36.662 W/AudioALSACaptureDataProviderNormal(  844): readThread, latency_in_s,0.000001,0.039696,0.000065, totalTime 0.039762 > logTimeout 0.022000 TIMEOUT!!
10-27 15:25:36.856 D/MiuiNetworkPolicy( 1300): updateLimit mLimitEnabled=false,enabled=true,mNetworkPriorityMode=0,mThermalForceMode=0
10-27 15:25:36.857 I/MiuiNetworkPolicy( 1300): getEnableLimitTimeout when thermal mode is:0
10-27 15:25:36.862 I/libPerfCtl(  866): xgfGetFPS pid:896 fps:-1
10-27 15:25:36.862 I/libPerfCtl(  866): xgfGetFPS pid:2020 fps:-1
10-27 15:25:37.040 I/thermal_src( 1095): recvmsg_expect 5, but get 2 
10-27 15:25:37.040 V/thermal_src( 1095): TA_DAEMON_CMD_GET_TPCB:ERROR ret=-1
10-27 15:25:37.040 E/thermal_src( 1095): get_tpcb_from_kernel:error -1. retry...
10-27 15:25:37.040 I/thermal_src( 1095): recvmsg_expect 5, but get 2 
10-27 15:25:37.040 V/thermal_src( 1095): TA_DAEMON_CMD_GET_TPCB:ERROR ret=-1
10-27 15:25:37.041 E/thermal_src( 1095): get_tpcb_from_kernel:error -1. retry...
10-27 15:25:37.041 I/thermal_src( 1095): recvmsg_expect 5, but get 2 
10-27 15:25:37.041 V/thermal_src( 1095): TA_DAEMON_CMD_GET_TPCB:ERROR ret=-1
10-27 15:25:37.041 E/thermal_src( 1095): get_tpcb_from_kernel:error -1. retry...
10-27 15:25:37.041 I/thermal_src( 1095): recvmsg_expect 4, but get 5 
10-27 15:25:37.041 V/thermal_src( 1095): TA_DAEMON_CMD_SET_TTJ:ERROR ret=-1
10-27 15:25:37.041 E/thermal_src( 1095): set_ttj_to_kernel 1:error -1
10-27 15:25:37.041 I/thermal_src( 1095): recvmsg_expect 2, but get 5 
10-27 15:25:37.041 V/thermal_src( 1095): waiting NOTIFY from kernel miss, -1
10-27 15:25:37.041 I/thermal_src( 1095): recvmsg_expect 2, but get 5 
10-27 15:25:37.041 V/thermal_src( 1095): waiting NOTIFY from kernel miss, -1
10-27 15:25:37.041 I/thermal_src( 1095): recvmsg_expect 2, but get 4 
10-27 15:25:37.041 V/thermal_src( 1095): waiting NOTIFY from kernel miss, -1
10-27 15:25:37.286 D/BluetoothDevice(20109): getAddress: mAddress=XX:XX:XX:XX:DC:2A
10-27 15:25:37.287 D/BluetoothDevice(20109): getAddress: mAddress=XX:XX:XX:XX:DC:2A
10-27 15:25:37.287 I/bt_btif_dm(20109): btif_dm.cc:573 get_cod: remote_cod=0x00001f00
10-27 15:25:37.287 D/BluetoothDevice(20109): getAddress: mAddress=XX:XX:XX:XX:DC:2A
10-27 15:25:37.287 D/BluetoothDevice(20109): getAddress: mAddress=XX:XX:XX:XX:DC:2A
10-27 15:25:37.287 D/BluetoothDevice(20109): getAddress: mAddress=XX:XX:XX:XX:DC:2A
10-27 15:25:37.294 D/BluetoothDevice(20109): getAddress: mAddress=XX:XX:XX:XX:62:E9
10-27 15:25:37.294 D/BluetoothDevice(20109): getAddress: mAddress=XX:XX:XX:XX:62:E9
10-27 15:25:37.294 D/BluetoothDevice(20109): getAddress: mAddress=XX:XX:XX:XX:62:E9
10-27 15:25:37.295 D/BluetoothDevice(20109): getAddress: mAddress=XX:XX:XX:XX:62:E9
10-27 15:25:37.295 D/BluetoothDevice(20109): getAddress: mAddress=XX:XX:XX:XX:62:E9
10-27 15:25:37.320 D/BluetoothDevice(20109): getAddress: mAddress=XX:XX:XX:XX:F5:15
10-27 15:25:37.320 D/BluetoothDevice(20109): getAddress: mAddress=XX:XX:XX:XX:F5:15
10-27 15:25:37.321 D/BluetoothDevice(20109): getAddress: mAddress=XX:XX:XX:XX:F5:15
10-27 15:25:37.321 D/BluetoothDevice(20109): getAddress: mAddress=XX:XX:XX:XX:F5:15
10-27 15:25:37.321 D/BluetoothDevice(20109): getAddress: mAddress=XX:XX:XX:XX:F5:15
10-27 15:25:37.323 D/BluetoothDevice(20109): getAddress: mAddress=XX:XX:XX:XX:1B:66
10-27 15:25:37.324 D/BluetoothDevice(20109): getAddress: mAddress=XX:XX:XX:XX:1B:66
10-27 15:25:37.324 D/BluetoothDevice(20109): getAddress: mAddress=XX:XX:XX:XX:1B:66
10-27 15:25:37.324 D/BluetoothDevice(20109): getAddress: mAddress=XX:XX:XX:XX:1B:66
10-27 15:25:37.325 D/BluetoothDevice(20109): getAddress: mAddress=XX:XX:XX:XX:1B:66
10-27 15:25:37.331 D/BluetoothDevice(20109): getAddress: mAddress=XX:XX:XX:XX:DC:EE
10-27 15:25:37.331 D/BluetoothDevice(20109): getAddress: mAddress=XX:XX:XX:XX:DC:EE
10-27 15:25:37.331 D/BluetoothDevice(20109): getAddress: mAddress=XX:XX:XX:XX:DC:EE
10-27 15:25:37.332 D/BluetoothDevice(20109): getAddress: mAddress=XX:XX:XX:XX:DC:EE
10-27 15:25:37.332 D/BluetoothDevice(20109): getAddress: mAddress=XX:XX:XX:XX:DC:EE
10-27 15:25:37.337 D/BluetoothDevice(20109): getAddress: mAddress=XX:XX:XX:XX:F1:6C
10-27 15:25:37.337 D/BluetoothDevice(20109): getAddress: mAddress=XX:XX:XX:XX:F1:6C
10-27 15:25:37.337 D/BluetoothDevice(20109): getAddress: mAddress=XX:XX:XX:XX:F1:6C
10-27 15:25:37.337 D/BluetoothDevice(20109): getAddress: mAddress=XX:XX:XX:XX:F1:6C
10-27 15:25:37.337 D/BluetoothDevice(20109): getAddress: mAddress=XX:XX:XX:XX:F1:6C
10-27 15:25:37.554 D/connsyslogger( 1010): SD_LOG_ROOT is /data/debuglogger/connsyslog/fw.
10-27 15:25:37.555 D/connsyslogger( 1010): systemReady:1
10-27 15:25:37.590 W/ServiceManagerCppClient( 1061): Waited one second for vendor.mediatek.hardware.lbs.ILbs/mtk_lbs_log_v2s (is service started? Number of threads started in the threadpool: 1. Are binder threads started and available?)
10-27 15:25:37.594 W/libc    (  482): Unable to set property "ctl.interface_start" to "aidl/vendor.mediatek.hardware.lbs.ILbs/mtk_lbs_log_v2s": PROP_ERROR_HANDLE_CONTROL_MESSAGE (0x20)
10-27 15:25:37.862 I/libPerfCtl(  866): xgfGetFPS pid:2020 fps:-1
10-27 15:25:38.308 D/BluetoothDevice(20109): getAddress: mAddress=XX:XX:XX:XX:DC:2A
10-27 15:25:38.308 D/BluetoothDevice(20109): getAddress: mAddress=XX:XX:XX:XX:DC:2A
10-27 15:25:38.308 I/bt_btif_dm(20109): btif_dm.cc:573 get_cod: remote_cod=0x00001f00
10-27 15:25:38.309 D/BluetoothDevice(20109): getAddress: mAddress=XX:XX:XX:XX:DC:2A
10-27 15:25:38.309 D/BluetoothDevice(20109): getAddress: mAddress=XX:XX:XX:XX:DC:2A
10-27 15:25:38.309 D/BluetoothDevice(20109): getAddress: mAddress=XX:XX:XX:XX:DC:2A
10-27 15:25:38.311 D/BluetoothDevice(20109): getAddress: mAddress=XX:XX:XX:XX:62:E9
10-27 15:25:38.311 D/BluetoothDevice(20109): getAddress: mAddress=XX:XX:XX:XX:62:E9
10-27 15:25:38.312 D/BluetoothDevice(20109): getAddress: mAddress=XX:XX:XX:XX:62:E9
10-27 15:25:38.312 D/BluetoothDevice(20109): getAddress: mAddress=XX:XX:XX:XX:62:E9
10-27 15:25:38.312 D/BluetoothDevice(20109): getAddress: mAddress=XX:XX:XX:XX:62:E9
10-27 15:25:38.326 D/BluetoothDevice(20109): getAddress: mAddress=XX:XX:XX:XX:C9:59
10-27 15:25:38.327 D/BluetoothDevice(20109): getAddress: mAddress=XX:XX:XX:XX:C9:59
10-27 15:25:38.327 D/BluetoothDevice(20109): getAddress: mAddress=XX:XX:XX:XX:C9:59
10-27 15:25:38.327 D/BluetoothDevice(20109): getAddress: mAddress=XX:XX:XX:XX:C9:59
10-27 15:25:38.327 D/BluetoothDevice(20109): getAddress: mAddress=XX:XX:XX:XX:C9:59
10-27 15:25:38.332 D/BluetoothDevice(20109): getAddress: mAddress=XX:XX:XX:XX:E3:96
10-27 15:25:38.333 D/BluetoothDevice(20109): getAddress: mAddress=XX:XX:XX:XX:E3:96
10-27 15:25:38.333 D/BluetoothDevice(20109): getAddress: mAddress=XX:XX:XX:XX:E3:96
10-27 15:25:38.333 D/BluetoothDevice(20109): getAddress: mAddress=XX:XX:XX:XX:E3:96
10-27 15:25:38.333 D/BluetoothDevice(20109): getAddress: mAddress=XX:XX:XX:XX:E3:96
10-27 15:25:38.350 D/BluetoothDevice(20109): getAddress: mAddress=XX:XX:XX:XX:F5:68
10-27 15:25:38.351 D/BluetoothDevice(20109): getAddress: mAddress=XX:XX:XX:XX:F5:68
10-27 15:25:38.351 D/BluetoothDevice(20109): getAddress: mAddress=XX:XX:XX:XX:F5:68
10-27 15:25:38.351 D/BluetoothDevice(20109): getAddress: mAddress=XX:XX:XX:XX:F5:68
10-27 15:25:38.351 D/BluetoothDevice(20109): getAddress: mAddress=XX:XX:XX:XX:F5:68
10-27 15:25:38.353 D/BluetoothDevice(20109): getAddress: mAddress=XX:XX:XX:XX:AE:8D
10-27 15:25:38.353 D/BluetoothDevice(20109): getAddress: mAddress=XX:XX:XX:XX:AE:8D
10-27 15:25:38.353 D/BluetoothDevice(20109): getAddress: mAddress=XX:XX:XX:XX:AE:8D
10-27 15:25:38.353 D/BluetoothDevice(20109): getAddress: mAddress=XX:XX:XX:XX:AE:8D
10-27 15:25:38.354 D/BluetoothDevice(20109): getAddress: mAddress=XX:XX:XX:XX:AE:8D
10-27 15:25:38.367 I/hwservicemanager(  483): getTransport: Cannot find entry vendor.mediatek.hardware.mtkradioex@3.0::IMtkRadioEx/mtkSmartRatSwitch1 in either framework or device VINTF manifest.
10-27 15:25:38.547 D/EMDLOGGER1( 1057): ccb_init_cond: wait required modem status time out
10-27 15:25:38.569 D/IpClient/wlan0( 1893): interfaceLinkStateChanged: ifindex 15 up
10-27 15:25:38.593 W/ServiceManagerCppClient( 1061): Waited one second for vendor.mediatek.hardware.lbs.ILbs/mtk_lbs_log_v2s (is service started? Number of threads started in the threadpool: 1. Are binder threads started and available?)
10-27 15:25:38.597 W/libc    (  482): Unable to set property "ctl.interface_start" to "aidl/vendor.mediatek.hardware.lbs.ILbs/mtk_lbs_log_v2s": PROP_ERROR_HANDLE_CONTROL_MESSAGE (0x20)
10-27 15:25:38.785 I/hwservicemanager(  483): getTransport: Cannot find entry vendor.mediatek.hardware.mtkradioex@3.0::IMtkRadioEx/mtkCap1 in either framework or device VINTF manifest.
10-27 15:25:38.788 I/hwservicemanager(  483): getTransport: Cannot find entry vendor.mediatek.hardware.mtkradioex@2.0::IMtkRadioEx/mtkCap1 in either framework or device VINTF manifest.
10-27 15:25:38.792 I/hwservicemanager(  483): getTransport: Cannot find entry vendor.mediatek.hardware.mtkradioex@3.0::IMtkRadioEx/imsSlot1 in either framework or device VINTF manifest.
10-27 15:25:38.863 I/libPerfCtl(  866): xgfGetFPS pid:2020 fps:-1
10-27 15:25:38.969 I/SmartPower: com.google.android.apps.tachyon/10182(7648)( 1300): background->idle(3002ms) R(broadcast start Intent { act=android.intent.action.BATTERY_CHANGED flg=0x60000010 (has extras) }) adj=905.
10-27 15:25:38.969 I/SmartPower: com.xiaomi.discover/10173(8860)( 1300): background->idle(3001ms) R(broadcast start Intent { act=android.intent.action.BATTERY_CHANGED flg=0x60000010 (has extras) }) adj=905.
10-27 15:25:38.973 I/SmartPower: com.facebook.orca/10386(31754)( 1300): background->idle(3001ms) R(broadcast start Intent { act=android.intent.action.BATTERY_CHANGED flg=0x60000010 (has extras) }) adj=905.
10-27 15:25:38.975 I/SmartPower: com.google.android.youtube/10200(29720)( 1300): background->idle(3002ms) R(broadcast start Intent { act=android.intent.action.BATTERY_CHANGED flg=0x60000010 (has extras) }) adj=905.
10-27 15:25:38.977 I/SmartPower: com.facebook.katana/10307(9576)( 1300): background->idle(3001ms) R(broadcast start Intent { act=android.intent.action.BATTERY_CHANGED flg=0x60000010 (has extras) }) adj=905.
10-27 15:25:39.034 D/MBrainLocalService( 1300): isVendorFreezeConditionPass is false
10-27 15:25:39.034 D/MBrainLocalService( 1300): notifyNetworkChange failed
10-27 15:25:39.041 I/thermal_src( 1095): recvmsg_expect 5, but get 2 
10-27 15:25:39.041 V/thermal_src( 1095): TA_DAEMON_CMD_GET_TPCB:ERROR ret=-1
10-27 15:25:39.041 E/thermal_src( 1095): get_tpcb_from_kernel:error -1. retry...
10-27 15:25:39.041 I/thermal_src( 1095): recvmsg_expect 4, but get 5 
10-27 15:25:39.041 V/thermal_src( 1095): TA_DAEMON_CMD_SET_TTJ:ERROR ret=-1
10-27 15:25:39.041 E/thermal_src( 1095): set_ttj_to_kernel 1:error -1
10-27 15:25:39.041 I/thermal_src( 1095): recvmsg_expect 5, but get 4 
10-27 15:25:39.041 V/thermal_src( 1095): TA_DAEMON_CMD_GET_TPCB:ERROR ret=-1
10-27 15:25:39.042 E/thermal_src( 1095): get_tpcb_from_kernel:error -1. retry...
10-27 15:25:39.042 I/thermal_src( 1095): recvmsg_expect 5, but get 2 
10-27 15:25:39.042 V/thermal_src( 1095): TA_DAEMON_CMD_GET_TPCB:ERROR ret=-1
10-27 15:25:39.042 E/thermal_src( 1095): get_tpcb_from_kernel:error -1. retry...
10-27 15:25:39.042 I/thermal_src( 1095): recvmsg_expect 4, but get 5 
10-27 15:25:39.042 V/thermal_src( 1095): TA_DAEMON_CMD_SET_TTJ:ERROR ret=-1
10-27 15:25:39.043 E/thermal_src( 1095): set_ttj_to_kernel 1:error -1
10-27 15:25:39.043 I/thermal_src( 1095): recvmsg_expect 2, but get 5 
10-27 15:25:39.043 V/thermal_src( 1095): waiting NOTIFY from kernel miss, -1
10-27 15:25:39.043 I/thermal_src( 1095): recvmsg_expect 2, but get 4 
10-27 15:25:39.043 V/thermal_src( 1095): waiting NOTIFY from kernel miss, -1
10-27 15:25:39.055 I/NullBinder( 2038): NullBinder for android.net.action.RECOMMEND_NETWORKS triggering remote TransactionTooLargeException due to Service without Chimera impl, calling uid: 1000, calling pid: 0
10-27 15:25:39.055 W/.gms.persistent( 2038): Large reply transaction of 1056768 bytes, interface descriptor , code 1
10-27 15:25:39.062 I/NullBinder( 2038): NullBinder for android.net.action.RECOMMEND_NETWORKS triggering remote TransactionTooLargeException due to Service without Chimera impl, calling uid: 1000, calling pid: 0
10-27 15:25:39.062 I/BugleRcsEngine( 8599): Connected state: [1], networkType: [WIFI] [CONTEXT thread_id=659 ]
10-27 15:25:39.062 W/.gms.persistent( 2038): Large reply transaction of 1056768 bytes, interface descriptor , code 1
10-27 15:25:39.064 I/BugleRcsEngine( 8599): handleMessage processing message:[NOTIFY_UPTIME_IGNORE_STATE_CHANGED] with [non-null]:RcsEngineImpl reference [CONTEXT log_prefix="RcsEngineImpl[DUAL_REG]:[528e0deb-63f3]>Handler" thread_id=658 ]
10-27 15:25:39.064 I/MagicTether( 2038): (REDACTED) [ActiveNetworkTracker] setActiveNetwork: %s
10-27 15:25:39.064 I/MagicTether( 2038): (REDACTED) [TetherService] onActiveNetworkChanged: network=%s isLost=%s
10-27 15:25:39.066 E/PhoneInterfaceManager( 2006): getCarrierPrivilegeStatusForUid: Invalid subId
10-27 15:25:39.066 I/MagicTether( 2038): [WifiConnectionHandler] Ignoring getWifiConfigurationByNetworkId when checking connected state [CONTEXT service_id=276 ]
10-27 15:25:39.066 I/MagicTether( 2038): [WifiConnectionHandler] No networkId set, can't be connected. [CONTEXT service_id=276 ]
10-27 15:25:39.067 I/MagicTether( 2038): (REDACTED) [TetherService] TRANSPORT_CELLULAR [%s], TRANSPORT_ETHERNET [%s], TRANSPORT_WIFI [%s]
10-27 15:25:39.067 I/BugleRcsEngine( 8599): RCS Configuration storage in Bugle is disabled by p/h flag, using ProvisioningEngineStateCache.getProvisioningConfigurationForGivenSimIfExist() [CONTEXT log_prefix="ProvisioningEngineDataRetriever" thread_id=658 ]
10-27 15:25:39.068 I/MagicTether( 2038): (REDACTED) [TetherService] setRoles hasActiveNetworkConnection=%s canActiveNetworkBeTethered=%s isConnectedToInstantTether=%s isWifiEnabled=%s isHosting=%s
10-27 15:25:39.072 I/MagicTether( 2038): (REDACTED) [LaunchUtils] Instant Wifi for status account: name: %s | type: %s | isLaunched: %s
10-27 15:25:39.072 I/MagicTether( 2038): (REDACTED) [TidepoolFeatureStatusManager] isInstantHotspotEnabled=%s
10-27 15:25:39.072 I/MagicTether( 2038): (REDACTED) [TidepoolFeatureStatusManager] isInstantWifiEnabled=%s
10-27 15:25:39.072 I/MagicTether( 2038): (REDACTED) [TetherService] startNearbyClientRole: start: %s isInstantHotspotEnabled: %s isInstantWifiEnabled: %s
10-27 15:25:39.072 I/MagicTether( 2038): [TetherService] Stopping Nearby client role [CONTEXT service_id=276 ]
10-27 15:25:39.072 I/MagicTether( 2038): [ClientTetherRole] Client role already stopped [CONTEXT service_id=276 ]
10-27 15:25:39.073 I/MagicTether( 2038): (REDACTED) [LaunchUtils] Instant Wifi for status account: name: %s | type: %s | isLaunched: %s
10-27 15:25:39.073 I/MagicTether( 2038): (REDACTED) [TidepoolFeatureStatusManager] isInstantHotspotEnabled=%s
10-27 15:25:39.074 I/MagicTether( 2038): (REDACTED) [TidepoolFeatureStatusManager] isInstantWifiEnabled=%s
10-27 15:25:39.074 I/MagicTether( 2038): (REDACTED) [TetherService] startNearbyHostRole: start: %s isInstantHotspotEnabled: %s isInstantWifiEnabled: %s
10-27 15:25:39.074 I/MagicTether( 2038): (REDACTED) [TidepoolFeatureStatusManager] isInstantHotspotEnabled=%s
10-27 15:25:39.074 I/MagicTether( 2038): [HostTetherRole] Nearby host role already started [CONTEXT service_id=276 ]
10-27 15:25:39.283 D/BluetoothDevice(20109): getAddress: mAddress=XX:XX:XX:XX:DC:BF
10-27 15:25:39.283 D/BluetoothDevice(20109): getAddress: mAddress=XX:XX:XX:XX:DC:BF
10-27 15:25:39.283 D/BluetoothDevice(20109): getAddress: mAddress=XX:XX:XX:XX:DC:BF
10-27 15:25:39.283 D/BluetoothDevice(20109): getAddress: mAddress=XX:XX:XX:XX:DC:BF
10-27 15:25:39.284 D/BluetoothDevice(20109): getAddress: mAddress=XX:XX:XX:XX:DC:BF
10-27 15:25:39.286 D/BluetoothDevice(20109): getAddress: mAddress=XX:XX:XX:XX:B6:07
10-27 15:25:39.286 D/BluetoothDevice(20109): getAddress: mAddress=XX:XX:XX:XX:B6:07
10-27 15:25:39.286 D/BluetoothDevice(20109): getAddress: mAddress=XX:XX:XX:XX:B6:07
10-27 15:25:39.286 D/BluetoothDevice(20109): getAddress: mAddress=XX:XX:XX:XX:B6:07
10-27 15:25:39.289 D/BluetoothDevice(20109): getAddress: mAddress=XX:XX:XX:XX:B6:07
10-27 15:25:39.290 D/BluetoothDevice(20109): getAddress: mAddress=XX:XX:XX:XX:F5:15
10-27 15:25:39.291 D/BluetoothDevice(20109): getAddress: mAddress=XX:XX:XX:XX:F5:15
10-27 15:25:39.291 D/BluetoothDevice(20109): getAddress: mAddress=XX:XX:XX:XX:F5:15
10-27 15:25:39.291 D/BluetoothDevice(20109): getAddress: mAddress=XX:XX:XX:XX:F5:15
10-27 15:25:39.291 D/BluetoothDevice(20109): getAddress: mAddress=XX:XX:XX:XX:F5:15
10-27 15:25:39.291 D/BluetoothDevice( 2038): getAddress: mAddress=XX:XX:XX:XX:B6:07
10-27 15:25:39.292 D/BluetoothDevice( 2038): getAddress: mAddress=XX:XX:XX:XX:B6:07
10-27 15:25:39.294 D/BluetoothDevice(20109): getAddress: mAddress=XX:XX:XX:XX:5E:4F
10-27 15:25:39.294 D/BluetoothDevice(20109): getAddress: mAddress=XX:XX:XX:XX:5E:4F
10-27 15:25:39.294 D/BluetoothDevice(20109): getAddress: mAddress=XX:XX:XX:XX:5E:4F
10-27 15:25:39.295 D/BluetoothDevice(20109): getAddress: mAddress=XX:XX:XX:XX:5E:4F
10-27 15:25:39.295 D/BluetoothDevice(20109): getAddress: mAddress=XX:XX:XX:XX:5E:4F
10-27 15:25:39.304 D/BluetoothDevice(20109): getAddress: mAddress=XX:XX:XX:XX:67:2B
10-27 15:25:39.305 D/BluetoothDevice(20109): getAddress: mAddress=XX:XX:XX:XX:67:2B
10-27 15:25:39.305 D/BluetoothDevice(20109): getAddress: mAddress=XX:XX:XX:XX:67:2B
10-27 15:25:39.305 I/bt_btif_dm(20109): btif_dm.cc:573 get_cod: remote_cod=0x00001f00
10-27 15:25:39.305 D/BluetoothDevice(20109): getAddress: mAddress=XX:XX:XX:XX:67:2B
10-27 15:25:39.306 D/BluetoothDevice(20109): getAddress: mAddress=XX:XX:XX:XX:67:2B
10-27 15:25:39.309 D/BluetoothDevice(20109): getAddress: mAddress=XX:XX:XX:XX:0F:E4
10-27 15:25:39.309 D/BluetoothDevice(20109): getAddress: mAddress=XX:XX:XX:XX:0F:E4
10-27 15:25:39.309 D/BluetoothDevice(20109): getAddress: mAddress=XX:XX:XX:XX:0F:E4
10-27 15:25:39.309 D/BluetoothDevice(20109): getAddress: mAddress=XX:XX:XX:XX:0F:E4
10-27 15:25:39.309 D/BluetoothDevice(20109): getAddress: mAddress=XX:XX:XX:XX:0F:E4
10-27 15:25:39.336 D/BluetoothDevice(20109): getAddress: mAddress=XX:XX:XX:XX:DC:2A
10-27 15:25:39.336 I/bt_btif_dm(20109): btif_dm.cc:573 get_cod: remote_cod=0x00001f00
10-27 15:25:39.336 D/BluetoothDevice(20109): getAddress: mAddress=XX:XX:XX:XX:DC:2A
10-27 15:25:39.337 D/BluetoothDevice(20109): getAddress: mAddress=XX:XX:XX:XX:DC:2A
10-27 15:25:39.337 D/BluetoothDevice(20109): getAddress: mAddress=XX:XX:XX:XX:DC:2A
10-27 15:25:39.337 D/BluetoothDevice(20109): getAddress: mAddress=XX:XX:XX:XX:DC:2A
10-27 15:25:39.343 D/BluetoothDevice(20109): getAddress: mAddress=XX:XX:XX:XX:62:E9
10-27 15:25:39.343 D/BluetoothDevice(20109): getAddress: mAddress=XX:XX:XX:XX:62:E9
10-27 15:25:39.343 D/BluetoothDevice(20109): getAddress: mAddress=XX:XX:XX:XX:62:E9
10-27 15:25:39.343 D/BluetoothDevice(20109): getAddress: mAddress=XX:XX:XX:XX:62:E9
10-27 15:25:39.344 D/BluetoothDevice(20109): getAddress: mAddress=XX:XX:XX:XX:62:E9
10-27 15:25:39.555 D/connsyslogger( 1010): SD_LOG_ROOT is /data/debuglogger/connsyslog/fw.
10-27 15:25:39.555 D/connsyslogger( 1010): systemReady:1
10-27 15:25:39.560 I/NearbySharing( 2038): Network state changed: NetworkState(isRestricted=false, isOnline=true, isCongested=false, isMetered=false, isWifiConnected=true)
10-27 15:25:39.581 D/MemoryOptimizationService(12770): wifiDisplayOnSetting: false wifiP2pEnabled: false
10-27 15:25:39.581 I/MemoryOptimizationService(12770): Not the latest command return
10-27 15:25:39.582 D/MemoryOptimizationService(12770): wifiDisplayOnSetting: false wifiP2pEnabled: false
10-27 15:25:39.582 I/MemoryOptimizationService(12770): kill process [Handler (com.android.settings.services.MemoryOptimizationService$MemoryHandler) {3430293}] [false]-> com.android.settings,true
10-27 15:25:39.582 D/MemoryOptimizationService(12770): Delay killing the Settings process -> 
10-27 15:25:39.582 I/MemoryOptimizationService(12770): Invalid message -> com.android.settings,1
10-27 15:25:39.582 I/MemoryOptimizationService(12770): kill process [Handler (com.android.settings.services.MemoryOptimizationService$MemoryHandler) {3430293}] [false]-> com.android.settings,true
10-27 15:25:39.582 D/MemoryOptimizationService(12770): Delay killing the Settings process -> 
10-27 15:25:39.596 W/ServiceManagerCppClient( 1061): Waited one second for vendor.mediatek.hardware.lbs.ILbs/mtk_lbs_log_v2s (is service started? Number of threads started in the threadpool: 1. Are binder threads started and available?)
10-27 15:25:39.600 W/libc    (  482): Unable to set property "ctl.interface_start" to "aidl/vendor.mediatek.hardware.lbs.ILbs/mtk_lbs_log_v2s": PROP_ERROR_HANDLE_CONTROL_MESSAGE (0x20)
10-27 15:25:39.848 D/ControlCenterHeaderExpandController( 2020): onExpansionChanged: progress =  0.0
10-27 15:25:39.852 D/ControlCenterHeaderExpandController( 2020): onExpansionChanged: progress =  0.0
10-27 15:25:39.864 D/ControlCenterHeaderExpandController( 2020): onExpansionChanged: progress =  0.0
10-27 15:25:39.878 I/BufferQueueProducer(  896): [StatusBar#118](this:0xb400007146a25470,id:-1,api:0,p:-1,c:896) queueBuffer: fps=0.25 dur=4001.68 max=4001.68 min=4001.68
10-27 15:25:39.881 D/libcomposer_ext(  850): DeviceImplAidl::DeviceClientContextAidl::NotifyHwcComposition()
10-27 15:25:39.882 D/libcomposer_ext(  896): ClientCallbackAidl::asyncPerform(12)
10-27 15:25:39.882 D/libcomposer_ext(  896): ClientImplAidl::ParseNotifyHwcComposition()
10-27 15:25:39.882 I/SurfaceFlinger(  896): NotifyHwcComposition(), id 0, mode 1
10-27 15:25:39.883 I/hwcomposer(  850): [HWCDisplay] (0 updateFps():3644), (type:1, mode:2) fps:0.499854,dur:4001.17,max:3853.85,min:147.32  
10-27 15:25:39.883 D/ControlCenterHeaderExpandController( 2020): onExpansionChanged: progress =  0.0
10-27 15:25:39.883 I/hwcomposer(  850): [DBQ] (q2:0xb400006f9b41aa30) Buffer queue is created with size(3), m_id(608), q2  
10-27 15:25:39.883 I/hwcomposer(  850): [DBQ] (q2:0xb400006f9b41aa30) Reallocate Slot(0), pool(0 -> 0) size(0 -> 4288000) secure(0 -> 0)  
10-27 15:25:39.887 I/hwcomposer(  850): [DBQ] (q2:0xb400006f9b41aa30) Alloc Slot(0), handle=0xb400006fdb40d050 c=0 w=800 h=1340 p=800 ys=800 vs=1340 f=2 sec=0 sh=0, usage=0x800  
10-27 15:25:39.890 I/MI-SF   (  896): surfaceflinger setAffinity mode=0
10-27 15:25:39.890 E/MI-SF   (  896): surfaceflinger setAffinity success
10-27 15:25:40.007 I/hwcomposer(  850): [HWC] (0)fire a callback of refresh to SF[4]  
10-27 15:25:40.029 I/hwcomposer(  850): [HWCLayer] (0 id:608 setHwlayerType():746), release queue sp q2_608, type 3 -> 0  
10-27 15:25:40.029 I/hwcomposer(  850): [DBQ] (q2:0xb400006f9b41aa30) Buffer queue is destroyed, m_id(608)  
10-27 15:25:40.029 I/hwcomposer(  850): [DBQ] (q2:0xb400006f9b41aa30) ~DisplayBufferQueue(), m_id(608), release buf  
10-27 15:25:40.029 I/hwcomposer(  850): [DBQ] (q2:0xb400006f9b41aa30) Free Slot(0), handle=0xb400006fdb40d050, 4288000 -> 0  
10-27 15:25:40.030 D/libcomposer_ext(  850): DeviceImplAidl::DeviceClientContextAidl::NotifyHwcComposition()
10-27 15:25:40.030 D/libcomposer_ext(  896): ClientCallbackAidl::asyncPerform(12)
10-27 15:25:40.031 D/libcomposer_ext(  896): ClientImplAidl::ParseNotifyHwcComposition()
10-27 15:25:40.031 I/SurfaceFlinger(  896): NotifyHwcComposition(), id 0, mode 0
10-27 15:25:40.037 I/BufferQueueProducer(  896): [FramebufferSurface](this:0xb400006f767f08e0,id:-1,api:1,p:896,c:896) queueBuffer: fps=0.25 dur=4009.60 max=4009.60 min=4009.60
10-27 15:25:40.041 I/MI-SF   (  896): surfaceflinger setAffinity mode=1
10-27 15:25:40.041 E/MI-SF   (  896): surfaceflinger setAffinity success
10-27 15:25:40.041 I/MI-SF   (  896): surfaceflinger setreAffinity reTid=1142
10-27 15:25:40.041 E/MI-SF   (  896): surfaceflinger setAffinity success
10-27 15:25:40.057 D/connsyslogger( 1010): idx=0 Bootup Log: 2 log files! filecount=3 
10-27 15:25:40.059 I/connsyslogger( 1010): thrLogWriter: LogBuf=231.167969KB,idx=0
10-27 15:25:40.280 D/BluetoothDevice(20109): getAddress: mAddress=XX:XX:XX:XX:F5:68
10-27 15:25:40.281 D/BluetoothDevice(20109): getAddress: mAddress=XX:XX:XX:XX:F5:68
10-27 15:25:40.281 D/BluetoothDevice(20109): getAddress: mAddress=XX:XX:XX:XX:F5:68
10-27 15:25:40.281 D/BluetoothDevice(20109): getAddress: mAddress=XX:XX:XX:XX:F5:68
10-27 15:25:40.281 D/BluetoothDevice(20109): getAddress: mAddress=XX:XX:XX:XX:F5:68
10-27 15:25:40.301 D/BluetoothDevice(20109): getAddress: mAddress=XX:XX:XX:XX:DC:BF
10-27 15:25:40.302 D/BluetoothDevice(20109): getAddress: mAddress=XX:XX:XX:XX:DC:BF
10-27 15:25:40.302 D/BluetoothDevice(20109): getAddress: mAddress=XX:XX:XX:XX:DC:BF
10-27 15:25:40.302 D/BluetoothDevice(20109): getAddress: mAddress=XX:XX:XX:XX:DC:BF
10-27 15:25:40.302 D/BluetoothDevice(20109): getAddress: mAddress=XX:XX:XX:XX:DC:BF
10-27 15:25:40.317 D/BluetoothDevice(20109): getAddress: mAddress=XX:XX:XX:XX:E7:74
10-27 15:25:40.317 D/BluetoothDevice(20109): getAddress: mAddress=XX:XX:XX:XX:E7:74
10-27 15:25:40.318 D/BluetoothDevice(20109): getAddress: mAddress=XX:XX:XX:XX:E7:74
10-27 15:25:40.318 D/BluetoothDevice(20109): getAddress: mAddress=XX:XX:XX:XX:E7:74
10-27 15:25:40.318 D/BluetoothDevice(20109): getAddress: mAddress=XX:XX:XX:XX:E7:74
10-27 15:25:40.324 D/BluetoothDevice(20109): getAddress: mAddress=XX:XX:XX:XX:F5:15
10-27 15:25:40.324 D/BluetoothDevice(20109): getAddress: mAddress=XX:XX:XX:XX:F5:15
10-27 15:25:40.325 D/BluetoothDevice(20109): getAddress: mAddress=XX:XX:XX:XX:F5:15
10-27 15:25:40.325 D/BluetoothDevice(20109): getAddress: mAddress=XX:XX:XX:XX:F5:15
10-27 15:25:40.325 D/BluetoothDevice(20109): getAddress: mAddress=XX:XX:XX:XX:F5:15
10-27 15:25:40.327 D/BluetoothDevice(20109): getAddress: mAddress=XX:XX:XX:XX:CA:4D
10-27 15:25:40.327 D/BluetoothDevice(20109): getAddress: mAddress=XX:XX:XX:XX:CA:4D
10-27 15:25:40.327 I/bt_btif_dm(20109): btif_dm.cc:573 get_cod: remote_cod=0x00001f00
10-27 15:25:40.328 D/BluetoothDevice(20109): getAddress: mAddress=XX:XX:XX:XX:CA:4D
10-27 15:25:40.328 D/BluetoothDevice(20109): getAddress: mAddress=XX:XX:XX:XX:CA:4D
10-27 15:25:40.328 D/BluetoothDevice(20109): getAddress: mAddress=XX:XX:XX:XX:CA:4D
10-27 15:25:40.331 D/BluetoothDevice(20109): getAddress: mAddress=XX:XX:XX:XX:02:6F
10-27 15:25:40.331 D/BluetoothDevice(20109): getAddress: mAddress=XX:XX:XX:XX:02:6F
10-27 15:25:40.331 D/BluetoothDevice(20109): getAddress: mAddress=XX:XX:XX:XX:02:6F
10-27 15:25:40.331 D/BluetoothDevice(20109): getAddress: mAddress=XX:XX:XX:XX:02:6F
10-27 15:25:40.332 D/BluetoothDevice(20109): getAddress: mAddress=XX:XX:XX:XX:02:6F
10-27 15:25:40.548 D/EMDLOGGER1( 1057): ccb_init_cond: wait required modem status time out
10-27 15:25:40.598 W/ServiceManagerCppClient( 1061): Waited one second for vendor.mediatek.hardware.lbs.ILbs/mtk_lbs_log_v2s (is service started? Number of threads started in the threadpool: 1. Are binder threads started and available?)
10-27 15:25:40.602 W/libc    (  482): Unable to set property "ctl.interface_start" to "aidl/vendor.mediatek.hardware.lbs.ILbs/mtk_lbs_log_v2s": PROP_ERROR_HANDLE_CONTROL_MESSAGE (0x20)
10-27 15:25:40.864 I/libPerfCtl(  866): xgfGetFPS pid:896 fps:-1
10-27 15:25:40.864 D/UiModeManager( 1300): updateConfigurationLocked: mDockState=0; mCarMode=false; mCar=false; mPowerSave=false; mOverrideNightModeOn=false; mOverrideNightModeOff=false; mComputedNightMode=false; mNightModeValue=1; uiMode=17
10-27 15:25:40.864 I/libPerfCtl(  866): xgfGetFPS pid:2020 fps:-1
10-27 15:25:40.868 I/ProcAudioPowerManager( 4900): onBatteryChanged, onBattery is false
10-27 15:25:40.869 D/PowerKeeper.FrozenApp( 4900): onBatteryChanged plug=true mBatteryPlugged=2
10-27 15:25:40.869 D/PowerCheckerService( 4900): onBatteryChanged, mBatteryLevel = 100, status = 2, level = 100, plug = 2, scale = 100
10-27 15:25:40.869 D/PowerKeeper.Thermal( 4900): mBatteryTemperature: 27
10-27 15:25:40.871 I/PowerSaveService( 4564): onReceive: android.intent.action.BATTERY_CHANGED
10-27 15:25:40.872 I/PowerNoticeUI( 4564): handleBatteryChanged oldPlugType 2 mPlugType 2 oldBatteryLevel 100 mBatteryLevel 100 temperature 270
10-27 15:25:40.872 I/ChargerBatteryIntelligenceReceiver( 4564): onBatteryChanged temperature27,plugType:2
10-27 15:25:40.872 D/BaseChargeProtect_HighTemp( 4564): mCountByMinute:0,isScreenOn:true
10-27 15:25:40.973 I/thermal_repeater( 1091): socket -1
10-27 15:25:41.043 I/thermal_src( 1095): recvmsg_expect 5, but get 2 
10-27 15:25:41.043 V/thermal_src( 1095): TA_DAEMON_CMD_GET_TPCB:ERROR ret=-1
10-27 15:25:41.043 E/thermal_src( 1095): get_tpcb_from_kernel:error -1. retry...
10-27 15:25:41.043 I/thermal_src( 1095): recvmsg_expect 5, but get 2 
10-27 15:25:41.043 V/thermal_src( 1095): TA_DAEMON_CMD_GET_TPCB:ERROR ret=-1
10-27 15:25:41.043 E/thermal_src( 1095): get_tpcb_from_kernel:error -1. retry...
10-27 15:25:41.043 I/thermal_src( 1095): recvmsg_expect 5, but get 2 
10-27 15:25:41.044 V/thermal_src( 1095): TA_DAEMON_CMD_GET_TPCB:ERROR ret=-1
10-27 15:25:41.044 E/thermal_src( 1095): get_tpcb_from_kernel:error -1. retry...
10-27 15:25:41.044 I/thermal_src( 1095): recvmsg_expect 4, but get 5 
10-27 15:25:41.044 V/thermal_src( 1095): TA_DAEMON_CMD_SET_TTJ:ERROR ret=-1
10-27 15:25:41.044 E/thermal_src( 1095): set_ttj_to_kernel 1:error -1
10-27 15:25:41.044 I/thermal_src( 1095): recvmsg_expect 2, but get 5 
10-27 15:25:41.044 V/thermal_src( 1095): waiting NOTIFY from kernel miss, -1
10-27 15:25:41.044 I/thermal_src( 1095): recvmsg_expect 2, but get 5 
10-27 15:25:41.044 V/thermal_src( 1095): waiting NOTIFY from kernel miss, -1
10-27 15:25:41.044 I/thermal_src( 1095): recvmsg_expect 2, but get 4 
10-27 15:25:41.044 V/thermal_src( 1095): waiting NOTIFY from kernel miss, -1
10-27 15:25:41.304 D/BluetoothDevice(20109): getAddress: mAddress=XX:XX:XX:XX:1B:66
10-27 15:25:41.304 D/BluetoothDevice(20109): getAddress: mAddress=XX:XX:XX:XX:1B:66
10-27 15:25:41.304 D/BluetoothDevice(20109): getAddress: mAddress=XX:XX:XX:XX:1B:66
10-27 15:25:41.304 D/BluetoothDevice(20109): getAddress: mAddress=XX:XX:XX:XX:1B:66
10-27 15:25:41.305 D/BluetoothDevice(20109): getAddress: mAddress=XX:XX:XX:XX:1B:66
10-27 15:25:41.323 D/BluetoothDevice(20109): getAddress: mAddress=XX:XX:XX:XX:DC:BF
10-27 15:25:41.323 D/BluetoothDevice(20109): getAddress: mAddress=XX:XX:XX:XX:DC:BF
10-27 15:25:41.324 D/BluetoothDevice(20109): getAddress: mAddress=XX:XX:XX:XX:DC:BF
10-27 15:25:41.324 D/BluetoothDevice(20109): getAddress: mAddress=XX:XX:XX:XX:DC:BF
10-27 15:25:41.324 D/BluetoothDevice(20109): getAddress: mAddress=XX:XX:XX:XX:DC:BF
10-27 15:25:41.348 I/SmartPower: com.google.android.apps.tachyon/10182(7648)( 1300): idle->background(2380ms) R(broadcast start Intent { act=android.intent.action.BATTERY_CHANGED flg=0x60000010 (has extras) }) adj=905.
10-27 15:25:41.350 I/SmartPower: com.xiaomi.discover/10173(8860)( 1300): idle->background(2380ms) R(broadcast start Intent { act=android.intent.action.BATTERY_CHANGED flg=0x60000010 (has extras) }) adj=905.
10-27 15:25:41.352 I/SmartPower: com.facebook.orca/10386(31754)( 1300): idle->background(2379ms) R(broadcast start Intent { act=android.intent.action.BATTERY_CHANGED flg=0x60000010 (has extras) }) adj=905.
10-27 15:25:41.353 I/SmartPower: com.google.android.youtube/10200(29720)( 1300): idle->background(2378ms) R(broadcast start Intent { act=android.intent.action.BATTERY_CHANGED flg=0x60000010 (has extras) }) adj=905.
10-27 15:25:41.355 W/BroadcastQueue( 1300): Greezer Denial: sending Intent { act=android.intent.action.BATTERY_CHANGED flg=0x60000010 (has extras) }, action: android.intent.action.BATTERY_CHANGED from null (uid=1000) due to receiver ProcessRecord{9cc74cf 14673:com.abyss.abyssreader/u0a320} (uid 10320) need cached broadcast
10-27 15:25:41.355 W/BroadcastQueue( 1300): Greezer Denial: sending Intent { act=android.intent.action.BATTERY_CHANGED flg=0x60000010 (has extras) }, action: android.intent.action.BATTERY_CHANGED from null (uid=1000) due to receiver ProcessRecord{9cc74cf 14673:com.abyss.abyssreader/u0a320} (uid 10320) need cached broadcast
10-27 15:25:41.355 I/SmartPower: com.facebook.katana/10307(9576)( 1300): idle->background(2378ms) R(broadcast start Intent { act=android.intent.action.BATTERY_CHANGED flg=0x60000010 (has extras) }) adj=905.
10-27 15:25:41.556 D/connsyslogger( 1010): SD_LOG_ROOT is /data/debuglogger/connsyslog/fw.
10-27 15:25:41.556 D/connsyslogger( 1010): systemReady:1
10-27 15:25:41.601 W/ServiceManagerCppClient( 1061): Waited one second for vendor.mediatek.hardware.lbs.ILbs/mtk_lbs_log_v2s (is service started? Number of threads started in the threadpool: 1. Are binder threads started and available?)
10-27 15:25:41.604 W/libc    (  482): Unable to set property "ctl.interface_start" to "aidl/vendor.mediatek.hardware.lbs.ILbs/mtk_lbs_log_v2s": PROP_ERROR_HANDLE_CONTROL_MESSAGE (0x20)
10-27 15:25:41.864 I/libPerfCtl(  866): xgfGetFPS pid:2020 fps:-1
10-27 15:25:42.107 I/BufferQueueProducer(  896): [StatusBar#118](this:0xb400007146a25470,id:-1,api:0,p:-1,c:896) queueBuffer: fps=0.45 dur=2228.41 max=2228.41 min=2228.41
10-27 15:25:42.110 D/libcomposer_ext(  850): DeviceImplAidl::DeviceClientContextAidl::NotifyHwcComposition()
10-27 15:25:42.111 D/libcomposer_ext(  896): ClientCallbackAidl::asyncPerform(12)
10-27 15:25:42.111 D/libcomposer_ext(  896): ClientImplAidl::ParseNotifyHwcComposition()
10-27 15:25:42.111 I/SurfaceFlinger(  896): NotifyHwcComposition(), id 0, mode 1
10-27 15:25:42.112 I/hwcomposer(  850): [HWCDisplay] (0 updateFps():3644), (type:1, mode:2) fps:0.897241,dur:2229.06,max:2073.24,min:155.81  
10-27 15:25:42.112 I/hwcomposer(  850): [DBQ] (q2:0xb400006f9b41aa30) Buffer queue is created with size(3), m_id(608), q2  
10-27 15:25:42.112 I/hwcomposer(  850): [DBQ] (q2:0xb400006f9b41aa30) Reallocate Slot(0), pool(0 -> 0) size(0 -> 4288000) secure(0 -> 0)  
10-27 15:25:42.116 I/hwcomposer(  850): [DBQ] (q2:0xb400006f9b41aa30) Alloc Slot(0), handle=0xb400006fdb407dd0 c=0 w=800 h=1340 p=800 ys=800 vs=1340 f=2 sec=0 sh=0, usage=0x800  
10-27 15:25:42.118 I/MI-SF   (  896): surfaceflinger setAffinity mode=0
10-27 15:25:42.119 E/MI-SF   (  896): surfaceflinger setAffinity success
10-27 15:25:42.247 I/hwcomposer(  850): [HWC] (0)fire a callback of refresh to SF[4]  
10-27 15:25:42.270 I/hwcomposer(  850): [HWCLayer] (0 id:608 setHwlayerType():746), release queue sp q2_608, type 3 -> 0  
10-27 15:25:42.270 I/hwcomposer(  850): [DBQ] (q2:0xb400006f9b41aa30) Buffer queue is destroyed, m_id(608)  
10-27 15:25:42.270 I/hwcomposer(  850): [DBQ] (q2:0xb400006f9b41aa30) ~DisplayBufferQueue(), m_id(608), release buf  
10-27 15:25:42.270 I/hwcomposer(  850): [DBQ] (q2:0xb400006f9b41aa30) Free Slot(0), handle=0xb400006fdb407dd0, 4288000 -> 0  
10-27 15:25:42.271 D/libcomposer_ext(  850): DeviceImplAidl::DeviceClientContextAidl::NotifyHwcComposition()
10-27 15:25:42.271 D/libcomposer_ext(  896): ClientCallbackAidl::asyncPerform(12)
10-27 15:25:42.271 D/libcomposer_ext(  896): ClientImplAidl::ParseNotifyHwcComposition()
10-27 15:25:42.272 I/SurfaceFlinger(  896): NotifyHwcComposition(), id 0, mode 0
10-27 15:25:42.278 I/BufferQueueProducer(  896): [FramebufferSurface](this:0xb400006f767f08e0,id:-1,api:1,p:896,c:896) queueBuffer: fps=0.45 dur=2241.09 max=2241.09 min=2241.09
10-27 15:25:42.279 D/BluetoothDevice(20109): getAddress: mAddress=XX:XX:XX:XX:DC:EE
10-27 15:25:42.279 D/BluetoothDevice(20109): getAddress: mAddress=XX:XX:XX:XX:DC:EE
10-27 15:25:42.279 D/BluetoothDevice(20109): getAddress: mAddress=XX:XX:XX:XX:DC:EE
10-27 15:25:42.279 D/BluetoothDevice(20109): getAddress: mAddress=XX:XX:XX:XX:DC:EE
10-27 15:25:42.279 D/BluetoothDevice(20109): getAddress: mAddress=XX:XX:XX:XX:DC:EE
10-27 15:25:42.281 I/MI-SF   (  896): surfaceflinger setAffinity mode=1
10-27 15:25:42.282 E/MI-SF   (  896): surfaceflinger setAffinity success
10-27 15:25:42.282 I/MI-SF   (  896): surfaceflinger setreAffinity reTid=1142
10-27 15:25:42.282 E/MI-SF   (  896): surfaceflinger setAffinity success
10-27 15:25:42.297 D/BluetoothDevice(20109): getAddress: mAddress=XX:XX:XX:XX:06:66
10-27 15:25:42.297 D/BluetoothDevice(20109): getAddress: mAddress=XX:XX:XX:XX:06:66
10-27 15:25:42.297 D/BluetoothDevice(20109): getAddress: mAddress=XX:XX:XX:XX:06:66
10-27 15:25:42.297 D/BluetoothDevice(20109): getAddress: mAddress=XX:XX:XX:XX:06:66
10-27 15:25:42.298 D/BluetoothDevice(20109): getAddress: mAddress=XX:XX:XX:XX:06:66
10-27 15:25:42.308 D/BluetoothDevice(20109): getAddress: mAddress=XX:XX:XX:XX:5E:4F
10-27 15:25:42.308 D/BluetoothDevice(20109): getAddress: mAddress=XX:XX:XX:XX:5E:4F
10-27 15:25:42.309 D/BluetoothDevice(20109): getAddress: mAddress=XX:XX:XX:XX:5E:4F
10-27 15:25:42.309 D/BluetoothDevice(20109): getAddress: mAddress=XX:XX:XX:XX:5E:4F
10-27 15:25:42.309 D/BluetoothDevice(20109): getAddress: mAddress=XX:XX:XX:XX:5E:4F
10-27 15:25:42.337 D/BluetoothDevice(20109): getAddress: mAddress=XX:XX:XX:XX:F5:15
10-27 15:25:42.338 D/BluetoothDevice(20109): getAddress: mAddress=XX:XX:XX:XX:F5:15
10-27 15:25:42.338 D/BluetoothDevice(20109): getAddress: mAddress=XX:XX:XX:XX:F5:15
10-27 15:25:42.338 D/BluetoothDevice(20109): getAddress: mAddress=XX:XX:XX:XX:F5:15
10-27 15:25:42.338 D/BluetoothDevice(20109): getAddress: mAddress=XX:XX:XX:XX:F5:15
10-27 15:25:42.341 D/BluetoothDevice(20109): getAddress: mAddress=XX:XX:XX:XX:DC:BF
10-27 15:25:42.342 D/BluetoothDevice(20109): getAddress: mAddress=XX:XX:XX:XX:DC:BF
10-27 15:25:42.342 D/BluetoothDevice(20109): getAddress: mAddress=XX:XX:XX:XX:DC:BF
10-27 15:25:42.343 D/BluetoothDevice(20109): getAddress: mAddress=XX:XX:XX:XX:DC:BF
10-27 15:25:42.344 D/BluetoothDevice(20109): getAddress: mAddress=XX:XX:XX:XX:DC:BF
10-27 15:25:42.345 D/BluetoothDevice(20109): getAddress: mAddress=XX:XX:XX:XX:0F:E4
10-27 15:25:42.346 D/BluetoothDevice(20109): getAddress: mAddress=XX:XX:XX:XX:0F:E4
10-27 15:25:42.346 D/BluetoothDevice(20109): getAddress: mAddress=XX:XX:XX:XX:0F:E4
10-27 15:25:42.347 D/BluetoothDevice(20109): getAddress: mAddress=XX:XX:XX:XX:0F:E4
10-27 15:25:42.347 D/BluetoothDevice(20109): getAddress: mAddress=XX:XX:XX:XX:0F:E4
10-27 15:25:42.378 I/hwservicemanager(  483): getTransport: Cannot find entry vendor.mediatek.hardware.mtkradioex@3.0::IMtkRadioEx/mtkSmartRatSwitch1 in either framework or device VINTF manifest.
10-27 15:25:42.548 D/EMDLOGGER1( 1057): ccb_init_cond: wait required modem status time out
10-27 15:25:42.603 W/ServiceManagerCppClient( 1061): Waited one second for vendor.mediatek.hardware.lbs.ILbs/mtk_lbs_log_v2s (is service started? Number of threads started in the threadpool: 1. Are binder threads started and available?)
10-27 15:25:42.607 W/libc    (  482): Unable to set property "ctl.interface_start" to "aidl/vendor.mediatek.hardware.lbs.ILbs/mtk_lbs_log_v2s": PROP_ERROR_HANDLE_CONTROL_MESSAGE (0x20)
10-27 15:25:42.793 I/hwservicemanager(  483): getTransport: Cannot find entry vendor.mediatek.hardware.mtkradioex@3.0::IMtkRadioEx/mtkCap1 in either framework or device VINTF manifest.
10-27 15:25:42.795 I/hwservicemanager(  483): getTransport: Cannot find entry vendor.mediatek.hardware.mtkradioex@2.0::IMtkRadioEx/mtkCap1 in either framework or device VINTF manifest.
10-27 15:25:42.799 I/hwservicemanager(  483): getTransport: Cannot find entry vendor.mediatek.hardware.mtkradioex@3.0::IMtkRadioEx/imsSlot1 in either framework or device VINTF manifest.
10-27 15:25:42.865 I/libPerfCtl(  866): xgfGetFPS pid:896 fps:-1
10-27 15:25:42.865 I/libPerfCtl(  866): xgfGetFPS pid:2020 fps:-1
10-27 15:25:42.992 E/JobScheduler.Background( 1300): Couldn't determine stopped state for unknown package: com.google.android.apps.turbo
10-27 15:25:42.992 E/JobScheduler.Background( 1300): Couldn't determine stopped state for unknown package: com.google.android.apps.turbo
10-27 15:25:42.993 E/JobScheduler.Background( 1300): Couldn't determine stopped state for unknown package: com.google.android.apps.turbo
