10-27 15:25:21.032 V/thermal_src( 1095): waiting NOTIFY from kernel miss, -1
10-27 15:25:21.032 I/thermal_src( 1095): recvmsg_expect 2, but get 4 
10-27 15:25:21.032 V/thermal_src( 1095): waiting NOTIFY from kernel miss, -1
10-27 15:25:21.265 D/BluetoothDevice(20109): getAddress: mAddress=XX:XX:XX:XX:62:E9
10-27 15:25:21.266 D/BluetoothDevice(20109): getAddress: mAddress=XX:XX:XX:XX:62:E9
10-27 15:25:21.266 D/BluetoothDevice(20109): getAddress: mAddress=XX:XX:XX:XX:62:E9
10-27 15:25:21.266 D/BluetoothDevice(20109): getAddress: mAddress=XX:XX:XX:XX:62:E9
10-27 15:25:21.266 D/BluetoothDevice(20109): getAddress: mAddress=XX:XX:XX:XX:62:E9
10-27 15:25:21.273 D/BluetoothDevice(20109): getAddress: mAddress=XX:XX:XX:XX:F5:15
10-27 15:25:21.274 D/BluetoothDevice(20109): getAddress: mAddress=XX:XX:XX:XX:F5:15
10-27 15:25:21.274 D/BluetoothDevice(20109): getAddress: mAddress=XX:XX:XX:XX:F5:15
10-27 15:25:21.274 D/BluetoothDevice(20109): getAddress: mAddress=XX:XX:XX:XX:F5:15
10-27 15:25:21.274 D/BluetoothDevice(20109): getAddress: mAddress=XX:XX:XX:XX:F5:15
10-27 15:25:21.291 D/BluetoothDevice(20109): getAddress: mAddress=XX:XX:XX:XX:F1:6C
10-27 15:25:21.291 D/BluetoothDevice(20109): getAddress: mAddress=XX:XX:XX:XX:F1:6C
10-27 15:25:21.291 D/BluetoothDevice(20109): getAddress: mAddress=XX:XX:XX:XX:F1:6C
10-27 15:25:21.292 D/BluetoothDevice(20109): getAddress: mAddress=XX:XX:XX:XX:F1:6C
10-27 15:25:21.292 D/BluetoothDevice(20109): getAddress: mAddress=XX:XX:XX:XX:F1:6C
10-27 15:25:21.548 D/connsyslogger( 1010): SD_LOG_ROOT is /data/debuglogger/connsyslog/fw.
10-27 15:25:21.548 D/connsyslogger( 1010): systemReady:1
10-27 15:25:21.550 W/ServiceManagerCppClient( 1061): Waited one second for vendor.mediatek.hardware.lbs.ILbs/mtk_lbs_log_v2s (is service started? Number of threads started in the threadpool: 1. Are binder threads started and available?)
10-27 15:25:21.553 W/libc    (  482): Unable to set property "ctl.interface_start" to "aidl/vendor.mediatek.hardware.lbs.ILbs/mtk_lbs_log_v2s": PROP_ERROR_HANDLE_CONTROL_MESSAGE (0x20)
10-27 15:25:21.625 I/libPerfCtl(  866): xgfGetFPS pid:2020 fps:-1
10-27 15:25:21.713 D/DisplayModeController(  896): setDesiredMode 4627039422300187648 {mode={fps=60.00 Hz, modePtr={id=1, vsyncRate=60.00 Hz, peakRefreshRate=60.00 Hz}}, emitEvent=true, force=false}
10-27 15:25:21.714 D/Scheduler(  896): MtkOverrideDuration: update vsync 60
10-27 15:25:21.714 E/SurfaceFlinger(  896): MtkDuration override mode is disabled
10-27 15:25:21.714 D/Scheduler(  896): MtkOverrideDuration: reset override duration
10-27 15:25:21.714 I/PowerHalWrapper(  896): updateFps(): 60
10-27 15:25:21.720 I/BufferQueueProducer(  896): [SurfaceView[com.extrotarget.extropos/com.extrotarget.extropos.MainActivity](BLAST)#2568](this:0xb400007146a1adc0,id:-1,api:0,p:-1,c:896) queueBuffer: fps=0.73 dur=4088.18 max=4003.51 min=16.35
10-27 15:25:21.721 I/hwcomposer(  850): [HWCDisplay] (0 setActiveConfigWithConstraints():4091), config:1  
10-27 15:25:21.721 I/hwcomposer(  850): [HWCDisplay] (0 setActiveConfigWithConstraints():4141), now 42212231397361, diff 536308, estimated_applied_time 20000000 queued_size:0  
10-27 15:25:21.724 D/libcomposer_ext(  850): DeviceImplAidl::DeviceClientContextAidl::NotifyHwcComposition()
10-27 15:25:21.725 D/libcomposer_ext(  896): ClientCallbackAidl::asyncPerform(12)
10-27 15:25:21.725 D/libcomposer_ext(  896): ClientImplAidl::ParseNotifyHwcComposition()
10-27 15:25:21.725 I/SurfaceFlinger(  896): NotifyHwcComposition(), id 0, mode 1
10-27 15:25:21.726 I/hwcomposer(  850): [DBQ] (q2:0xb400006f9b41aa30) Buffer queue is created with size(3), m_id(608), q2  
10-27 15:25:21.727 I/hwcomposer(  850): [DBQ] (q2:0xb400006f9b41aa30) Reallocate Slot(0), pool(0 -> 0) size(0 -> 4288000) secure(0 -> 0)  
10-27 15:25:21.730 I/hwcomposer(  850): [DBQ] (q2:0xb400006f9b41aa30) Alloc Slot(0), handle=0xb400006fdb40b0b0 c=0 w=800 h=1340 p=800 ys=800 vs=1340 f=2 sec=0 sh=0, usage=0x800  
10-27 15:25:21.732 I/MI-SF   (  896): surfaceflinger setAffinity mode=0
10-27 15:25:21.733 E/MI-SF   (  896): surfaceflinger setAffinity success
10-27 15:25:21.736 I/PowerHalWrapper(  896): updateFps(): 60
10-27 15:25:21.738 I/PowerHalWrapper(  896): updateFps(): 60
10-27 15:25:21.756 I/hwcomposer(  850): [HWCDisplay] (0 updateAppliedConfigState():4337), applied config complete[idx:42212251397361, config:1]  
10-27 15:25:21.792 I/hwcomposer(  850): [DBQ] (q2:0xb400006f9b41aa30) Reallocate Slot(1), pool(0 -> 0) size(0 -> 4288000) secure(0 -> 0)  
10-27 15:25:21.796 I/hwcomposer(  850): [DBQ] (q2:0xb400006f9b41aa30) Alloc Slot(1), handle=0xb400006fdb407dd0 c=0 w=800 h=1340 p=800 ys=800 vs=1340 f=2 sec=0 sh=0, usage=0x800  
10-27 15:25:21.808 I/hwcomposer(  850): [DBQ] (q2:0xb400006f9b41aa30) Reallocate Slot(2), pool(0 -> 0) size(0 -> 4288000) secure(0 -> 0)  
10-27 15:25:21.811 I/hwcomposer(  850): [DBQ] (q2:0xb400006f9b41aa30) Alloc Slot(2), handle=0xb400006fdb408b90 c=0 w=800 h=1340 p=800 ys=800 vs=1340 f=2 sec=0 sh=0, usage=0x800  
10-27 15:25:22.003 I/hwcomposer(  850): [HWC] (0)fire a callback of refresh to SF[4]  
10-27 15:25:22.018 I/hwcomposer(  850): [HWCLayer] (0 id:608 setHwlayerType():746), release queue sp q2_608, type 3 -> 0  
10-27 15:25:22.019 I/hwcomposer(  850): [DBQ] (q2:0xb400006f9b41aa30) Buffer queue is destroyed, m_id(608)  
10-27 15:25:22.019 I/hwcomposer(  850): [DBQ] (q2:0xb400006f9b41aa30) ~DisplayBufferQueue(), m_id(608), release buf  
10-27 15:25:22.019 I/hwcomposer(  850): [DBQ] (q2:0xb400006f9b41aa30) Free Slot(0), handle=0xb400006fdb40b0b0, 4288000 -> 0  
10-27 15:25:22.019 I/hwcomposer(  850): [DBQ] (q2:0xb400006f9b41aa30) Free Slot(1), handle=0xb400006fdb407dd0, 4288000 -> 0  
10-27 15:25:22.020 I/hwcomposer(  850): [DBQ] (q2:0xb400006f9b41aa30) Free Slot(2), handle=0xb400006fdb408b90, 4288000 -> 0  
10-27 15:25:22.020 D/libcomposer_ext(  850): DeviceImplAidl::DeviceClientContextAidl::NotifyHwcComposition()
10-27 15:25:22.021 D/libcomposer_ext(  896): ClientCallbackAidl::asyncPerform(12)
10-27 15:25:22.021 D/libcomposer_ext(  896): ClientImplAidl::ParseNotifyHwcComposition()
10-27 15:25:22.021 I/SurfaceFlinger(  896): NotifyHwcComposition(), id 0, mode 0
10-27 15:25:22.028 I/BufferQueueProducer(  896): [FramebufferSurface](this:0xb400006f767f08e0,id:-1,api:1,p:896,c:896) queueBuffer: fps=0.98 dur=2035.57 max=1111.17 min=924.39
10-27 15:25:22.029 I/hwcomposer(  850): [HWCDisplay] (0 updateFps():3644), (type:1, mode:2) fps:4.498806,dur:1111.41,max:808.35,min:13.59  
10-27 15:25:22.031 I/MI-SF   (  896): surfaceflinger setAffinity mode=1
10-27 15:25:22.032 E/MI-SF   (  896): surfaceflinger setAffinity success
10-27 15:25:22.032 I/MI-SF   (  896): surfaceflinger setreAffinity reTid=1142
10-27 15:25:22.032 E/MI-SF   (  896): surfaceflinger setAffinity success
10-27 15:25:22.265 D/BluetoothDevice(20109): getAddress: mAddress=XX:XX:XX:XX:1B:66
10-27 15:25:22.266 D/BluetoothDevice(20109): getAddress: mAddress=XX:XX:XX:XX:1B:66
10-27 15:25:22.266 D/BluetoothDevice(20109): getAddress: mAddress=XX:XX:XX:XX:1B:66
10-27 15:25:22.266 D/BluetoothDevice(20109): getAddress: mAddress=XX:XX:XX:XX:1B:66
10-27 15:25:22.266 D/BluetoothDevice(20109): getAddress: mAddress=XX:XX:XX:XX:1B:66
10-27 15:25:22.276 D/BluetoothDevice(20109): getAddress: mAddress=XX:XX:XX:XX:62:E9
10-27 15:25:22.277 D/BluetoothDevice(20109): getAddress: mAddress=XX:XX:XX:XX:62:E9
10-27 15:25:22.277 D/BluetoothDevice(20109): getAddress: mAddress=XX:XX:XX:XX:62:E9
10-27 15:25:22.277 D/BluetoothDevice(20109): getAddress: mAddress=XX:XX:XX:XX:62:E9
10-27 15:25:22.277 D/BluetoothDevice(20109): getAddress: mAddress=XX:XX:XX:XX:62:E9
10-27 15:25:22.298 D/BluetoothDevice(20109): getAddress: mAddress=XX:XX:XX:XX:F5:15
10-27 15:25:22.298 D/BluetoothDevice(20109): getAddress: mAddress=XX:XX:XX:XX:F5:15
10-27 15:25:22.298 D/BluetoothDevice(20109): getAddress: mAddress=XX:XX:XX:XX:F5:15
10-27 15:25:22.298 D/BluetoothDevice(20109): getAddress: mAddress=XX:XX:XX:XX:F5:15
10-27 15:25:22.298 D/BluetoothDevice(20109): getAddress: mAddress=XX:XX:XX:XX:F5:15
10-27 15:25:22.335 I/hwservicemanager(  483): getTransport: Cannot find entry vendor.mediatek.hardware.mtkradioex@3.0::IMtkRadioEx/mtkSmartRatSwitch1 in either framework or device VINTF manifest.
10-27 15:25:22.542 D/EMDLOGGER1( 1057): ccb_init_cond: wait required modem status time out
10-27 15:25:22.552 W/ServiceManagerCppClient( 1061): Waited one second for vendor.mediatek.hardware.lbs.ILbs/mtk_lbs_log_v2s (is service started? Number of threads started in the threadpool: 1. Are binder threads started and available?)
10-27 15:25:22.556 W/libc    (  482): Unable to set property "ctl.interface_start" to "aidl/vendor.mediatek.hardware.lbs.ILbs/mtk_lbs_log_v2s": PROP_ERROR_HANDLE_CONTROL_MESSAGE (0x20)
10-27 15:25:22.713 I/libPerfCtl(  866): xgfGetFPS pid:896 fps:-1
10-27 15:25:22.714 I/libPerfCtl(  866): xgfGetFPS pid:2020 fps:-1
10-27 15:25:22.714 I/libPerfCtl(  866): xgfGetFPS pid:14839 fps:-1
10-27 15:25:22.751 I/hwservicemanager(  483): getTransport: Cannot find entry vendor.mediatek.hardware.mtkradioex@3.0::IMtkRadioEx/mtkCap1 in either framework or device VINTF manifest.
10-27 15:25:22.753 I/hwservicemanager(  483): getTransport: Cannot find entry vendor.mediatek.hardware.mtkradioex@2.0::IMtkRadioEx/mtkCap1 in either framework or device VINTF manifest.
10-27 15:25:22.757 I/hwservicemanager(  483): getTransport: Cannot find entry vendor.mediatek.hardware.mtkradioex@3.0::IMtkRadioEx/imsSlot1 in either framework or device VINTF manifest.
10-27 15:25:23.032 I/thermal_src( 1095): recvmsg_expect 5, but get 2 
10-27 15:25:23.032 V/thermal_src( 1095): TA_DAEMON_CMD_GET_TPCB:ERROR ret=-1
10-27 15:25:23.032 E/thermal_src( 1095): get_tpcb_from_kernel:error -1. retry...
10-27 15:25:23.033 I/thermal_src( 1095): recvmsg_expect 5, but get 2 
10-27 15:25:23.033 V/thermal_src( 1095): TA_DAEMON_CMD_GET_TPCB:ERROR ret=-1
10-27 15:25:23.033 E/thermal_src( 1095): get_tpcb_from_kernel:error -1. retry...
10-27 15:25:23.033 I/thermal_src( 1095): recvmsg_expect 5, but get 2 
10-27 15:25:23.033 V/thermal_src( 1095): TA_DAEMON_CMD_GET_TPCB:ERROR ret=-1
10-27 15:25:23.033 E/thermal_src( 1095): get_tpcb_from_kernel:error -1. retry...
10-27 15:25:23.033 I/thermal_src( 1095): recvmsg_expect 4, but get 5 
10-27 15:25:23.033 V/thermal_src( 1095): TA_DAEMON_CMD_SET_TTJ:ERROR ret=-1
10-27 15:25:23.033 E/thermal_src( 1095): set_ttj_to_kernel 1:error -1
10-27 15:25:23.033 I/thermal_src( 1095): recvmsg_expect 2, but get 5 
10-27 15:25:23.033 V/thermal_src( 1095): waiting NOTIFY from kernel miss, -1
10-27 15:25:23.033 I/thermal_src( 1095): recvmsg_expect 2, but get 5 
10-27 15:25:23.033 V/thermal_src( 1095): waiting NOTIFY from kernel miss, -1
10-27 15:25:23.033 I/thermal_src( 1095): recvmsg_expect 2, but get 4 
10-27 15:25:23.033 V/thermal_src( 1095): waiting NOTIFY from kernel miss, -1
10-27 15:25:23.253 D/BluetoothDevice(20109): getAddress: mAddress=XX:XX:XX:XX:DC:2A
10-27 15:25:23.253 I/bt_btif_dm(20109): btif_dm.cc:573 get_cod: remote_cod=0x00001f00
10-27 15:25:23.253 D/BluetoothDevice(20109): getAddress: mAddress=XX:XX:XX:XX:DC:2A
10-27 15:25:23.254 D/BluetoothDevice(20109): getAddress: mAddress=XX:XX:XX:XX:DC:2A
10-27 15:25:23.254 D/BluetoothDevice(20109): getAddress: mAddress=XX:XX:XX:XX:DC:2A
10-27 15:25:23.254 D/BluetoothDevice(20109): getAddress: mAddress=XX:XX:XX:XX:DC:2A
10-27 15:25:23.260 D/BluetoothDevice(20109): getAddress: mAddress=XX:XX:XX:XX:DC:BF
10-27 15:25:23.260 D/BluetoothDevice(20109): getAddress: mAddress=XX:XX:XX:XX:DC:BF
10-27 15:25:23.260 D/BluetoothDevice(20109): getAddress: mAddress=XX:XX:XX:XX:DC:BF
10-27 15:25:23.260 D/BluetoothDevice(20109): getAddress: mAddress=XX:XX:XX:XX:DC:BF
10-27 15:25:23.260 D/BluetoothDevice(20109): getAddress: mAddress=XX:XX:XX:XX:DC:BF
10-27 15:25:23.269 D/BluetoothDevice(20109): getAddress: mAddress=XX:XX:XX:XX:F8:6F
10-27 15:25:23.270 D/BluetoothDevice(20109): getAddress: mAddress=XX:XX:XX:XX:F8:6F
10-27 15:25:23.270 D/BluetoothDevice(20109): getAddress: mAddress=XX:XX:XX:XX:F8:6F
10-27 15:25:23.270 D/BluetoothDevice(20109): getAddress: mAddress=XX:XX:XX:XX:F8:6F
10-27 15:25:23.270 D/BluetoothDevice(20109): getAddress: mAddress=XX:XX:XX:XX:F8:6F
10-27 15:25:23.549 D/connsyslogger( 1010): SD_LOG_ROOT is /data/debuglogger/connsyslog/fw.
10-27 15:25:23.549 D/connsyslogger( 1010): systemReady:1
10-27 15:25:23.555 W/ServiceManagerCppClient( 1061): Waited one second for vendor.mediatek.hardware.lbs.ILbs/mtk_lbs_log_v2s (is service started? Number of threads started in the threadpool: 1. Are binder threads started and available?)
10-27 15:25:23.559 W/libc    (  482): Unable to set property "ctl.interface_start" to "aidl/vendor.mediatek.hardware.lbs.ILbs/mtk_lbs_log_v2s": PROP_ERROR_HANDLE_CONTROL_MESSAGE (0x20)
10-27 15:25:23.714 I/libPerfCtl(  866): xgfGetFPS pid:2020 fps:-1
10-27 15:25:23.714 I/libPerfCtl(  866): xgfGetFPS pid:14839 fps:-1
10-27 15:25:23.802 D/ControlCenterHeaderExpandController( 2020): onExpansionChanged: progress =  0.0
10-27 15:25:23.805 D/ControlCenterHeaderExpandController( 2020): onExpansionChanged: progress =  0.0
10-27 15:25:23.813 D/ControlCenterHeaderExpandController( 2020): onExpansionChanged: progress =  0.0
10-27 15:25:23.828 I/BufferQueueProducer(  896): [StatusBar#118](this:0xb400007146a25470,id:-1,api:0,p:-1,c:896) queueBuffer: fps=0.25 dur=4001.72 max=4001.72 min=4001.72
10-27 15:25:23.830 D/ControlCenterHeaderExpandController( 2020): onExpansionChanged: progress =  0.0
10-27 15:25:23.831 D/libcomposer_ext(  850): DeviceImplAidl::DeviceClientContextAidl::NotifyHwcComposition()
10-27 15:25:23.832 D/libcomposer_ext(  896): ClientCallbackAidl::asyncPerform(12)
10-27 15:25:23.832 D/libcomposer_ext(  896): ClientImplAidl::ParseNotifyHwcComposition()
10-27 15:25:23.832 I/SurfaceFlinger(  896): NotifyHwcComposition(), id 0, mode 1
10-27 15:25:23.833 I/hwcomposer(  850): [HWCDisplay] (0 updateFps():3644), (type:1, mode:2) fps:0.554179,dur:1804.47,max:1804.47,min:1804.47  
10-27 15:25:23.834 I/hwcomposer(  850): [DBQ] (q2:0xb400006f9b41aa30) Buffer queue is created with size(3), m_id(608), q2  
10-27 15:25:23.834 I/hwcomposer(  850): [DBQ] (q2:0xb400006f9b41aa30) Reallocate Slot(0), pool(0 -> 0) size(0 -> 4288000) secure(0 -> 0)  
10-27 15:25:23.838 I/hwcomposer(  850): [DBQ] (q2:0xb400006f9b41aa30) Alloc Slot(0), handle=0xb400006fdb407dd0 c=0 w=800 h=1340 p=800 ys=800 vs=1340 f=2 sec=0 sh=0, usage=0x800  
10-27 15:25:23.841 I/MI-SF   (  896): surfaceflinger setAffinity mode=0
10-27 15:25:23.841 E/MI-SF   (  896): surfaceflinger setAffinity success
10-27 15:25:23.855 I/thermal_src( 1095): recvmsg_expect 5, but get 2 
10-27 15:25:23.855 V/thermal_src( 1095): TA_DAEMON_CMD_GET_TPCB:ERROR ret=-1
10-27 15:25:23.855 E/thermal_src( 1095): get_tpcb_from_kernel:error -1. retry...
10-27 15:25:23.855 I/thermal_src( 1095): recvmsg_expect 5, but get 2 
10-27 15:25:23.855 V/thermal_src( 1095): TA_DAEMON_CMD_GET_TPCB:ERROR ret=-1
10-27 15:25:23.855 E/thermal_src( 1095): get_tpcb_from_kernel:error -1. retry...
10-27 15:25:23.855 I/thermal_src( 1095): recvmsg_expect 5, but get 2 
10-27 15:25:23.855 V/thermal_src( 1095): TA_DAEMON_CMD_GET_TPCB:ERROR ret=-1
10-27 15:25:23.855 E/thermal_src( 1095): get_tpcb_from_kernel:error -1. retry...
10-27 15:25:23.855 I/thermal_src( 1095): recvmsg_expect 5, but get 2 
10-27 15:25:23.856 V/thermal_src( 1095): TA_DAEMON_CMD_GET_TPCB:ERROR ret=-1
10-27 15:25:23.856 E/thermal_src( 1095): get_tpcb_from_kernel:error -1. retry...
10-27 15:25:23.856 I/thermal_src( 1095): recvmsg_expect 4, but get 5 
10-27 15:25:23.856 V/thermal_src( 1095): TA_DAEMON_CMD_SET_TTJ:ERROR ret=-1
10-27 15:25:23.856 E/thermal_src( 1095): set_ttj_to_kernel 1:error -1
10-27 15:25:23.856 I/thermal_src( 1095): recvmsg_expect 2, but get 5 
10-27 15:25:23.856 V/thermal_src( 1095): waiting NOTIFY from kernel miss, -1
10-27 15:25:23.856 I/thermal_src( 1095): recvmsg_expect 2, but get 5 
10-27 15:25:23.856 V/thermal_src( 1095): waiting NOTIFY from kernel miss, -1
10-27 15:25:23.856 I/thermal_src( 1095): recvmsg_expect 2, but get 5 
10-27 15:25:23.856 V/thermal_src( 1095): waiting NOTIFY from kernel miss, -1
10-27 15:25:23.856 I/thermal_src( 1095): recvmsg_expect 2, but get 4 
10-27 15:25:23.856 V/thermal_src( 1095): waiting NOTIFY from kernel miss, -1
10-27 15:25:23.971 I/hwcomposer(  850): [HWC] (0)fire a callback of refresh to SF[4]  
10-27 15:25:23.976 I/hwcomposer(  850): [HWCLayer] (0 id:608 setHwlayerType():746), release queue sp q2_608, type 3 -> 0  
10-27 15:25:23.976 I/hwcomposer(  850): [DBQ] (q2:0xb400006f9b41aa30) Buffer queue is destroyed, m_id(608)  
10-27 15:25:23.976 I/hwcomposer(  850): [DBQ] (q2:0xb400006f9b41aa30) ~DisplayBufferQueue(), m_id(608), release buf  
10-27 15:25:23.976 I/hwcomposer(  850): [DBQ] (q2:0xb400006f9b41aa30) Free Slot(0), handle=0xb400006fdb407dd0, 4288000 -> 0  
10-27 15:25:23.977 D/libcomposer_ext(  850): DeviceImplAidl::DeviceClientContextAidl::NotifyHwcComposition()
10-27 15:25:23.977 D/libcomposer_ext(  896): ClientCallbackAidl::asyncPerform(12)
10-27 15:25:23.977 D/libcomposer_ext(  896): ClientImplAidl::ParseNotifyHwcComposition()
10-27 15:25:23.977 I/SurfaceFlinger(  896): NotifyHwcComposition(), id 0, mode 0
10-27 15:25:23.984 I/BufferQueueProducer(  896): [FramebufferSurface](this:0xb400006f767f08e0,id:-1,api:1,p:896,c:896) queueBuffer: fps=0.51 dur=1955.70 max=1955.70 min=1955.70
10-27 15:25:23.987 I/MI-SF   (  896): surfaceflinger setAffinity mode=1
10-27 15:25:23.988 E/MI-SF   (  896): surfaceflinger setAffinity success
10-27 15:25:23.988 I/MI-SF   (  896): surfaceflinger setreAffinity reTid=1142
10-27 15:25:23.988 E/MI-SF   (  896): surfaceflinger setAffinity success
10-27 15:25:24.065 D/IpClient/wlan0( 1893): interfaceLinkStateChanged: ifindex 15 up
10-27 15:25:24.235 D/BluetoothDevice(20109): getAddress: mAddress=XX:XX:XX:XX:60:57
10-27 15:25:24.235 D/BluetoothDevice(20109): getAddress: mAddress=XX:XX:XX:XX:60:57
10-27 15:25:24.236 D/BluetoothDevice(20109): getAddress: mAddress=XX:XX:XX:XX:60:57
10-27 15:25:24.236 D/BluetoothDevice(20109): getAddress: mAddress=XX:XX:XX:XX:60:57
10-27 15:25:24.238 D/BluetoothDevice(20109): getAddress: mAddress=XX:XX:XX:XX:60:57
10-27 15:25:24.239 D/BluetoothDevice(20109): getAddress: mAddress=XX:XX:XX:XX:63:AA
10-27 15:25:24.240 D/BluetoothDevice(20109): getAddress: mAddress=XX:XX:XX:XX:63:AA
10-27 15:25:24.240 D/BluetoothDevice(20109): getAddress: mAddress=XX:XX:XX:XX:63:AA
10-27 15:25:24.240 D/BluetoothDevice(20109): getAddress: mAddress=XX:XX:XX:XX:63:AA
10-27 15:25:24.240 D/BluetoothDevice(20109): getAddress: mAddress=XX:XX:XX:XX:63:AA
10-27 15:25:24.240 D/BluetoothDevice( 2038): getAddress: mAddress=XX:XX:XX:XX:60:57
10-27 15:25:24.240 D/BluetoothDevice( 2038): getAddress: mAddress=XX:XX:XX:XX:60:57
10-27 15:25:24.241 I/NearbyConnections( 2038): Found BleAdvertisement [ 0x23 0x47 0x33 0x39 0x43 0x11 0x32 0x2f 0x78 0xa7 0xd7 0xf5 0x84 0x4d 0x25 0x23 0x4b 0x3a 0x53 0xbe 0x2a 0x69 0x63 ] (with EndpointId G39C and EndpointInfo [ 0x32 0x2f 0x78 0xa7 0xd7 0xf5 0x84 0x4d 0x25 0x23 0x4b 0x3a 0x53 0xbe 0x2a 0x69 0x63 ])
10-27 15:25:24.241 I/NearbyConnections( 2038): Unable to record discovered endpoint due to null currentDiscoveryPhase
10-27 15:25:24.241 I/NearbyConnections( 2038): ClientProxy(93629406 0p:com.google.android.gms.nearby.sharing) reporting onEndpointFound(G39C)
10-27 15:25:24.241 I/NearbyConnections( 2038): ClientProxy(93629406) reporting onEndpointDistanceChanged(G39C, UNKNOWN)
10-27 15:25:24.243 I/NearbySharing( 2038): NearbySharing Internal event EndpointDiscovered(endpointId=G39C)
10-27 15:25:24.290 D/BluetoothDevice(20109): getAddress: mAddress=XX:XX:XX:XX:5E:4F
10-27 15:25:24.290 D/BluetoothDevice(20109): getAddress: mAddress=XX:XX:XX:XX:5E:4F
10-27 15:25:24.291 D/BluetoothDevice(20109): getAddress: mAddress=XX:XX:XX:XX:5E:4F
10-27 15:25:24.291 D/BluetoothDevice(20109): getAddress: mAddress=XX:XX:XX:XX:5E:4F
10-27 15:25:24.291 D/BluetoothDevice(20109): getAddress: mAddress=XX:XX:XX:XX:5E:4F
10-27 15:25:24.311 D/BluetoothDevice(20109): getAddress: mAddress=XX:XX:XX:XX:F5:15
10-27 15:25:24.312 D/BluetoothDevice(20109): getAddress: mAddress=XX:XX:XX:XX:F5:15
10-27 15:25:24.312 D/BluetoothDevice(20109): getAddress: mAddress=XX:XX:XX:XX:F5:15
10-27 15:25:24.312 D/BluetoothDevice(20109): getAddress: mAddress=XX:XX:XX:XX:F5:15
10-27 15:25:24.312 D/BluetoothDevice(20109): getAddress: mAddress=XX:XX:XX:XX:F5:15
10-27 15:25:24.543 D/EMDLOGGER1( 1057): ccb_init_cond: wait required modem status time out
10-27 15:25:24.558 W/ServiceManagerCppClient( 1061): Waited one second for vendor.mediatek.hardware.lbs.ILbs/mtk_lbs_log_v2s (is service started? Number of threads started in the threadpool: 1. Are binder threads started and available?)
10-27 15:25:24.561 W/libc    (  482): Unable to set property "ctl.interface_start" to "aidl/vendor.mediatek.hardware.lbs.ILbs/mtk_lbs_log_v2s": PROP_ERROR_HANDLE_CONTROL_MESSAGE (0x20)
10-27 15:25:24.714 I/libPerfCtl(  866): xgfGetFPS pid:896 fps:-1
10-27 15:25:24.715 I/libPerfCtl(  866): xgfGetFPS pid:2020 fps:-1
10-27 15:25:24.729 D/UiModeManager( 1300): updateConfigurationLocked: mDockState=0; mCarMode=false; mCar=false; mPowerSave=false; mOverrideNightModeOn=false; mOverrideNightModeOff=false; mComputedNightMode=false; mNightModeValue=1; uiMode=17
10-27 15:25:24.733 D/PowerCheckerService( 4900): onBatteryChanged, mBatteryLevel = 100, status = 2, level = 100, plug = 2, scale = 100
10-27 15:25:24.733 D/PowerKeeper.Thermal( 4900): mBatteryTemperature: 27
10-27 15:25:24.733 I/ProcAudioPowerManager( 4900): onBatteryChanged, onBattery is false
10-27 15:25:24.733 D/PowerKeeper.FrozenApp( 4900): onBatteryChanged plug=true mBatteryPlugged=2
10-27 15:25:24.734 I/PowerSaveService( 4564): onReceive: android.intent.action.BATTERY_CHANGED
10-27 15:25:24.735 I/PowerNoticeUI( 4564): handleBatteryChanged oldPlugType 2 mPlugType 2 oldBatteryLevel 100 mBatteryLevel 100 temperature 270
10-27 15:25:24.735 I/ChargerBatteryIntelligenceReceiver( 4564): onBatteryChanged temperature27,plugType:2
10-27 15:25:24.735 D/BaseChargeProtect_HighTemp( 4564): mCountByMinute:0,isScreenOn:true
10-27 15:25:24.793 D/DisplayModeController(  896): setDesiredMode 4627039422300187648 {mode={fps=50.00 Hz, modePtr={id=2, vsyncRate=50.00 Hz, peakRefreshRate=50.00 Hz}}, emitEvent=false, force=false}
10-27 15:25:24.794 D/Scheduler(  896): MtkOverrideDuration: update vsync 50
10-27 15:25:24.795 E/SurfaceFlinger(  896): MtkDuration override mode is disabled
10-27 15:25:24.795 D/Scheduler(  896): MtkOverrideDuration: reset override duration
10-27 15:25:24.795 I/PowerHalWrapper(  896): updateFps(): 50
10-27 15:25:24.799 I/hwcomposer(  850): [HWCDisplay] (0 setActiveConfigWithConstraints():4091), config:2  
10-27 15:25:24.799 I/hwcomposer(  850): [HWCDisplay] (0 setActiveConfigWithConstraints():4141), now 42215309094053, diff 693230, estimated_applied_time 16666667 queued_size:0  
10-27 15:25:24.802 D/libcomposer_ext(  850): DeviceImplAidl::DeviceClientContextAidl::NotifyHwcComposition()
10-27 15:25:24.802 D/libcomposer_ext(  896): ClientCallbackAidl::asyncPerform(12)
10-27 15:25:24.803 D/libcomposer_ext(  896): ClientImplAidl::ParseNotifyHwcComposition()
10-27 15:25:24.803 I/SurfaceFlinger(  896): NotifyHwcComposition(), id 0, mode 1
10-27 15:25:24.804 I/hwcomposer(  850): [DBQ] (q2:0xb400006f9b41aa30) Buffer queue is created with size(3), m_id(608), q2  
10-27 15:25:24.804 I/hwcomposer(  850): [DBQ] (q2:0xb400006f9b41aa30) Reallocate Slot(0), pool(0 -> 0) size(0 -> 4288000) secure(0 -> 0)  
10-27 15:25:24.808 I/hwcomposer(  850): [DBQ] (q2:0xb400006f9b41aa30) Alloc Slot(0), handle=0xb400006fdb408b90 c=0 w=800 h=1340 p=800 ys=800 vs=1340 f=2 sec=0 sh=0, usage=0x800  
10-27 15:25:24.811 I/MI-SF   (  896): surfaceflinger setAffinity mode=0
10-27 15:25:24.811 E/MI-SF   (  896): surfaceflinger setAffinity success
10-27 15:25:24.819 I/PowerHalWrapper(  896): updateFps(): 50
10-27 15:25:24.821 I/PowerHalWrapper(  896): updateFps(): 50
10-27 15:25:24.824 I/hwcomposer(  850): [HWCDisplay] (0 updateAppliedConfigState():4337), applied config complete[idx:42215325760720, config:2]  
10-27 15:25:24.975 I/NearbyMediums( 2038): Found Fast Ble Advertisements :
10-27 15:25:24.975 I/NearbyMediums( 2038): BleAdvertisement { version=2, socketVersion=2, isFast=true, serviceIdHash=null, data=[ 0x23 0x47 0x33 0x39 0x43 0x11 0x32 0x2f 0x78 0xa7 0xd7 0xf5 0x84 0x4d 0x25 0x23 0x4b 0x3a 0x53 0xbe 0x2a 0x69 0x63 ], deviceToken=[ 0xbc 0xfd ], rxAdvertisement=null } : 1 times.
10-27 15:25:24.975 I/NearbyMediums( 2038): Total 1 fast advertisements from 1 unique advertisers.
10-27 15:25:24.976 I/NearbyMediums( 2038): Current Tracked Scanning Clients are : {NearbyConnections.EnvironmentMonitor, NearbySharing}
10-27 15:25:24.977 I/NearbyConnections( 2038): Processing lost BlePeripheral BlePeripheral{advertisement=BleAdvertisement { version=2, socketVersion=2, isFast=true, serviceIdHash=null, data=[ 0x23 0x32 0x4b 0x41 0x57 0x11 0x32 0x59 0xd8 0xd3 0xe6 0x0c 0xf0 0x45 0x85 0xe5 0xcd 0x6c 0x4a 0xb6 0x56 0x4d 0xd5 ], deviceToken=[ 0xa4 0x40 ], rxAdvertisement=null }, dctAdvertisement=null, address=null, psm=0, deviceToken=<ByteString@da5299 size=2 contents="\244@">, isSecondProfile=false, rxInstantConnectionAdv=null}.
10-27 15:25:24.978 I/NearbyConnections( 2038): Lost BleEndpoint for BlePeripheral BlePeripheral{advertisement=BleAdvertisement { version=2, socketVersion=2, isFast=true, serviceIdHash=null, data=[ 0x23 0x32 0x4b 0x41 0x57 0x11 0x32 0x59 0xd8 0xd3 0xe6 0x0c 0xf0 0x45 0x85 0xe5 0xcd 0x6c 0x4a 0xb6 0x56 0x4d 0xd5 ], deviceToken=[ 0xa4 0x40 ], rxAdvertisement=null }, dctAdvertisement=null, address=null, psm=0, deviceToken=<ByteString@da5299 size=2 contents="\244@">, isSecondProfile=false, rxInstantConnectionAdv=null} (with EndpointId 2KAW and EndpointInfo [ 0x32 0x59 0xd8 0xd3 0xe6 0x0c 0xf0 0x45 0x85 0xe5 0xcd 0x6c 0x4a 0xb6 0x56 0x4d 0xd5 ]).
10-27 15:25:24.978 I/NearbyConnections( 2038): Unable to record lost endpoint due to null currentDiscoveryPhase
10-27 15:25:24.978 I/NearbyConnections( 2038): ClientProxy(93629406) reporting onEndpointLost(2KAW)
10-27 15:25:24.979 I/hwcomposer(  850): [HWC] (0)fire a callback of refresh to SF[4]  
10-27 15:25:24.980 I/NearbySharing( 2038): NearbySharing Internal event EndpointLost(endpointId=2KAW)
10-27 15:25:24.980 I/NearbySharing( 2038): [NS_DISCOVERY] DiscoveryController reported Lost(endpointId=2KAW)
10-27 15:25:24.993 I/hwcomposer(  850): [HWCLayer] (0 id:608 setHwlayerType():746), release queue sp q2_608, type 3 -> 0  
10-27 15:25:24.993 I/hwcomposer(  850): [DBQ] (q2:0xb400006f9b41aa30) Buffer queue is destroyed, m_id(608)  
10-27 15:25:24.994 I/hwcomposer(  850): [DBQ] (q2:0xb400006f9b41aa30) ~DisplayBufferQueue(), m_id(608), release buf  
10-27 15:25:24.994 I/hwcomposer(  850): [DBQ] (q2:0xb400006f9b41aa30) Free Slot(0), handle=0xb400006fdb408b90, 4288000 -> 0  
10-27 15:25:24.994 D/libcomposer_ext(  850): DeviceImplAidl::DeviceClientContextAidl::NotifyHwcComposition()
10-27 15:25:24.995 D/libcomposer_ext(  896): ClientCallbackAidl::asyncPerform(12)
10-27 15:25:24.995 D/libcomposer_ext(  896): ClientImplAidl::ParseNotifyHwcComposition()
10-27 15:25:24.995 I/SurfaceFlinger(  896): NotifyHwcComposition(), id 0, mode 0
10-27 15:25:25.001 I/BufferQueueProducer(  896): [FramebufferSurface](this:0xb400006f767f08e0,id:-1,api:1,p:896,c:896) queueBuffer: fps=0.98 dur=1017.62 max=1017.62 min=1017.62
10-27 15:25:25.002 I/hwcomposer(  850): [HWCDisplay] (0 updateFps():3644), (type:1, mode:2) fps:3.421662,dur:1169.02,max:818.77,min:18.94  
10-27 15:25:25.005 I/MI-SF   (  896): surfaceflinger setAffinity mode=1
10-27 15:25:25.005 E/MI-SF   (  896): surfaceflinger setAffinity success
10-27 15:25:25.005 I/MI-SF   (  896): surfaceflinger setreAffinity reTid=1142
10-27 15:25:25.005 E/MI-SF   (  896): surfaceflinger setAffinity success
10-27 15:25:25.033 I/thermal_src( 1095): recvmsg_expect 5, but get 2 
10-27 15:25:25.033 V/thermal_src( 1095): TA_DAEMON_CMD_GET_TPCB:ERROR ret=-1
10-27 15:25:25.033 E/thermal_src( 1095): get_tpcb_from_kernel:error -1. retry...
10-27 15:25:25.034 I/thermal_src( 1095): recvmsg_expect 5, but get 2 
10-27 15:25:25.034 V/thermal_src( 1095): TA_DAEMON_CMD_GET_TPCB:ERROR ret=-1
10-27 15:25:25.034 E/thermal_src( 1095): get_tpcb_from_kernel:error -1. retry...
10-27 15:25:25.034 I/thermal_src( 1095): recvmsg_expect 5, but get 2 
10-27 15:25:25.034 V/thermal_src( 1095): TA_DAEMON_CMD_GET_TPCB:ERROR ret=-1
10-27 15:25:25.034 E/thermal_src( 1095): get_tpcb_from_kernel:error -1. retry...
10-27 15:25:25.034 I/thermal_src( 1095): recvmsg_expect 4, but get 5 
10-27 15:25:25.034 V/thermal_src( 1095): TA_DAEMON_CMD_SET_TTJ:ERROR ret=-1
10-27 15:25:25.034 E/thermal_src( 1095): set_ttj_to_kernel 1:error -1
10-27 15:25:25.034 I/thermal_src( 1095): recvmsg_expect 2, but get 5 
10-27 15:25:25.034 V/thermal_src( 1095): waiting NOTIFY from kernel miss, -1
10-27 15:25:25.034 I/thermal_src( 1095): recvmsg_expect 2, but get 5 
10-27 15:25:25.035 V/thermal_src( 1095): waiting NOTIFY from kernel miss, -1
10-27 15:25:25.035 I/thermal_src( 1095): recvmsg_expect 2, but get 4 
10-27 15:25:25.035 V/thermal_src( 1095): waiting NOTIFY from kernel miss, -1
10-27 15:25:25.216 I/SmartPower: com.google.android.apps.tachyon/10182(7648)( 1300): idle->background(7754ms) R(broadcast start Intent { act=android.intent.action.BATTERY_CHANGED flg=0x60000010 (has extras) }) adj=905.
10-27 15:25:25.218 I/SmartPower: com.xiaomi.discover/10173(8860)( 1300): idle->background(7754ms) R(broadcast start Intent { act=android.intent.action.BATTERY_CHANGED flg=0x60000010 (has extras) }) adj=905.
10-27 15:25:25.221 I/SmartPower: com.facebook.orca/10386(31754)( 1300): idle->background(7754ms) R(broadcast start Intent { act=android.intent.action.BATTERY_CHANGED flg=0x60000010 (has extras) }) adj=905.
10-27 15:25:25.223 I/SmartPower: com.google.android.youtube/10200(29720)( 1300): idle->background(7755ms) R(broadcast start Intent { act=android.intent.action.BATTERY_CHANGED flg=0x60000010 (has extras) }) adj=905.
10-27 15:25:25.224 W/BroadcastQueue( 1300): Greezer Denial: sending Intent { act=android.intent.action.BATTERY_CHANGED flg=0x60000010 (has extras) }, action: android.intent.action.BATTERY_CHANGED from null (uid=1000) due to receiver ProcessRecord{9cc74cf 14673:com.abyss.abyssreader/u0a320} (uid 10320) need cached broadcast
10-27 15:25:25.225 W/BroadcastQueue( 1300): Greezer Denial: sending Intent { act=android.intent.action.BATTERY_CHANGED flg=0x60000010 (has extras) }, action: android.intent.action.BATTERY_CHANGED from null (uid=1000) due to receiver ProcessRecord{9cc74cf 14673:com.abyss.abyssreader/u0a320} (uid 10320) need cached broadcast
10-27 15:25:25.226 I/SmartPower: com.facebook.katana/10307(9576)( 1300): idle->background(7756ms) R(broadcast start Intent { act=android.intent.action.BATTERY_CHANGED flg=0x60000010 (has extras) }) adj=905.
10-27 15:25:25.242 D/BluetoothDevice(20109): getAddress: mAddress=XX:XX:XX:XX:F5:15
10-27 15:25:25.242 D/BluetoothDevice(20109): getAddress: mAddress=XX:XX:XX:XX:F5:15
10-27 15:25:25.242 D/BluetoothDevice(20109): getAddress: mAddress=XX:XX:XX:XX:F5:15
10-27 15:25:25.242 D/BluetoothDevice(20109): getAddress: mAddress=XX:XX:XX:XX:F5:15
10-27 15:25:25.243 D/BluetoothDevice(20109): getAddress: mAddress=XX:XX:XX:XX:F5:15
10-27 15:25:25.294 D/BluetoothDevice(20109): getAddress: mAddress=XX:XX:XX:XX:73:B5
10-27 15:25:25.294 D/BluetoothDevice(20109): getAddress: mAddress=XX:XX:XX:XX:73:B5
10-27 15:25:25.295 D/BluetoothDevice(20109): getAddress: mAddress=XX:XX:XX:XX:73:B5
10-27 15:25:25.295 D/BluetoothDevice(20109): getAddress: mAddress=XX:XX:XX:XX:73:B5
10-27 15:25:25.295 D/BluetoothDevice(20109): getAddress: mAddress=XX:XX:XX:XX:73:B5
10-27 15:25:25.296 I/bt_btif_dm(20109): btif_dm.cc:573 get_cod: remote_cod=0x00001f00
10-27 15:25:25.297 D/BluetoothDevice(20109): getAddress: mAddress=XX:XX:XX:XX:DC:2A
10-27 15:25:25.297 D/BluetoothDevice(20109): getAddress: mAddress=XX:XX:XX:XX:DC:2A
10-27 15:25:25.297 D/BluetoothDevice(20109): getAddress: mAddress=XX:XX:XX:XX:DC:2A
10-27 15:25:25.297 D/BluetoothDevice(20109): getAddress: mAddress=XX:XX:XX:XX:DC:2A
10-27 15:25:25.298 D/BluetoothDevice(20109): getAddress: mAddress=XX:XX:XX:XX:DC:2A
10-27 15:25:25.483 I/NearbySharing( 2038): [NS_CONTROL] DiscoveryStateManager emitted ReportLost(id=5).
10-27 15:25:25.483 I/NearbySharing( 2038): NearbySharing Internal event ReceiverLost(receiverId=5)
10-27 15:25:25.484 I/NearbySharing( 2038): SendManager event Lost(receiverId=5)
10-27 15:25:25.489 D/ShortcutService( 1300): rescanPackageIfNeeded 0@com.google.android.gms, forceRescan=false , isNewApp=false
10-27 15:25:25.491 I/NearbySharing( 2038): ShortcutInfoManager removed shortcut Berney's phone
10-27 15:25:25.496 W/NotificationHistory( 1300): Attempted to remove conversation for locked/gone/disabled user 0
10-27 15:25:25.550 D/connsyslogger( 1010): SD_LOG_ROOT is /data/debuglogger/connsyslog/fw.
10-27 15:25:25.550 D/connsyslogger( 1010): systemReady:1
10-27 15:25:25.560 W/ServiceManagerCppClient( 1061): Waited one second for vendor.mediatek.hardware.lbs.ILbs/mtk_lbs_log_v2s (is service started? Number of threads started in the threadpool: 1. Are binder threads started and available?)
10-27 15:25:25.564 W/libc    (  482): Unable to set property "ctl.interface_start" to "aidl/vendor.mediatek.hardware.lbs.ILbs/mtk_lbs_log_v2s": PROP_ERROR_HANDLE_CONTROL_MESSAGE (0x20)
10-27 15:25:25.592 I/ShortcutService( 1300): Detected launcher: com.miui.home user: 0 from callingPackage: com.miui.home u1000/1300
10-27 15:25:25.592 D/ShortcutService( 1300): Getting shortcuts for launcher= com.miui.homeuser=0 pkg=com.google.android.gms
10-27 15:25:25.593 D/ShortcutService( 1300): Saving package item com.google.android.gms to /data/system_ce/0/shortcut_service/packages/com.google.android.gms.xml
10-27 15:25:25.593 D/ShortcutService( 1300): Getting shortcuts for launcher= com.android.systemuiuser=0 pkg=com.google.android.gms
10-27 15:25:25.594 D/Launcher.Model( 1679): LauncherAppsCallback onShortcutsChanged|com.google.android.gms|UserHandle{0}
10-27 15:25:25.715 I/libPerfCtl(  866): xgfGetFPS pid:2020 fps:-1
10-27 15:25:25.817 D/DisplayModeController(  896): setDesiredMode 4627039422300187648 {mode={fps=60.00 Hz, modePtr={id=1, vsyncRate=60.00 Hz, peakRefreshRate=60.00 Hz}}, emitEvent=true, force=false}
10-27 15:25:25.818 D/Scheduler(  896): MtkOverrideDuration: update vsync 60
10-27 15:25:25.818 E/SurfaceFlinger(  896): MtkDuration override mode is disabled
10-27 15:25:25.818 D/Scheduler(  896): MtkOverrideDuration: reset override duration
10-27 15:25:25.818 I/PowerHalWrapper(  896): updateFps(): 60
10-27 15:25:25.825 I/BufferQueueProducer(  896): [SurfaceView[com.extrotarget.extropos/com.extrotarget.extropos.MainActivity](BLAST)#2568](this:0xb400007146a1adc0,id:-1,api:0,p:-1,c:896) queueBuffer: fps=0.73 dur=4105.31 max=4020.21 min=16.45
10-27 15:25:25.827 I/hwcomposer(  850): [HWCDisplay] (0 setActiveConfigWithConstraints():4091), config:1  
10-27 15:25:25.827 I/hwcomposer(  850): [HWCDisplay] (0 setActiveConfigWithConstraints():4141), now 42216336879900, diff 640000, estimated_applied_time 20000000 queued_size:0  
10-27 15:25:25.830 D/libcomposer_ext(  850): DeviceImplAidl::DeviceClientContextAidl::NotifyHwcComposition()
10-27 15:25:25.831 D/libcomposer_ext(  896): ClientCallbackAidl::asyncPerform(12)
10-27 15:25:25.831 D/libcomposer_ext(  896): ClientImplAidl::ParseNotifyHwcComposition()
10-27 15:25:25.831 I/SurfaceFlinger(  896): NotifyHwcComposition(), id 0, mode 1
10-27 15:25:25.832 I/hwcomposer(  850): [DBQ] (q2:0xb400006f9b41aa30) Buffer queue is created with size(3), m_id(608), q2  
10-27 15:25:25.832 I/hwcomposer(  850): [DBQ] (q2:0xb400006f9b41aa30) Reallocate Slot(0), pool(0 -> 0) size(0 -> 4288000) secure(0 -> 0)  
10-27 15:25:25.836 I/hwcomposer(  850): [DBQ] (q2:0xb400006f9b41aa30) Alloc Slot(0), handle=0xb400006fdb407dd0 c=0 w=800 h=1340 p=800 ys=800 vs=1340 f=2 sec=0 sh=0, usage=0x800  
10-27 15:25:25.838 I/MI-SF   (  896): surfaceflinger setAffinity mode=0
10-27 15:25:25.839 E/MI-SF   (  896): surfaceflinger setAffinity success
10-27 15:25:25.842 I/PowerHalWrapper(  896): updateFps(): 60
10-27 15:25:25.843 I/PowerHalWrapper(  896): updateFps(): 60
10-27 15:25:25.861 I/hwcomposer(  850): [HWCDisplay] (0 updateAppliedConfigState():4337), applied config complete[idx:42216356879900, config:1]  
10-27 15:25:25.867 I/hwcomposer(  850): [DBQ] (q2:0xb400006f9b41aa30) Reallocate Slot(1), pool(0 -> 0) size(0 -> 4288000) secure(0 -> 0)  
10-27 15:25:25.870 I/hwcomposer(  850): [DBQ] (q2:0xb400006f9b41aa30) Alloc Slot(1), handle=0xb400006fdb40d050 c=0 w=800 h=1340 p=800 ys=800 vs=1340 f=2 sec=0 sh=0, usage=0x800  
10-27 15:25:25.971 I/hwcomposer(  850): [HWC] (0)fire a callback of refresh to SF[4]  
10-27 15:25:25.971 I/thermal_repeater( 1091): socket -1
10-27 15:25:25.983 I/hwcomposer(  850): [HWCLayer] (0 id:608 setHwlayerType():746), release queue sp q2_608, type 3 -> 0  
10-27 15:25:25.983 I/hwcomposer(  850): [DBQ] (q2:0xb400006f9b41aa30) Buffer queue is destroyed, m_id(608)  
10-27 15:25:25.983 I/hwcomposer(  850): [DBQ] (q2:0xb400006f9b41aa30) ~DisplayBufferQueue(), m_id(608), release buf  
10-27 15:25:25.983 I/hwcomposer(  850): [DBQ] (q2:0xb400006f9b41aa30) Free Slot(0), handle=0xb400006fdb407dd0, 4288000 -> 0  
10-27 15:25:25.984 I/hwcomposer(  850): [DBQ] (q2:0xb400006f9b41aa30) Free Slot(1), handle=0xb400006fdb40d050, 4288000 -> 0  
10-27 15:25:25.984 D/libcomposer_ext(  850): DeviceImplAidl::DeviceClientContextAidl::NotifyHwcComposition()
10-27 15:25:25.985 D/libcomposer_ext(  896): ClientCallbackAidl::asyncPerform(12)
10-27 15:25:25.985 D/libcomposer_ext(  896): ClientImplAidl::ParseNotifyHwcComposition()
10-27 15:25:25.985 I/SurfaceFlinger(  896): NotifyHwcComposition(), id 0, mode 0
10-27 15:25:25.995 I/MI-SF   (  896): surfaceflinger setAffinity mode=1
10-27 15:25:25.996 E/MI-SF   (  896): surfaceflinger setAffinity success
10-27 15:25:25.996 I/MI-SF   (  896): surfaceflinger setreAffinity reTid=1142
10-27 15:25:25.996 E/MI-SF   (  896): surfaceflinger setAffinity success
10-27 15:25:26.164 D/MiuiFastConnectService_Plugin( 2599): stopBleScan: scanning: true
10-27 15:25:26.164 D/BluetoothAdapter( 2599): isLeEnabled(): ON
10-27 15:25:26.164 D/BluetoothAdapter( 2599): isLeEnabled(): ON
10-27 15:25:26.169 I/AppScanStats(20109): BLE_SCAN_RESULT_RECEIVED[4]reportBleScanResults=0
10-27 15:25:26.171 I/AppScanStats(20109): BLE_SCAN_STATE_CHANGED[4]reportBleScanStopped=false
10-27 15:25:26.173 I/BtGatt.ScanManager(20109): msg.what = MSG_STOP_BLE_SCAN, msg.arg1 = None
10-27 15:25:26.174 E/BluetoothUtils(20109): isDeepDozeMode? false
10-27 15:25:26.176 I/bt_stack(20109): [INFO:le_scanning_manager.cc(172)] Unregister in shim layer, scanner_id:4
10-27 15:25:26.177 I/bt_stack(20109): [INFO:le_scanning_manager.cc(178)] Scan in shim layer stopped
10-27 15:25:26.177 I/bluetooth(20109): le_address_manager.cc:204 unregister_client: Client unregistered
10-27 15:25:26.177 W/BtGatt.ScanManager(20109): trackLeScan() - mLastNativeScanParams = 0
10-27 15:25:26.178 I/bt_stack(20109): [INFO:le_scanning_manager.cc(358)] SetScanParameters in shim layer
10-27 15:25:26.178 I/bt_stack(20109): [INFO:le_scanning_manager.cc(368)] SetScanParameters scan_phy 1 phy 1
10-27 15:25:26.178 I/bt_stack(20109): [INFO:le_scanning_manager.cc(358)] SetScanParameters in shim layer
10-27 15:25:26.178 I/bt_stack(20109): [INFO:le_scanning_manager.cc(368)] SetScanParameters scan_phy 1 phy 1
10-27 15:25:26.178 I/bt_stack(20109): [INFO:le_scanning_manager.cc(178)] Scan in shim layer started
10-27 15:25:26.178 W/BtGatt.ScanManager(20109): find new configure params - scanInterval = 1000 scanWindow = 80
10-27 15:25:26.179 I/bluetooth(20109): le_scanning_manager.cc:646 stop_scan: Scanning already stopped, return!
10-27 15:25:26.179 I/bluetooth(20109): le_address_manager.cc:189 register_client: Client registered
10-27 15:25:26.182 D/android.hardware.bluetooth@aidl-impl(  845): BtHostDebugInfo
10-27 15:25:26.182 D/[BT]    (  845): mtk_bt_op: BT_VND_OP_SET_BTHOST
10-27 15:25:26.188 D/android.hardware.bluetooth@aidl-impl(  845): BtHostDebugInfo
10-27 15:25:26.188 D/[BT]    (  845): mtk_bt_op: BT_VND_OP_SET_BTHOST
10-27 15:25:26.238 D/BluetoothAdapter( 2599): isLeEnabled(): ON
10-27 15:25:26.238 D/MiuiFastConnectService_Plugin( 2599): handleMessage: MSG_START_BLE_SCAN mode: 0
10-27 15:25:26.239 V/BluetoothPluginCloud( 2599): queryPluginFeatureSupport: pluginVersion = 1.3_1.31featureId = scan_aux_V
10-27 15:25:26.243 D/BluetoothDevice(20109): getAddress: mAddress=XX:XX:XX:XX:1B:66
10-27 15:25:26.243 D/BluetoothDevice(20109): getAddress: mAddress=XX:XX:XX:XX:1B:66
10-27 15:25:26.243 D/BluetoothDevice(20109): getAddress: mAddress=XX:XX:XX:XX:1B:66
10-27 15:25:26.243 D/BluetoothDevice(20109): getAddress: mAddress=XX:XX:XX:XX:1B:66
10-27 15:25:26.243 D/BluetoothDevice(20109): getAddress: mAddress=XX:XX:XX:XX:1B:66
10-27 15:25:26.247 D/BluetoothAdapter( 2599): isLeEnabled(): ON
10-27 15:25:26.251 I/bt_stack(20109): [INFO:le_scanning_manager.cc(165)] RegisterScanner in shim layer
10-27 15:25:26.253 D/BluetoothLeScanner( 2599): onScannerRegistered() - status=0 scannerId=4 mScannerId=0
10-27 15:25:26.258 I/AppScanStats(20109): BLE_SCAN_STATE_CHANGED[4]reportBleScanStarted=false
10-27 15:25:26.258 I/BtGatt.ScanManager(20109): msg.what = MSG_RECORD_CALLER, msg.arg1 = None
10-27 15:25:26.258 I/BtGatt.ScanManager(20109): msg.what = MSG_START_BLE_SCAN, msg.arg1 = None
10-27 15:25:26.260 V/BtGatt.ScanManager(20109): isForeground: true for com.xiaomi.bluetooth:1002
10-27 15:25:26.261 I/bt_stack(20109): [INFO:le_scanning_manager.cc(178)] Scan in shim layer stopped
10-27 15:25:26.261 W/BtGatt.ScanManager(20109): trackLeScan() - mLastNativeScanParams = 0
10-27 15:25:26.261 I/bt_stack(20109): [INFO:le_scanning_manager.cc(358)] SetScanParameters in shim layer
10-27 15:25:26.261 I/bt_stack(20109): [INFO:le_scanning_manager.cc(368)] SetScanParameters scan_phy 1 phy 1
10-27 15:25:26.262 I/bt_stack(20109): [INFO:le_scanning_manager.cc(358)] SetScanParameters in shim layer
10-27 15:25:26.262 I/bt_stack(20109): [INFO:le_scanning_manager.cc(368)] SetScanParameters scan_phy 1 phy 1
10-27 15:25:26.262 I/bluetooth(20109): le_address_manager.cc:204 unregister_client: Client unregistered
10-27 15:25:26.262 I/bt_stack(20109): [INFO:le_scanning_manager.cc(178)] Scan in shim layer started
10-27 15:25:26.263 W/BtGatt.ScanManager(20109): find new configure params - scanInterval = 1000 scanWindow = 80
10-27 15:25:26.263 I/bluetooth(20109): le_scanning_manager.cc:646 stop_scan: Scanning already stopped, return!
10-27 15:25:26.263 I/bluetooth(20109): le_address_manager.cc:189 register_client: Client registered
10-27 15:25:26.265 D/android.hardware.bluetooth@aidl-impl(  845): BtHostDebugInfo
10-27 15:25:26.266 D/[BT]    (  845): mtk_bt_op: BT_VND_OP_SET_BTHOST
10-27 15:25:26.270 D/android.hardware.bluetooth@aidl-impl(  845): BtHostDebugInfo
10-27 15:25:26.270 D/[BT]    (  845): mtk_bt_op: BT_VND_OP_SET_BTHOST
10-27 15:25:26.305 D/BluetoothDevice(20109): getAddress: mAddress=XX:XX:XX:XX:DC:BF
10-27 15:25:26.305 D/BluetoothDevice(20109): getAddress: mAddress=XX:XX:XX:XX:DC:BF
10-27 15:25:26.305 D/BluetoothDevice(20109): getAddress: mAddress=XX:XX:XX:XX:DC:BF
10-27 15:25:26.305 D/BluetoothDevice(20109): getAddress: mAddress=XX:XX:XX:XX:DC:BF
10-27 15:25:26.305 D/BluetoothDevice(20109): getAddress: mAddress=XX:XX:XX:XX:DC:BF
10-27 15:25:26.307 D/BluetoothDevice(20109): getAddress: mAddress=XX:XX:XX:XX:DC:EE
10-27 15:25:26.307 D/BluetoothDevice(20109): getAddress: mAddress=XX:XX:XX:XX:DC:EE
10-27 15:25:26.308 D/BluetoothDevice(20109): getAddress: mAddress=XX:XX:XX:XX:DC:EE
10-27 15:25:26.308 D/BluetoothDevice(20109): getAddress: mAddress=XX:XX:XX:XX:DC:EE
10-27 15:25:26.308 D/BluetoothDevice(20109): getAddress: mAddress=XX:XX:XX:XX:DC:EE
10-27 15:25:26.312 D/BluetoothDevice(20109): getAddress: mAddress=XX:XX:XX:XX:E7:74
10-27 15:25:26.312 D/BluetoothDevice(20109): getAddress: mAddress=XX:XX:XX:XX:E7:74
10-27 15:25:26.312 D/BluetoothDevice(20109): getAddress: mAddress=XX:XX:XX:XX:E7:74
10-27 15:25:26.312 D/BluetoothDevice(20109): getAddress: mAddress=XX:XX:XX:XX:E7:74
10-27 15:25:26.312 D/BluetoothDevice(20109): getAddress: mAddress=XX:XX:XX:XX:E7:74
10-27 15:25:26.318 D/BluetoothDevice(20109): getAddress: mAddress=XX:XX:XX:XX:60:57
10-27 15:25:26.319 D/BluetoothDevice(20109): getAddress: mAddress=XX:XX:XX:XX:60:57
10-27 15:25:26.319 D/BluetoothDevice(20109): getAddress: mAddress=XX:XX:XX:XX:60:57
10-27 15:25:26.319 D/BluetoothDevice(20109): getAddress: mAddress=XX:XX:XX:XX:60:57
10-27 15:25:26.321 D/BluetoothDevice(20109): getAddress: mAddress=XX:XX:XX:XX:60:57
10-27 15:25:26.323 D/BluetoothDevice(20109): getAddress: mAddress=XX:XX:XX:XX:DC:2A
10-27 15:25:26.323 D/BluetoothDevice( 2038): getAddress: mAddress=XX:XX:XX:XX:60:57
10-27 15:25:26.323 I/bt_btif_dm(20109): btif_dm.cc:573 get_cod: remote_cod=0x00001f00
10-27 15:25:26.323 D/BluetoothDevice( 2038): getAddress: mAddress=XX:XX:XX:XX:60:57
10-27 15:25:26.323 D/BluetoothDevice(20109): getAddress: mAddress=XX:XX:XX:XX:DC:2A
10-27 15:25:26.323 D/BluetoothDevice(20109): getAddress: mAddress=XX:XX:XX:XX:DC:2A
10-27 15:25:26.323 D/BluetoothDevice(20109): getAddress: mAddress=XX:XX:XX:XX:DC:2A
10-27 15:25:26.324 D/BluetoothDevice(20109): getAddress: mAddress=XX:XX:XX:XX:DC:2A
10-27 15:25:26.325 D/BluetoothDevice(20109): getAddress: mAddress=XX:XX:XX:XX:DC:2A
10-27 15:25:26.325 D/BluetoothDevice(20109): getAddress: mAddress=XX:XX:XX:XX:DC:2A
10-27 15:25:26.340 D/BluetoothDevice(20109): getAddress: mAddress=XX:XX:XX:XX:0F:E4
10-27 15:25:26.341 D/BluetoothDevice(20109): getAddress: mAddress=XX:XX:XX:XX:0F:E4
10-27 15:25:26.341 D/BluetoothDevice(20109): getAddress: mAddress=XX:XX:XX:XX:0F:E4
10-27 15:25:26.341 D/BluetoothDevice(20109): getAddress: mAddress=XX:XX:XX:XX:0F:E4
10-27 15:25:26.341 D/BluetoothDevice(20109): getAddress: mAddress=XX:XX:XX:XX:0F:E4
10-27 15:25:26.341 I/hwservicemanager(  483): getTransport: Cannot find entry vendor.mediatek.hardware.mtkradioex@3.0::IMtkRadioEx/mtkSmartRatSwitch1 in either framework or device VINTF manifest.
10-27 15:25:26.345 D/BluetoothDevice(20109): getAddress: mAddress=XX:XX:XX:XX:62:E9
10-27 15:25:26.345 D/BluetoothDevice(20109): getAddress: mAddress=XX:XX:XX:XX:62:E9
10-27 15:25:26.345 D/BluetoothDevice(20109): getAddress: mAddress=XX:XX:XX:XX:62:E9
10-27 15:25:26.345 D/BluetoothDevice(20109): getAddress: mAddress=XX:XX:XX:XX:62:E9
10-27 15:25:26.345 D/BluetoothDevice(20109): getAddress: mAddress=XX:XX:XX:XX:62:E9
10-27 15:25:26.350 D/BluetoothDevice(20109): getAddress: mAddress=XX:XX:XX:XX:1B:66
10-27 15:25:26.350 D/BluetoothDevice(20109): getAddress: mAddress=XX:XX:XX:XX:1B:66
10-27 15:25:26.350 D/BluetoothDevice(20109): getAddress: mAddress=XX:XX:XX:XX:1B:66
10-27 15:25:26.350 D/BluetoothDevice(20109): getAddress: mAddress=XX:XX:XX:XX:1B:66
10-27 15:25:26.351 D/BluetoothDevice(20109): getAddress: mAddress=XX:XX:XX:XX:1B:66
10-27 15:25:26.544 D/EMDLOGGER1( 1057): ccb_init_cond: wait required modem status time out
10-27 15:25:26.563 W/ServiceManagerCppClient( 1061): Waited one second for vendor.mediatek.hardware.lbs.ILbs/mtk_lbs_log_v2s (is service started? Number of threads started in the threadpool: 1. Are binder threads started and available?)
10-27 15:25:26.567 W/libc    (  482): Unable to set property "ctl.interface_start" to "aidl/vendor.mediatek.hardware.lbs.ILbs/mtk_lbs_log_v2s": PROP_ERROR_HANDLE_CONTROL_MESSAGE (0x20)
10-27 15:25:26.757 I/hwservicemanager(  483): getTransport: Cannot find entry vendor.mediatek.hardware.mtkradioex@3.0::IMtkRadioEx/mtkCap1 in either framework or device VINTF manifest.
10-27 15:25:26.759 I/hwservicemanager(  483): getTransport: Cannot find entry vendor.mediatek.hardware.mtkradioex@2.0::IMtkRadioEx/mtkCap1 in either framework or device VINTF manifest.
10-27 15:25:26.763 I/hwservicemanager(  483): getTransport: Cannot find entry vendor.mediatek.hardware.mtkradioex@3.0::IMtkRadioEx/imsSlot1 in either framework or device VINTF manifest.
10-27 15:25:26.817 I/libPerfCtl(  866): xgfGetFPS pid:896 fps:-1
10-27 15:25:26.818 I/libPerfCtl(  866): xgfGetFPS pid:2020 fps:-1
10-27 15:25:26.818 I/libPerfCtl(  866): xgfGetFPS pid:14839 fps:-1
10-27 15:25:27.034 I/thermal_src( 1095): recvmsg_expect 5, but get 2 
10-27 15:25:27.035 V/thermal_src( 1095): TA_DAEMON_CMD_GET_TPCB:ERROR ret=-1
10-27 15:25:27.035 E/thermal_src( 1095): get_tpcb_from_kernel:error -1. retry...
10-27 15:25:27.035 I/thermal_src( 1095): recvmsg_expect 5, but get 2 
10-27 15:25:27.035 V/thermal_src( 1095): TA_DAEMON_CMD_GET_TPCB:ERROR ret=-1
10-27 15:25:27.035 E/thermal_src( 1095): get_tpcb_from_kernel:error -1. retry...
10-27 15:25:27.035 I/thermal_src( 1095): recvmsg_expect 5, but get 2 
10-27 15:25:27.035 V/thermal_src( 1095): TA_DAEMON_CMD_GET_TPCB:ERROR ret=-1
10-27 15:25:27.035 E/thermal_src( 1095): get_tpcb_from_kernel:error -1. retry...
10-27 15:25:27.035 I/thermal_src( 1095): recvmsg_expect 4, but get 5 
10-27 15:25:27.035 V/thermal_src( 1095): TA_DAEMON_CMD_SET_TTJ:ERROR ret=-1
10-27 15:25:27.035 E/thermal_src( 1095): set_ttj_to_kernel 1:error -1
10-27 15:25:27.035 I/thermal_src( 1095): recvmsg_expect 2, but get 5 
10-27 15:25:27.036 V/thermal_src( 1095): waiting NOTIFY from kernel miss, -1
10-27 15:25:27.036 I/thermal_src( 1095): recvmsg_expect 2, but get 5 
10-27 15:25:27.036 V/thermal_src( 1095): waiting NOTIFY from kernel miss, -1
10-27 15:25:27.036 I/thermal_src( 1095): recvmsg_expect 2, but get 4 
10-27 15:25:27.036 V/thermal_src( 1095): waiting NOTIFY from kernel miss, -1
10-27 15:25:27.284 D/BluetoothDevice(20109): getAddress: mAddress=XX:XX:XX:XX:1B:66
10-27 15:25:27.285 D/BluetoothDevice(20109): getAddress: mAddress=XX:XX:XX:XX:1B:66
10-27 15:25:27.285 D/BluetoothDevice(20109): getAddress: mAddress=XX:XX:XX:XX:1B:66
