10-27 15:25:14.465 I/SmartPower: com.facebook.orca/10386(31754)( 1300): idle->background(2383ms) R(broadcast start Intent { act=android.intent.action.BATTERY_CHANGED flg=0x60000010 (has extras) }) adj=905.
10-27 15:25:14.467 I/SmartPower: com.google.android.youtube/10200(29720)( 1300): idle->background(2383ms) R(broadcast start Intent { act=android.intent.action.BATTERY_CHANGED flg=0x60000010 (has extras) }) adj=905.
10-27 15:25:14.468 W/BroadcastQueue( 1300): Greezer Denial: sending Intent { act=android.intent.action.BATTERY_CHANGED flg=0x60000010 (has extras) }, action: android.intent.action.BATTERY_CHANGED from null (uid=1000) due to receiver ProcessRecord{9cc74cf 14673:com.abyss.abyssreader/u0a320} (uid 10320) need cached broadcast
10-27 15:25:14.468 W/BroadcastQueue( 1300): Greezer Denial: sending Intent { act=android.intent.action.BATTERY_CHANGED flg=0x60000010 (has extras) }, action: android.intent.action.BATTERY_CHANGED from null (uid=1000) due to receiver ProcessRecord{9cc74cf 14673:com.abyss.abyssreader/u0a320} (uid 10320) need cached broadcast
10-27 15:25:14.469 I/SmartPower: com.facebook.katana/10307(9576)( 1300): idle->background(2384ms) R(broadcast start Intent { act=android.intent.action.BATTERY_CHANGED flg=0x60000010 (has extras) }) adj=905.
10-27 15:25:14.531 W/ServiceManagerCppClient( 1061): Waited one second for vendor.mediatek.hardware.lbs.ILbs/mtk_lbs_log_v2s (is service started? Number of threads started in the threadpool: 1. Are binder threads started and available?)
10-27 15:25:14.536 W/libc    (  482): Unable to set property "ctl.interface_start" to "aidl/vendor.mediatek.hardware.lbs.ILbs/mtk_lbs_log_v2s": PROP_ERROR_HANDLE_CONTROL_MESSAGE (0x20)
10-27 15:25:14.540 D/EMDLOGGER1( 1057): ccb_init_cond: wait required modem status time out
10-27 15:25:14.733 I/hwservicemanager(  483): getTransport: Cannot find entry vendor.mediatek.hardware.mtkradioex@3.0::IMtkRadioEx/mtkCap1 in either framework or device VINTF manifest.
10-27 15:25:14.735 I/hwservicemanager(  483): getTransport: Cannot find entry vendor.mediatek.hardware.mtkradioex@2.0::IMtkRadioEx/mtkCap1 in either framework or device VINTF manifest.
10-27 15:25:14.739 I/hwservicemanager(  483): getTransport: Cannot find entry vendor.mediatek.hardware.mtkradioex@3.0::IMtkRadioEx/imsSlot1 in either framework or device VINTF manifest.
10-27 15:25:14.971 I/NearbyMediums( 2038): Found Fast Ble Advertisements :
10-27 15:25:14.971 I/NearbyMediums( 2038): BleAdvertisement { version=2, socketVersion=2, isFast=true, serviceIdHash=null, data=[ 0x23 0x32 0x4b 0x41 0x57 0x11 0x32 0x59 0xd8 0xd3 0xe6 0x0c 0xf0 0x45 0x85 0xe5 0xcd 0x6c 0x4a 0xb6 0x56 0x4d 0xd5 ], deviceToken=[ 0xa4 0x40 ], rxAdvertisement=null } : 6 times.
10-27 15:25:14.971 I/NearbyMediums( 2038): Total 6 fast advertisements from 1 unique advertisers.
10-27 15:25:14.972 I/NearbyMediums( 2038): Current Tracked Scanning Clients are : {NearbyConnections.EnvironmentMonitor, NearbySharing}
10-27 15:25:14.973 I/NearbyConnections( 2038): Processing lost BlePeripheral BlePeripheral{advertisement=BleAdvertisement { version=2, socketVersion=2, isFast=true, serviceIdHash=null, data=[ 0x23 0x5a 0x4a 0x33 0x33 0x11 0x32 0xf7 0x77 0xa2 0xac 0x58 0xfc 0xa5 0x49 0xec 0x10 0xf1 0x84 0x0f 0x37 0x10 0xb4 ], deviceToken=[ 0x54 0x05 ], rxAdvertisement=null }, dctAdvertisement=null, address=null, psm=0, deviceToken=<ByteString@fe801ba size=2 contents="T\005">, isSecondProfile=false, rxInstantConnectionAdv=null}.
10-27 15:25:14.974 I/NearbyConnections( 2038): Lost BleEndpoint for BlePeripheral BlePeripheral{advertisement=BleAdvertisement { version=2, socketVersion=2, isFast=true, serviceIdHash=null, data=[ 0x23 0x5a 0x4a 0x33 0x33 0x11 0x32 0xf7 0x77 0xa2 0xac 0x58 0xfc 0xa5 0x49 0xec 0x10 0xf1 0x84 0x0f 0x37 0x10 0xb4 ], deviceToken=[ 0x54 0x05 ], rxAdvertisement=null }, dctAdvertisement=null, address=null, psm=0, deviceToken=<ByteString@fe801ba size=2 contents="T\005">, isSecondProfile=false, rxInstantConnectionAdv=null} (with EndpointId ZJ33 and EndpointInfo [ 0x32 0xf7 0x77 0xa2 0xac 0x58 0xfc 0xa5 0x49 0xec 0x10 0xf1 0x84 0x0f 0x37 0x10 0xb4 ]).
10-27 15:25:14.975 I/NearbyConnections( 2038): Unable to record lost endpoint due to null currentDiscoveryPhase
10-27 15:25:14.975 I/NearbyConnections( 2038): ClientProxy(93629406) reporting onEndpointLost(ZJ33)
10-27 15:25:14.976 I/NearbyConnections( 2038): Processing lost BlePeripheral BlePeripheral{advertisement=BleAdvertisement { version=2, socketVersion=2, isFast=true, serviceIdHash=null, data=[ 0x23 0x47 0x33 0x39 0x43 0x11 0x32 0x2f 0x78 0xa7 0xd7 0xf5 0x84 0x4d 0x25 0x23 0x4b 0x3a 0x53 0xbe 0x2a 0x69 0x63 ], deviceToken=[ 0xbc 0xfd ], rxAdvertisement=null }, dctAdvertisement=null, address=null, psm=0, deviceToken=<ByteString@62b986b size=2 contents="\274\375">, isSecondProfile=false, rxInstantConnectionAdv=null}.
10-27 15:25:14.977 I/NearbyConnections( 2038): Lost BleEndpoint for BlePeripheral BlePeripheral{advertisement=BleAdvertisement { version=2, socketVersion=2, isFast=true, serviceIdHash=null, data=[ 0x23 0x47 0x33 0x39 0x43 0x11 0x32 0x2f 0x78 0xa7 0xd7 0xf5 0x84 0x4d 0x25 0x23 0x4b 0x3a 0x53 0xbe 0x2a 0x69 0x63 ], deviceToken=[ 0xbc 0xfd ], rxAdvertisement=null }, dctAdvertisement=null, address=null, psm=0, deviceToken=<ByteString@62b986b size=2 contents="\274\375">, isSecondProfile=false, rxInstantConnectionAdv=null} (with EndpointId G39C and EndpointInfo [ 0x32 0x2f 0x78 0xa7 0xd7 0xf5 0x84 0x4d 0x25 0x23 0x4b 0x3a 0x53 0xbe 0x2a 0x69 0x63 ]).
10-27 15:25:14.978 I/NearbyConnections( 2038): Unable to record lost endpoint due to null currentDiscoveryPhase
10-27 15:25:14.979 I/NearbySharing( 2038): NearbySharing Internal event EndpointLost(endpointId=ZJ33)
10-27 15:25:14.979 I/NearbyConnections( 2038): ClientProxy(93629406) reporting onEndpointLost(G39C)
10-27 15:25:14.981 I/NearbySharing( 2038): NearbySharing Internal event EndpointLost(endpointId=G39C)
10-27 15:25:15.027 I/thermal_src( 1095): recvmsg_expect 5, but get 2 
10-27 15:25:15.027 V/thermal_src( 1095): TA_DAEMON_CMD_GET_TPCB:ERROR ret=-1
10-27 15:25:15.027 E/thermal_src( 1095): get_tpcb_from_kernel:error -1. retry...
10-27 15:25:15.027 I/thermal_src( 1095): recvmsg_expect 4, but get 2 
10-27 15:25:15.027 V/thermal_src( 1095): TA_DAEMON_CMD_SET_TTJ:ERROR ret=-1
10-27 15:25:15.027 E/thermal_src( 1095): set_ttj_to_kernel 1:error -1
10-27 15:25:15.027 I/thermal_src( 1095): recvmsg_expect 2, but get 5 
10-27 15:25:15.027 V/thermal_src( 1095): waiting NOTIFY from kernel miss, -1
10-27 15:25:15.027 I/thermal_src( 1095): recvmsg_expect 2, but get 4 
10-27 15:25:15.028 V/thermal_src( 1095): waiting NOTIFY from kernel miss, -1
10-27 15:25:15.149 I/libPerfCtl(  866): xgfGetFPS pid:2020 fps:-1
10-27 15:25:15.150 I/libPerfCtl(  866): xgfGetFPS pid:14839 fps:-1
10-27 15:25:15.250 D/BluetoothDevice(20109): getAddress: mAddress=XX:XX:XX:XX:02:6F
10-27 15:25:15.250 D/BluetoothDevice(20109): getAddress: mAddress=XX:XX:XX:XX:02:6F
10-27 15:25:15.250 D/BluetoothDevice(20109): getAddress: mAddress=XX:XX:XX:XX:02:6F
10-27 15:25:15.251 D/BluetoothDevice(20109): getAddress: mAddress=XX:XX:XX:XX:02:6F
10-27 15:25:15.251 D/BluetoothDevice(20109): getAddress: mAddress=XX:XX:XX:XX:02:6F
10-27 15:25:15.253 D/BluetoothDevice(20109): getAddress: mAddress=XX:XX:XX:XX:F5:68
10-27 15:25:15.253 D/BluetoothDevice(20109): getAddress: mAddress=XX:XX:XX:XX:F5:68
10-27 15:25:15.253 D/BluetoothDevice(20109): getAddress: mAddress=XX:XX:XX:XX:F5:68
10-27 15:25:15.253 D/BluetoothDevice(20109): getAddress: mAddress=XX:XX:XX:XX:F5:68
10-27 15:25:15.253 D/BluetoothDevice(20109): getAddress: mAddress=XX:XX:XX:XX:F5:68
10-27 15:25:15.262 D/BluetoothDevice(20109): getAddress: mAddress=XX:XX:XX:XX:5E:4F
10-27 15:25:15.262 D/BluetoothDevice(20109): getAddress: mAddress=XX:XX:XX:XX:5E:4F
10-27 15:25:15.262 D/BluetoothDevice(20109): getAddress: mAddress=XX:XX:XX:XX:5E:4F
10-27 15:25:15.263 D/BluetoothDevice(20109): getAddress: mAddress=XX:XX:XX:XX:5E:4F
10-27 15:25:15.263 D/BluetoothDevice(20109): getAddress: mAddress=XX:XX:XX:XX:5E:4F
10-27 15:25:15.267 D/BluetoothDevice(20109): getAddress: mAddress=XX:XX:XX:XX:DC:EE
10-27 15:25:15.267 D/BluetoothDevice(20109): getAddress: mAddress=XX:XX:XX:XX:DC:EE
10-27 15:25:15.267 D/BluetoothDevice(20109): getAddress: mAddress=XX:XX:XX:XX:DC:EE
10-27 15:25:15.267 D/BluetoothDevice(20109): getAddress: mAddress=XX:XX:XX:XX:DC:EE
10-27 15:25:15.268 D/BluetoothDevice(20109): getAddress: mAddress=XX:XX:XX:XX:DC:EE
10-27 15:25:15.271 D/BluetoothDevice(20109): getAddress: mAddress=XX:XX:XX:XX:79:FD
10-27 15:25:15.272 D/BluetoothDevice(20109): getAddress: mAddress=XX:XX:XX:XX:79:FD
10-27 15:25:15.272 D/BluetoothDevice(20109): getAddress: mAddress=XX:XX:XX:XX:79:FD
10-27 15:25:15.272 D/BluetoothDevice(20109): getAddress: mAddress=XX:XX:XX:XX:79:FD
10-27 15:25:15.272 D/BluetoothDevice(20109): getAddress: mAddress=XX:XX:XX:XX:79:FD
10-27 15:25:15.278 D/BluetoothDevice(20109): getAddress: mAddress=XX:XX:XX:XX:1B:66
10-27 15:25:15.279 D/BluetoothDevice(20109): getAddress: mAddress=XX:XX:XX:XX:1B:66
10-27 15:25:15.279 D/BluetoothDevice(20109): getAddress: mAddress=XX:XX:XX:XX:1B:66
10-27 15:25:15.279 D/BluetoothDevice(20109): getAddress: mAddress=XX:XX:XX:XX:1B:66
10-27 15:25:15.279 D/BluetoothDevice(20109): getAddress: mAddress=XX:XX:XX:XX:1B:66
10-27 15:25:15.292 D/BluetoothDevice(20109): getAddress: mAddress=XX:XX:XX:XX:63:AA
10-27 15:25:15.293 D/BluetoothDevice(20109): getAddress: mAddress=XX:XX:XX:XX:63:AA
10-27 15:25:15.293 D/BluetoothDevice(20109): getAddress: mAddress=XX:XX:XX:XX:63:AA
10-27 15:25:15.293 D/BluetoothDevice(20109): getAddress: mAddress=XX:XX:XX:XX:63:AA
10-27 15:25:15.293 D/BluetoothDevice(20109): getAddress: mAddress=XX:XX:XX:XX:63:AA
10-27 15:25:15.534 W/ServiceManagerCppClient( 1061): Waited one second for vendor.mediatek.hardware.lbs.ILbs/mtk_lbs_log_v2s (is service started? Number of threads started in the threadpool: 1. Are binder threads started and available?)
10-27 15:25:15.538 W/libc    (  482): Unable to set property "ctl.interface_start" to "aidl/vendor.mediatek.hardware.lbs.ILbs/mtk_lbs_log_v2s": PROP_ERROR_HANDLE_CONTROL_MESSAGE (0x20)
10-27 15:25:15.546 D/connsyslogger( 1010): SD_LOG_ROOT is /data/debuglogger/connsyslog/fw.
10-27 15:25:15.546 D/connsyslogger( 1010): systemReady:1
10-27 15:25:15.604 D/HeapUsage Monitor( 1300): HeapAllocSize : 80MB; monitorSize : 500MB
10-27 15:25:15.605 D/AES     ( 1300): AEEIOCTL_GET/SET_SF_STATE IOCTL,cmd= 1074294797, lParam=0. 
10-27 15:25:15.605 D/AES     ( 1300): AEEIOCTL_RT_MON_Kick IOCTL,cmd= 2147774474, lParam=300. 
10-27 15:25:15.792 D/ControlCenterHeaderExpandController( 2020): onExpansionChanged: progress =  0.0
10-27 15:25:15.796 D/ControlCenterHeaderExpandController( 2020): onExpansionChanged: progress =  0.0
10-27 15:25:15.801 D/ControlCenterHeaderExpandController( 2020): onExpansionChanged: progress =  0.0
10-27 15:25:15.815 I/BufferQueueProducer(  896): [StatusBar#118](this:0xb400007146a25470,id:-1,api:0,p:-1,c:896) queueBuffer: fps=0.50 dur=4037.93 max=3875.30 min=162.63
10-27 15:25:15.816 D/ControlCenterHeaderExpandController( 2020): onExpansionChanged: progress =  0.0
10-27 15:25:15.817 D/libcomposer_ext(  850): DeviceImplAidl::DeviceClientContextAidl::NotifyHwcComposition()
10-27 15:25:15.818 D/libcomposer_ext(  896): ClientCallbackAidl::asyncPerform(12)
10-27 15:25:15.818 D/libcomposer_ext(  896): ClientImplAidl::ParseNotifyHwcComposition()
10-27 15:25:15.818 I/SurfaceFlinger(  896): NotifyHwcComposition(), id 0, mode 1
10-27 15:25:15.819 I/hwcomposer(  850): [HWCDisplay] (0 updateFps():3644), (type:1, mode:2) fps:3.331998,dur:3001.20,max:2073.24,min:16.66  
10-27 15:25:15.820 I/hwcomposer(  850): [DBQ] (q2:0xb400006f9b41aa30) Buffer queue is created with size(3), m_id(608), q2  
10-27 15:25:15.820 I/hwcomposer(  850): [DBQ] (q2:0xb400006f9b41aa30) Reallocate Slot(0), pool(0 -> 0) size(0 -> 4288000) secure(0 -> 0)  
10-27 15:25:15.824 I/hwcomposer(  850): [DBQ] (q2:0xb400006f9b41aa30) Alloc Slot(0), handle=0xb400006fdb40f6d0 c=0 w=800 h=1340 p=800 ys=800 vs=1340 f=2 sec=0 sh=0, usage=0x800  
10-27 15:25:15.826 I/MI-SF   (  896): surfaceflinger setAffinity mode=0
10-27 15:25:15.827 E/MI-SF   (  896): surfaceflinger setAffinity success
10-27 15:25:15.950 I/hwcomposer(  850): [HWC] (0)fire a callback of refresh to SF[4]  
10-27 15:25:15.968 I/thermal_repeater( 1091): socket -1
10-27 15:25:15.972 I/hwcomposer(  850): [HWCLayer] (0 id:608 setHwlayerType():746), release queue sp q2_608, type 3 -> 0  
10-27 15:25:15.972 I/hwcomposer(  850): [DBQ] (q2:0xb400006f9b41aa30) Buffer queue is destroyed, m_id(608)  
10-27 15:25:15.972 I/hwcomposer(  850): [DBQ] (q2:0xb400006f9b41aa30) ~DisplayBufferQueue(), m_id(608), release buf  
10-27 15:25:15.972 I/hwcomposer(  850): [DBQ] (q2:0xb400006f9b41aa30) Free Slot(0), handle=0xb400006fdb40f6d0, 4288000 -> 0  
10-27 15:25:15.972 D/libcomposer_ext(  850): DeviceImplAidl::DeviceClientContextAidl::NotifyHwcComposition()
10-27 15:25:15.973 D/libcomposer_ext(  896): ClientCallbackAidl::asyncPerform(12)
10-27 15:25:15.973 D/libcomposer_ext(  896): ClientImplAidl::ParseNotifyHwcComposition()
10-27 15:25:15.973 I/SurfaceFlinger(  896): NotifyHwcComposition(), id 0, mode 0
10-27 15:25:15.980 I/BufferQueueProducer(  896): [FramebufferSurface](this:0xb400006f767f08e0,id:-1,api:1,p:896,c:896) queueBuffer: fps=0.68 dur=2960.67 max=2235.06 min=725.61
10-27 15:25:15.984 I/MI-SF   (  896): surfaceflinger setAffinity mode=1
10-27 15:25:15.984 E/MI-SF   (  896): surfaceflinger setAffinity success
10-27 15:25:15.984 I/MI-SF   (  896): surfaceflinger setreAffinity reTid=1142
10-27 15:25:15.984 E/MI-SF   (  896): surfaceflinger setAffinity success
10-27 15:25:16.150 I/libPerfCtl(  866): xgfGetFPS pid:896 fps:-1
10-27 15:25:16.150 I/libPerfCtl(  866): xgfGetFPS pid:2020 fps:-1
10-27 15:25:16.240 D/BluetoothDevice(20109): getAddress: mAddress=XX:XX:XX:XX:63:AA
10-27 15:25:16.240 D/BluetoothDevice(20109): getAddress: mAddress=XX:XX:XX:XX:63:AA
10-27 15:25:16.241 D/BluetoothDevice(20109): getAddress: mAddress=XX:XX:XX:XX:63:AA
10-27 15:25:16.241 D/BluetoothDevice(20109): getAddress: mAddress=XX:XX:XX:XX:63:AA
10-27 15:25:16.241 D/BluetoothDevice(20109): getAddress: mAddress=XX:XX:XX:XX:63:AA
10-27 15:25:16.260 D/BluetoothDevice(20109): getAddress: mAddress=XX:XX:XX:XX:C9:59
10-27 15:25:16.261 D/BluetoothDevice(20109): getAddress: mAddress=XX:XX:XX:XX:C9:59
10-27 15:25:16.261 D/BluetoothDevice(20109): getAddress: mAddress=XX:XX:XX:XX:C9:59
10-27 15:25:16.261 D/BluetoothDevice(20109): getAddress: mAddress=XX:XX:XX:XX:C9:59
10-27 15:25:16.261 D/BluetoothDevice(20109): getAddress: mAddress=XX:XX:XX:XX:C9:59
10-27 15:25:16.292 D/BluetoothDevice(20109): getAddress: mAddress=XX:XX:XX:XX:73:B5
10-27 15:25:16.293 D/BluetoothDevice(20109): getAddress: mAddress=XX:XX:XX:XX:73:B5
10-27 15:25:16.293 D/BluetoothDevice(20109): getAddress: mAddress=XX:XX:XX:XX:73:B5
10-27 15:25:16.293 D/BluetoothDevice(20109): getAddress: mAddress=XX:XX:XX:XX:73:B5
10-27 15:25:16.293 D/BluetoothDevice(20109): getAddress: mAddress=XX:XX:XX:XX:73:B5
10-27 15:25:16.304 D/BluetoothDevice(20109): getAddress: mAddress=XX:XX:XX:XX:F5:15
10-27 15:25:16.304 D/BluetoothDevice(20109): getAddress: mAddress=XX:XX:XX:XX:F5:15
10-27 15:25:16.305 D/BluetoothDevice(20109): getAddress: mAddress=XX:XX:XX:XX:F5:15
10-27 15:25:16.305 D/BluetoothDevice(20109): getAddress: mAddress=XX:XX:XX:XX:F5:15
10-27 15:25:16.305 D/BluetoothDevice(20109): getAddress: mAddress=XX:XX:XX:XX:F5:15
10-27 15:25:16.537 W/ServiceManagerCppClient( 1061): Waited one second for vendor.mediatek.hardware.lbs.ILbs/mtk_lbs_log_v2s (is service started? Number of threads started in the threadpool: 1. Are binder threads started and available?)
10-27 15:25:16.540 D/EMDLOGGER1( 1057): ccb_init_cond: wait required modem status time out
10-27 15:25:16.540 W/libc    (  482): Unable to set property "ctl.interface_start" to "aidl/vendor.mediatek.hardware.lbs.ILbs/mtk_lbs_log_v2s": PROP_ERROR_HANDLE_CONTROL_MESSAGE (0x20)
10-27 15:25:16.608 D/DisplayModeController(  896): setDesiredMode 4627039422300187648 {mode={fps=50.00 Hz, modePtr={id=2, vsyncRate=50.00 Hz, peakRefreshRate=50.00 Hz}}, emitEvent=false, force=false}
10-27 15:25:16.609 D/Scheduler(  896): MtkOverrideDuration: update vsync 50
10-27 15:25:16.610 E/SurfaceFlinger(  896): MtkDuration override mode is disabled
10-27 15:25:16.610 D/Scheduler(  896): MtkOverrideDuration: reset override duration
10-27 15:25:16.610 I/PowerHalWrapper(  896): updateFps(): 50
10-27 15:25:16.621 I/hwcomposer(  850): [HWCDisplay] (0 setActiveConfigWithConstraints():4091), config:2  
10-27 15:25:16.621 I/hwcomposer(  850): [HWCDisplay] (0 setActiveConfigWithConstraints():4141), now 42207130954976, diff 797615, estimated_applied_time 16666667 queued_size:0  
10-27 15:25:16.624 D/libcomposer_ext(  850): DeviceImplAidl::DeviceClientContextAidl::NotifyHwcComposition()
10-27 15:25:16.625 D/libcomposer_ext(  896): ClientCallbackAidl::asyncPerform(12)
10-27 15:25:16.625 D/libcomposer_ext(  896): ClientImplAidl::ParseNotifyHwcComposition()
10-27 15:25:16.625 I/SurfaceFlinger(  896): NotifyHwcComposition(), id 0, mode 1
10-27 15:25:16.626 I/hwcomposer(  850): [DBQ] (q2:0xb400006f9b41aa30) Buffer queue is created with size(3), m_id(608), q2  
10-27 15:25:16.626 I/hwcomposer(  850): [DBQ] (q2:0xb400006f9b41aa30) Reallocate Slot(0), pool(0 -> 0) size(0 -> 4288000) secure(0 -> 0)  
10-27 15:25:16.631 I/hwcomposer(  850): [DBQ] (q2:0xb400006f9b41aa30) Alloc Slot(0), handle=0xb400006fdb408b90 c=0 w=800 h=1340 p=800 ys=800 vs=1340 f=2 sec=0 sh=0, usage=0x800  
10-27 15:25:16.633 I/MI-SF   (  896): surfaceflinger setAffinity mode=0
10-27 15:25:16.634 E/MI-SF   (  896): surfaceflinger setAffinity success
10-27 15:25:16.635 I/PowerHalWrapper(  896): updateFps(): 50
10-27 15:25:16.637 I/PowerHalWrapper(  896): updateFps(): 50
10-27 15:25:16.650 I/hwcomposer(  850): [HWCDisplay] (0 updateAppliedConfigState():4337), applied config complete[idx:42207147621643, config:2]  
10-27 15:25:16.734 I/hwcomposer(  850): [HWC] (0)fire a callback of refresh to SF[4]  
10-27 15:25:16.749 I/hwcomposer(  850): [HWCLayer] (0 id:608 setHwlayerType():746), release queue sp q2_608, type 3 -> 0  
10-27 15:25:16.749 I/hwcomposer(  850): [DBQ] (q2:0xb400006f9b41aa30) Buffer queue is destroyed, m_id(608)  
10-27 15:25:16.749 I/hwcomposer(  850): [DBQ] (q2:0xb400006f9b41aa30) ~DisplayBufferQueue(), m_id(608), release buf  
10-27 15:25:16.749 I/hwcomposer(  850): [DBQ] (q2:0xb400006f9b41aa30) Free Slot(0), handle=0xb400006fdb408b90, 4288000 -> 0  
10-27 15:25:16.750 D/libcomposer_ext(  850): DeviceImplAidl::DeviceClientContextAidl::NotifyHwcComposition()
10-27 15:25:16.750 D/libcomposer_ext(  896): ClientCallbackAidl::asyncPerform(12)
10-27 15:25:16.750 D/libcomposer_ext(  896): ClientImplAidl::ParseNotifyHwcComposition()
10-27 15:25:16.751 I/SurfaceFlinger(  896): NotifyHwcComposition(), id 0, mode 0
10-27 15:25:16.760 I/MI-SF   (  896): surfaceflinger setAffinity mode=1
10-27 15:25:16.761 E/MI-SF   (  896): surfaceflinger setAffinity success
10-27 15:25:16.761 I/MI-SF   (  896): surfaceflinger setreAffinity reTid=1142
10-27 15:25:16.761 E/MI-SF   (  896): surfaceflinger setAffinity success
10-27 15:25:17.028 I/thermal_src( 1095): recvmsg_expect 5, but get 2 
10-27 15:25:17.029 V/thermal_src( 1095): TA_DAEMON_CMD_GET_TPCB:ERROR ret=-1
10-27 15:25:17.029 E/thermal_src( 1095): get_tpcb_from_kernel:error -1. retry...
10-27 15:25:17.029 I/thermal_src( 1095): recvmsg_expect 5, but get 2 
10-27 15:25:17.029 V/thermal_src( 1095): TA_DAEMON_CMD_GET_TPCB:ERROR ret=-1
10-27 15:25:17.029 E/thermal_src( 1095): get_tpcb_from_kernel:error -1. retry...
10-27 15:25:17.029 I/thermal_src( 1095): recvmsg_expect 4, but get 5 
10-27 15:25:17.029 V/thermal_src( 1095): TA_DAEMON_CMD_SET_TTJ:ERROR ret=-1
10-27 15:25:17.029 E/thermal_src( 1095): set_ttj_to_kernel 1:error -1
10-27 15:25:17.029 I/thermal_src( 1095): recvmsg_expect 2, but get 5 
10-27 15:25:17.029 V/thermal_src( 1095): waiting NOTIFY from kernel miss, -1
10-27 15:25:17.029 I/thermal_src( 1095): recvmsg_expect 2, but get 4 
10-27 15:25:17.030 V/thermal_src( 1095): waiting NOTIFY from kernel miss, -1
10-27 15:25:17.150 I/libPerfCtl(  866): xgfGetFPS pid:896 fps:-1
10-27 15:25:17.150 I/libPerfCtl(  866): xgfGetFPS pid:2020 fps:-1
10-27 15:25:17.254 D/BluetoothDevice(20109): getAddress: mAddress=XX:XX:XX:XX:1B:66
10-27 15:25:17.254 D/BluetoothDevice(20109): getAddress: mAddress=XX:XX:XX:XX:1B:66
10-27 15:25:17.255 D/BluetoothDevice(20109): getAddress: mAddress=XX:XX:XX:XX:1B:66
10-27 15:25:17.255 D/BluetoothDevice(20109): getAddress: mAddress=XX:XX:XX:XX:1B:66
10-27 15:25:17.255 D/BluetoothDevice(20109): getAddress: mAddress=XX:XX:XX:XX:1B:66
10-27 15:25:17.270 D/BluetoothDevice(20109): getAddress: mAddress=XX:XX:XX:XX:F5:15
10-27 15:25:17.270 D/BluetoothDevice(20109): getAddress: mAddress=XX:XX:XX:XX:F5:15
10-27 15:25:17.270 D/BluetoothDevice(20109): getAddress: mAddress=XX:XX:XX:XX:F5:15
10-27 15:25:17.271 D/BluetoothDevice(20109): getAddress: mAddress=XX:XX:XX:XX:F5:15
10-27 15:25:17.271 D/BluetoothDevice(20109): getAddress: mAddress=XX:XX:XX:XX:F5:15
10-27 15:25:17.463 I/SmartPower: com.google.android.apps.tachyon/10182(7648)( 1300): background->idle(3002ms) R(broadcast start Intent { act=android.intent.action.BATTERY_CHANGED flg=0x60000010 (has extras) }) adj=905.
10-27 15:25:17.463 I/SmartPower: com.xiaomi.discover/10173(8860)( 1300): background->idle(3002ms) R(broadcast start Intent { act=android.intent.action.BATTERY_CHANGED flg=0x60000010 (has extras) }) adj=905.
10-27 15:25:17.467 I/SmartPower: com.facebook.orca/10386(31754)( 1300): background->idle(3002ms) R(broadcast start Intent { act=android.intent.action.BATTERY_CHANGED flg=0x60000010 (has extras) }) adj=905.
10-27 15:25:17.468 I/SmartPower: com.google.android.youtube/10200(29720)( 1300): background->idle(3001ms) R(broadcast start Intent { act=android.intent.action.BATTERY_CHANGED flg=0x60000010 (has extras) }) adj=905.
10-27 15:25:17.470 I/SmartPower: com.facebook.katana/10307(9576)( 1300): background->idle(3001ms) R(broadcast start Intent { act=android.intent.action.BATTERY_CHANGED flg=0x60000010 (has extras) }) adj=905.
10-27 15:25:17.539 W/ServiceManagerCppClient( 1061): Waited one second for vendor.mediatek.hardware.lbs.ILbs/mtk_lbs_log_v2s (is service started? Number of threads started in the threadpool: 1. Are binder threads started and available?)
10-27 15:25:17.543 W/libc    (  482): Unable to set property "ctl.interface_start" to "aidl/vendor.mediatek.hardware.lbs.ILbs/mtk_lbs_log_v2s": PROP_ERROR_HANDLE_CONTROL_MESSAGE (0x20)
10-27 15:25:17.547 D/connsyslogger( 1010): SD_LOG_ROOT is /data/debuglogger/connsyslog/fw.
10-27 15:25:17.547 D/connsyslogger( 1010): systemReady:1
10-27 15:25:17.625 D/DisplayModeController(  896): setDesiredMode 4627039422300187648 {mode={fps=60.00 Hz, modePtr={id=1, vsyncRate=60.00 Hz, peakRefreshRate=60.00 Hz}}, emitEvent=true, force=false}
10-27 15:25:17.625 D/Scheduler(  896): MtkOverrideDuration: update vsync 60
10-27 15:25:17.625 E/SurfaceFlinger(  896): MtkDuration override mode is disabled
10-27 15:25:17.625 D/Scheduler(  896): MtkOverrideDuration: reset override duration
10-27 15:25:17.625 I/PowerHalWrapper(  896): updateFps(): 60
10-27 15:25:17.632 I/BufferQueueProducer(  896): [SurfaceView[com.extrotarget.extropos/com.extrotarget.extropos.MainActivity](BLAST)#2568](this:0xb400007146a1adc0,id:-1,api:0,p:-1,c:896) queueBuffer: fps=0.73 dur=4095.11 max=4015.15 min=16.66
10-27 15:25:17.633 I/hwcomposer(  850): [HWCDisplay] (0 setActiveConfigWithConstraints():4091), config:1  
10-27 15:25:17.633 I/hwcomposer(  850): [HWCDisplay] (0 setActiveConfigWithConstraints():4141), now 42208143468745, diff 678461, estimated_applied_time 20000000 queued_size:0  
10-27 15:25:17.636 D/libcomposer_ext(  850): DeviceImplAidl::DeviceClientContextAidl::NotifyHwcComposition()
10-27 15:25:17.637 D/libcomposer_ext(  896): ClientCallbackAidl::asyncPerform(12)
10-27 15:25:17.637 D/libcomposer_ext(  896): ClientImplAidl::ParseNotifyHwcComposition()
10-27 15:25:17.637 I/SurfaceFlinger(  896): NotifyHwcComposition(), id 0, mode 1
10-27 15:25:17.638 I/hwcomposer(  850): [HWCDisplay] (0 updateFps():3644), (type:1, mode:2) fps:2.748348,dur:1819.28,max:879.84,min:13.42  
10-27 15:25:17.639 I/hwcomposer(  850): [DBQ] (q2:0xb400006f9b41aa30) Buffer queue is created with size(3), m_id(608), q2  
10-27 15:25:17.639 I/hwcomposer(  850): [DBQ] (q2:0xb400006f9b41aa30) Reallocate Slot(0), pool(0 -> 0) size(0 -> 4288000) secure(0 -> 0)  
10-27 15:25:17.642 I/hwcomposer(  850): [DBQ] (q2:0xb400006f9b41aa30) Alloc Slot(0), handle=0xb400006fdb40f6d0 c=0 w=800 h=1340 p=800 ys=800 vs=1340 f=2 sec=0 sh=0, usage=0x800  
10-27 15:25:17.644 I/MI-SF   (  896): surfaceflinger setAffinity mode=0
10-27 15:25:17.645 E/MI-SF   (  896): surfaceflinger setAffinity success
10-27 15:25:17.648 I/PowerHalWrapper(  896): updateFps(): 60
10-27 15:25:17.649 I/PowerHalWrapper(  896): updateFps(): 60
10-27 15:25:17.667 I/hwcomposer(  850): [HWCDisplay] (0 updateAppliedConfigState():4337), applied config complete[idx:42208163468745, config:1]  
10-27 15:25:17.704 I/hwcomposer(  850): [DBQ] (q2:0xb400006f9b41aa30) Reallocate Slot(1), pool(0 -> 0) size(0 -> 4288000) secure(0 -> 0)  
10-27 15:25:17.708 I/hwcomposer(  850): [DBQ] (q2:0xb400006f9b41aa30) Alloc Slot(1), handle=0xb400006fdb40b0b0 c=0 w=800 h=1340 p=800 ys=800 vs=1340 f=2 sec=0 sh=0, usage=0x800  
10-27 15:25:17.719 I/hwcomposer(  850): [DBQ] (q2:0xb400006f9b41aa30) Reallocate Slot(2), pool(0 -> 0) size(0 -> 4288000) secure(0 -> 0)  
10-27 15:25:17.723 I/hwcomposer(  850): [DBQ] (q2:0xb400006f9b41aa30) Alloc Slot(2), handle=0xb400006fdb40a190 c=0 w=800 h=1340 p=800 ys=800 vs=1340 f=2 sec=0 sh=0, usage=0x800  
10-27 15:25:17.907 I/hwcomposer(  850): [HWC] (0)fire a callback of refresh to SF[4]  
10-27 15:25:17.913 I/hwcomposer(  850): [HWCLayer] (0 id:608 setHwlayerType():746), release queue sp q2_608, type 3 -> 0  
10-27 15:25:17.913 I/hwcomposer(  850): [DBQ] (q2:0xb400006f9b41aa30) Buffer queue is destroyed, m_id(608)  
10-27 15:25:17.913 I/hwcomposer(  850): [DBQ] (q2:0xb400006f9b41aa30) ~DisplayBufferQueue(), m_id(608), release buf  
10-27 15:25:17.913 I/hwcomposer(  850): [DBQ] (q2:0xb400006f9b41aa30) Free Slot(0), handle=0xb400006fdb40f6d0, 4288000 -> 0  
10-27 15:25:17.914 I/hwcomposer(  850): [DBQ] (q2:0xb400006f9b41aa30) Free Slot(1), handle=0xb400006fdb40b0b0, 4288000 -> 0  
10-27 15:25:17.914 I/hwcomposer(  850): [DBQ] (q2:0xb400006f9b41aa30) Free Slot(2), handle=0xb400006fdb40a190, 4288000 -> 0  
10-27 15:25:17.915 D/libcomposer_ext(  850): DeviceImplAidl::DeviceClientContextAidl::NotifyHwcComposition()
10-27 15:25:17.916 D/libcomposer_ext(  896): ClientCallbackAidl::asyncPerform(12)
10-27 15:25:17.916 D/libcomposer_ext(  896): ClientImplAidl::ParseNotifyHwcComposition()
10-27 15:25:17.916 I/SurfaceFlinger(  896): NotifyHwcComposition(), id 0, mode 0
10-27 15:25:17.923 I/BufferQueueProducer(  896): [FramebufferSurface](this:0xb400006f767f08e0,id:-1,api:1,p:896,c:896) queueBuffer: fps=1.03 dur=1942.92 max=1165.39 min=777.53
10-27 15:25:17.926 I/MI-SF   (  896): surfaceflinger setAffinity mode=1
10-27 15:25:17.927 E/MI-SF   (  896): surfaceflinger setAffinity success
10-27 15:25:17.927 I/MI-SF   (  896): surfaceflinger setreAffinity reTid=1142
10-27 15:25:17.927 E/MI-SF   (  896): surfaceflinger setAffinity success
10-27 15:25:17.928 D/MBrainLocalService( 1300): isVendorFreezeConditionPass is false
10-27 15:25:17.928 D/MBrainLocalService( 1300): notifyNetworkChange failed
10-27 15:25:17.945 I/NullBinder( 2038): NullBinder for android.net.action.RECOMMEND_NETWORKS triggering remote TransactionTooLargeException due to Service without Chimera impl, calling uid: 1000, calling pid: 0
10-27 15:25:17.945 W/.gms.persistent( 2038): Large reply transaction of 1056768 bytes, interface descriptor , code 1
10-27 15:25:17.948 I/BugleRcsEngine( 8599): handleMessage processing message:[NOTIFY_UPTIME_IGNORE_STATE_CHANGED] with [non-null]:RcsEngineImpl reference [CONTEXT log_prefix="RcsEngineImpl[DUAL_REG]:[528e0deb-63f3]>Handler" thread_id=658 ]
10-27 15:25:17.949 I/BugleRcsEngine( 8599): Connected state: [1], networkType: [WIFI] [CONTEXT thread_id=659 ]
10-27 15:25:17.949 I/NullBinder( 2038): NullBinder for android.net.action.RECOMMEND_NETWORKS triggering remote TransactionTooLargeException due to Service without Chimera impl, calling uid: 1000, calling pid: 0
10-27 15:25:17.950 W/.gms.persistent( 2038): Large reply transaction of 1056768 bytes, interface descriptor , code 1
10-27 15:25:17.950 I/MagicTether( 2038): (REDACTED) [ActiveNetworkTracker] setActiveNetwork: %s
10-27 15:25:17.950 E/PhoneInterfaceManager( 2006): getCarrierPrivilegeStatusForUid: Invalid subId
10-27 15:25:17.950 I/MagicTether( 2038): (REDACTED) [TetherService] onActiveNetworkChanged: network=%s isLost=%s
10-27 15:25:17.951 I/MagicTether( 2038): [WifiConnectionHandler] Ignoring getWifiConfigurationByNetworkId when checking connected state [CONTEXT service_id=276 ]
10-27 15:25:17.951 I/MagicTether( 2038): [WifiConnectionHandler] No networkId set, can't be connected. [CONTEXT service_id=276 ]
10-27 15:25:17.952 I/MagicTether( 2038): (REDACTED) [TetherService] TRANSPORT_CELLULAR [%s], TRANSPORT_ETHERNET [%s], TRANSPORT_WIFI [%s]
10-27 15:25:17.952 I/BugleRcsEngine( 8599): RCS Configuration storage in Bugle is disabled by p/h flag, using ProvisioningEngineStateCache.getProvisioningConfigurationForGivenSimIfExist() [CONTEXT log_prefix="ProvisioningEngineDataRetriever" thread_id=658 ]
10-27 15:25:17.953 I/MagicTether( 2038): (REDACTED) [TetherService] setRoles hasActiveNetworkConnection=%s canActiveNetworkBeTethered=%s isConnectedToInstantTether=%s isWifiEnabled=%s isHosting=%s
10-27 15:25:17.957 I/MagicTether( 2038): (REDACTED) [LaunchUtils] Instant Wifi for status account: name: %s | type: %s | isLaunched: %s
10-27 15:25:17.957 I/MagicTether( 2038): (REDACTED) [TidepoolFeatureStatusManager] isInstantHotspotEnabled=%s
10-27 15:25:17.957 I/MagicTether( 2038): (REDACTED) [TidepoolFeatureStatusManager] isInstantWifiEnabled=%s
10-27 15:25:17.957 I/MagicTether( 2038): (REDACTED) [TetherService] startNearbyClientRole: start: %s isInstantHotspotEnabled: %s isInstantWifiEnabled: %s
10-27 15:25:17.958 I/MagicTether( 2038): [TetherService] Stopping Nearby client role [CONTEXT service_id=276 ]
10-27 15:25:17.958 I/MagicTether( 2038): [ClientTetherRole] Client role already stopped [CONTEXT service_id=276 ]
10-27 15:25:17.959 I/MagicTether( 2038): (REDACTED) [LaunchUtils] Instant Wifi for status account: name: %s | type: %s | isLaunched: %s
10-27 15:25:17.959 I/MagicTether( 2038): (REDACTED) [TidepoolFeatureStatusManager] isInstantHotspotEnabled=%s
10-27 15:25:17.959 I/MagicTether( 2038): (REDACTED) [TidepoolFeatureStatusManager] isInstantWifiEnabled=%s
10-27 15:25:17.959 I/MagicTether( 2038): (REDACTED) [TetherService] startNearbyHostRole: start: %s isInstantHotspotEnabled: %s isInstantWifiEnabled: %s
10-27 15:25:17.959 I/MagicTether( 2038): (REDACTED) [TidepoolFeatureStatusManager] isInstantHotspotEnabled=%s
10-27 15:25:17.959 I/MagicTether( 2038): [HostTetherRole] Nearby host role already started [CONTEXT service_id=276 ]
10-27 15:25:18.226 D/BluetoothDevice(20109): getAddress: mAddress=XX:XX:XX:XX:F5:15
10-27 15:25:18.227 D/BluetoothDevice(20109): getAddress: mAddress=XX:XX:XX:XX:F5:15
10-27 15:25:18.227 D/BluetoothDevice(20109): getAddress: mAddress=XX:XX:XX:XX:F5:15
10-27 15:25:18.227 D/BluetoothDevice(20109): getAddress: mAddress=XX:XX:XX:XX:F5:15
10-27 15:25:18.227 D/BluetoothDevice(20109): getAddress: mAddress=XX:XX:XX:XX:F5:15
10-27 15:25:18.235 D/BluetoothDevice(20109): getAddress: mAddress=XX:XX:XX:XX:F1:6C
10-27 15:25:18.235 D/BluetoothDevice(20109): getAddress: mAddress=XX:XX:XX:XX:F1:6C
10-27 15:25:18.235 D/BluetoothDevice(20109): getAddress: mAddress=XX:XX:XX:XX:F1:6C
10-27 15:25:18.236 D/BluetoothDevice(20109): getAddress: mAddress=XX:XX:XX:XX:F1:6C
10-27 15:25:18.236 D/BluetoothDevice(20109): getAddress: mAddress=XX:XX:XX:XX:F1:6C
10-27 15:25:18.238 D/BluetoothDevice(20109): getAddress: mAddress=XX:XX:XX:XX:83:99
10-27 15:25:18.238 D/BluetoothDevice(20109): getAddress: mAddress=XX:XX:XX:XX:83:99
10-27 15:25:18.238 D/BluetoothDevice(20109): getAddress: mAddress=XX:XX:XX:XX:83:99
10-27 15:25:18.238 D/BluetoothDevice(20109): getAddress: mAddress=XX:XX:XX:XX:83:99
10-27 15:25:18.238 D/BluetoothDevice(20109): getAddress: mAddress=XX:XX:XX:XX:83:99
10-27 15:25:18.268 D/BluetoothDevice(20109): getAddress: mAddress=XX:XX:XX:XX:79:FD
10-27 15:25:18.269 D/BluetoothDevice(20109): getAddress: mAddress=XX:XX:XX:XX:79:FD
10-27 15:25:18.269 D/BluetoothDevice(20109): getAddress: mAddress=XX:XX:XX:XX:79:FD
10-27 15:25:18.269 D/BluetoothDevice(20109): getAddress: mAddress=XX:XX:XX:XX:79:FD
10-27 15:25:18.269 D/BluetoothDevice(20109): getAddress: mAddress=XX:XX:XX:XX:79:FD
10-27 15:25:18.283 D/BluetoothDevice(20109): getAddress: mAddress=XX:XX:XX:XX:F5:68
10-27 15:25:18.283 D/BluetoothDevice(20109): getAddress: mAddress=XX:XX:XX:XX:F5:68
10-27 15:25:18.284 D/BluetoothDevice(20109): getAddress: mAddress=XX:XX:XX:XX:F5:68
10-27 15:25:18.284 D/BluetoothDevice(20109): getAddress: mAddress=XX:XX:XX:XX:F5:68
10-27 15:25:18.284 D/BluetoothDevice(20109): getAddress: mAddress=XX:XX:XX:XX:F5:68
10-27 15:25:18.287 D/BluetoothDevice(20109): getAddress: mAddress=XX:XX:XX:XX:1B:66
10-27 15:25:18.287 D/BluetoothDevice(20109): getAddress: mAddress=XX:XX:XX:XX:1B:66
10-27 15:25:18.287 D/BluetoothDevice(20109): getAddress: mAddress=XX:XX:XX:XX:1B:66
10-27 15:25:18.287 D/BluetoothDevice(20109): getAddress: mAddress=XX:XX:XX:XX:1B:66
10-27 15:25:18.287 D/BluetoothDevice(20109): getAddress: mAddress=XX:XX:XX:XX:1B:66
10-27 15:25:18.325 I/hwservicemanager(  483): getTransport: Cannot find entry vendor.mediatek.hardware.mtkradioex@3.0::IMtkRadioEx/mtkSmartRatSwitch1 in either framework or device VINTF manifest.
10-27 15:25:18.448 I/NearbySharing( 2038): Network state changed: NetworkState(isRestricted=false, isOnline=true, isCongested=false, isMetered=false, isWifiConnected=true)
10-27 15:25:18.541 D/EMDLOGGER1( 1057): ccb_init_cond: wait required modem status time out
10-27 15:25:18.542 W/ServiceManagerCppClient( 1061): Waited one second for vendor.mediatek.hardware.lbs.ILbs/mtk_lbs_log_v2s (is service started? Number of threads started in the threadpool: 1. Are binder threads started and available?)
10-27 15:25:18.547 W/libc    (  482): Unable to set property "ctl.interface_start" to "aidl/vendor.mediatek.hardware.lbs.ILbs/mtk_lbs_log_v2s": PROP_ERROR_HANDLE_CONTROL_MESSAGE (0x20)
10-27 15:25:18.624 I/libPerfCtl(  866): xgfGetFPS pid:896 fps:-1
10-27 15:25:18.625 I/libPerfCtl(  866): xgfGetFPS pid:2020 fps:-1
10-27 15:25:18.625 I/libPerfCtl(  866): xgfGetFPS pid:14839 fps:-1
10-27 15:25:18.740 I/hwservicemanager(  483): getTransport: Cannot find entry vendor.mediatek.hardware.mtkradioex@3.0::IMtkRadioEx/mtkCap1 in either framework or device VINTF manifest.
10-27 15:25:18.742 I/hwservicemanager(  483): getTransport: Cannot find entry vendor.mediatek.hardware.mtkradioex@2.0::IMtkRadioEx/mtkCap1 in either framework or device VINTF manifest.
10-27 15:25:18.746 I/hwservicemanager(  483): getTransport: Cannot find entry vendor.mediatek.hardware.mtkradioex@3.0::IMtkRadioEx/imsSlot1 in either framework or device VINTF manifest.
10-27 15:25:19.029 I/thermal_src( 1095): recvmsg_expect 5, but get 2 
10-27 15:25:19.030 V/thermal_src( 1095): TA_DAEMON_CMD_GET_TPCB:ERROR ret=-1
10-27 15:25:19.030 E/thermal_src( 1095): get_tpcb_from_kernel:error -1. retry...
10-27 15:25:19.030 I/thermal_src( 1095): recvmsg_expect 4, but get 2 
10-27 15:25:19.030 V/thermal_src( 1095): TA_DAEMON_CMD_SET_TTJ:ERROR ret=-1
10-27 15:25:19.030 E/thermal_src( 1095): set_ttj_to_kernel 1:error -1
10-27 15:25:19.030 I/thermal_src( 1095): recvmsg_expect 2, but get 5 
10-27 15:25:19.030 V/thermal_src( 1095): waiting NOTIFY from kernel miss, -1
10-27 15:25:19.030 I/thermal_src( 1095): recvmsg_expect 2, but get 4 
10-27 15:25:19.030 V/thermal_src( 1095): waiting NOTIFY from kernel miss, -1
10-27 15:25:19.225 D/BluetoothDevice(20109): getAddress: mAddress=XX:XX:XX:XX:1B:66
10-27 15:25:19.226 D/BluetoothDevice(20109): getAddress: mAddress=XX:XX:XX:XX:1B:66
10-27 15:25:19.226 D/BluetoothDevice(20109): getAddress: mAddress=XX:XX:XX:XX:1B:66
10-27 15:25:19.226 D/BluetoothDevice(20109): getAddress: mAddress=XX:XX:XX:XX:1B:66
10-27 15:25:19.227 D/BluetoothDevice(20109): getAddress: mAddress=XX:XX:XX:XX:1B:66
10-27 15:25:19.229 D/BluetoothDevice(20109): getAddress: mAddress=XX:XX:XX:XX:62:E9
10-27 15:25:19.229 D/BluetoothDevice(20109): getAddress: mAddress=XX:XX:XX:XX:62:E9
10-27 15:25:19.230 D/BluetoothDevice(20109): getAddress: mAddress=XX:XX:XX:XX:62:E9
10-27 15:25:19.230 D/BluetoothDevice(20109): getAddress: mAddress=XX:XX:XX:XX:62:E9
10-27 15:25:19.231 D/BluetoothDevice(20109): getAddress: mAddress=XX:XX:XX:XX:62:E9
10-27 15:25:19.256 D/BluetoothDevice(20109): getAddress: mAddress=XX:XX:XX:XX:83:99
10-27 15:25:19.256 D/BluetoothDevice(20109): getAddress: mAddress=XX:XX:XX:XX:83:99
10-27 15:25:19.256 D/BluetoothDevice(20109): getAddress: mAddress=XX:XX:XX:XX:83:99
10-27 15:25:19.256 D/BluetoothDevice(20109): getAddress: mAddress=XX:XX:XX:XX:83:99
10-27 15:25:19.257 D/BluetoothDevice(20109): getAddress: mAddress=XX:XX:XX:XX:83:99
10-27 15:25:19.263 D/BluetoothDevice(20109): getAddress: mAddress=XX:XX:XX:XX:F1:6C
10-27 15:25:19.263 D/BluetoothDevice(20109): getAddress: mAddress=XX:XX:XX:XX:F1:6C
10-27 15:25:19.263 D/BluetoothDevice(20109): getAddress: mAddress=XX:XX:XX:XX:F1:6C
10-27 15:25:19.264 D/BluetoothDevice(20109): getAddress: mAddress=XX:XX:XX:XX:F1:6C
10-27 15:25:19.264 D/BluetoothDevice(20109): getAddress: mAddress=XX:XX:XX:XX:F1:6C
10-27 15:25:19.292 D/BluetoothDevice(20109): getAddress: mAddress=XX:XX:XX:XX:F5:15
10-27 15:25:19.292 D/BluetoothDevice(20109): getAddress: mAddress=XX:XX:XX:XX:F5:15
10-27 15:25:19.292 D/BluetoothDevice(20109): getAddress: mAddress=XX:XX:XX:XX:F5:15
10-27 15:25:19.292 D/BluetoothDevice(20109): getAddress: mAddress=XX:XX:XX:XX:F5:15
10-27 15:25:19.292 D/BluetoothDevice(20109): getAddress: mAddress=XX:XX:XX:XX:F5:15
10-27 15:25:19.545 W/ServiceManagerCppClient( 1061): Waited one second for vendor.mediatek.hardware.lbs.ILbs/mtk_lbs_log_v2s (is service started? Number of threads started in the threadpool: 1. Are binder threads started and available?)
10-27 15:25:19.548 D/connsyslogger( 1010): SD_LOG_ROOT is /data/debuglogger/connsyslog/fw.
10-27 15:25:19.548 D/connsyslogger( 1010): systemReady:1
10-27 15:25:19.548 W/libc    (  482): Unable to set property "ctl.interface_start" to "aidl/vendor.mediatek.hardware.lbs.ILbs/mtk_lbs_log_v2s": PROP_ERROR_HANDLE_CONTROL_MESSAGE (0x20)
10-27 15:25:19.625 I/libPerfCtl(  866): xgfGetFPS pid:2020 fps:-1
10-27 15:25:19.625 I/libPerfCtl(  866): xgfGetFPS pid:14839 fps:-1
10-27 15:25:19.796 D/ControlCenterHeaderExpandController( 2020): onExpansionChanged: progress =  0.0
10-27 15:25:19.800 D/ControlCenterHeaderExpandController( 2020): onExpansionChanged: progress =  0.0
10-27 15:25:19.808 D/ControlCenterHeaderExpandController( 2020): onExpansionChanged: progress =  0.0
10-27 15:25:19.825 D/ControlCenterHeaderExpandController( 2020): onExpansionChanged: progress =  0.0
10-27 15:25:19.827 I/BufferQueueProducer(  896): [StatusBar#118](this:0xb400007146a25470,id:-1,api:0,p:-1,c:896) queueBuffer: fps=0.25 dur=4011.97 max=4011.97 min=4011.97
10-27 15:25:19.829 D/libcomposer_ext(  850): DeviceImplAidl::DeviceClientContextAidl::NotifyHwcComposition()
10-27 15:25:19.830 D/libcomposer_ext(  896): ClientCallbackAidl::asyncPerform(12)
10-27 15:25:19.830 D/libcomposer_ext(  896): ClientImplAidl::ParseNotifyHwcComposition()
10-27 15:25:19.830 I/SurfaceFlinger(  896): NotifyHwcComposition(), id 0, mode 1
10-27 15:25:19.831 I/hwcomposer(  850): [HWCDisplay] (0 updateFps():3644), (type:1, mode:2) fps:2.279758,dur:2193.22,max:1907.51,min:12.90  
10-27 15:25:19.832 I/hwcomposer(  850): [DBQ] (q2:0xb400006f9b41aa30) Buffer queue is created with size(3), m_id(608), q2  
10-27 15:25:19.832 I/hwcomposer(  850): [DBQ] (q2:0xb400006f9b41aa30) Reallocate Slot(0), pool(0 -> 0) size(0 -> 4288000) secure(0 -> 0)  
10-27 15:25:19.837 I/hwcomposer(  850): [DBQ] (q2:0xb400006f9b41aa30) Alloc Slot(0), handle=0xb400006fdb40b0b0 c=0 w=800 h=1340 p=800 ys=800 vs=1340 f=2 sec=0 sh=0, usage=0x800  
10-27 15:25:19.839 I/MI-SF   (  896): surfaceflinger setAffinity mode=0
10-27 15:25:19.840 E/MI-SF   (  896): surfaceflinger setAffinity success
10-27 15:25:19.963 I/hwcomposer(  850): [HWC] (0)fire a callback of refresh to SF[4]  
10-27 15:25:19.984 I/hwcomposer(  850): [HWCLayer] (0 id:608 setHwlayerType():746), release queue sp q2_608, type 3 -> 0  
10-27 15:25:19.984 I/hwcomposer(  850): [DBQ] (q2:0xb400006f9b41aa30) Buffer queue is destroyed, m_id(608)  
10-27 15:25:19.984 I/hwcomposer(  850): [DBQ] (q2:0xb400006f9b41aa30) ~DisplayBufferQueue(), m_id(608), release buf  
10-27 15:25:19.984 I/hwcomposer(  850): [DBQ] (q2:0xb400006f9b41aa30) Free Slot(0), handle=0xb400006fdb40b0b0, 4288000 -> 0  
10-27 15:25:19.984 D/libcomposer_ext(  850): DeviceImplAidl::DeviceClientContextAidl::NotifyHwcComposition()
10-27 15:25:19.985 D/libcomposer_ext(  896): ClientCallbackAidl::asyncPerform(12)
10-27 15:25:19.985 D/libcomposer_ext(  896): ClientImplAidl::ParseNotifyHwcComposition()
10-27 15:25:19.985 I/SurfaceFlinger(  896): NotifyHwcComposition(), id 0, mode 0
10-27 15:25:19.992 I/BufferQueueProducer(  896): [FramebufferSurface](this:0xb400006f767f08e0,id:-1,api:1,p:896,c:896) queueBuffer: fps=0.48 dur=2069.50 max=2069.50 min=2069.50
10-27 15:25:19.996 I/MI-SF   (  896): surfaceflinger setAffinity mode=1
10-27 15:25:19.996 E/MI-SF   (  896): surfaceflinger setAffinity success
10-27 15:25:19.996 I/MI-SF   (  896): surfaceflinger setreAffinity reTid=1142
10-27 15:25:19.996 E/MI-SF   (  896): surfaceflinger setAffinity success
10-27 15:25:20.234 D/BluetoothDevice(20109): getAddress: mAddress=XX:XX:XX:XX:63:AA
10-27 15:25:20.235 D/BluetoothDevice(20109): getAddress: mAddress=XX:XX:XX:XX:63:AA
10-27 15:25:20.235 D/BluetoothDevice(20109): getAddress: mAddress=XX:XX:XX:XX:63:AA
10-27 15:25:20.235 D/BluetoothDevice(20109): getAddress: mAddress=XX:XX:XX:XX:63:AA
10-27 15:25:20.235 D/BluetoothDevice(20109): getAddress: mAddress=XX:XX:XX:XX:63:AA
10-27 15:25:20.243 D/BluetoothDevice(20109): getAddress: mAddress=XX:XX:XX:XX:DC:EE
10-27 15:25:20.244 D/BluetoothDevice(20109): getAddress: mAddress=XX:XX:XX:XX:DC:EE
10-27 15:25:20.244 D/BluetoothDevice(20109): getAddress: mAddress=XX:XX:XX:XX:DC:EE
10-27 15:25:20.244 D/BluetoothDevice(20109): getAddress: mAddress=XX:XX:XX:XX:DC:EE
10-27 15:25:20.244 D/BluetoothDevice(20109): getAddress: mAddress=XX:XX:XX:XX:DC:EE
10-27 15:25:20.247 D/BluetoothDevice(20109): getAddress: mAddress=XX:XX:XX:XX:E7:74
10-27 15:25:20.248 D/BluetoothDevice(20109): getAddress: mAddress=XX:XX:XX:XX:E7:74
10-27 15:25:20.248 D/BluetoothDevice(20109): getAddress: mAddress=XX:XX:XX:XX:E7:74
10-27 15:25:20.248 D/BluetoothDevice(20109): getAddress: mAddress=XX:XX:XX:XX:E7:74
10-27 15:25:20.248 D/BluetoothDevice(20109): getAddress: mAddress=XX:XX:XX:XX:E7:74
10-27 15:25:20.268 D/BluetoothDevice(20109): getAddress: mAddress=XX:XX:XX:XX:1B:66
10-27 15:25:20.269 D/BluetoothDevice(20109): getAddress: mAddress=XX:XX:XX:XX:1B:66
10-27 15:25:20.269 D/BluetoothDevice(20109): getAddress: mAddress=XX:XX:XX:XX:1B:66
10-27 15:25:20.269 D/BluetoothDevice(20109): getAddress: mAddress=XX:XX:XX:XX:1B:66
10-27 15:25:20.269 D/BluetoothDevice(20109): getAddress: mAddress=XX:XX:XX:XX:1B:66
10-27 15:25:20.276 D/BluetoothDevice(20109): getAddress: mAddress=XX:XX:XX:XX:83:99
10-27 15:25:20.277 D/BluetoothDevice(20109): getAddress: mAddress=XX:XX:XX:XX:83:99
10-27 15:25:20.277 D/BluetoothDevice(20109): getAddress: mAddress=XX:XX:XX:XX:83:99
10-27 15:25:20.277 D/BluetoothDevice(20109): getAddress: mAddress=XX:XX:XX:XX:83:99
10-27 15:25:20.277 D/BluetoothDevice(20109): getAddress: mAddress=XX:XX:XX:XX:83:99
10-27 15:25:20.279 D/BluetoothDevice(20109): getAddress: mAddress=XX:XX:XX:XX:F1:6C
10-27 15:25:20.279 D/BluetoothDevice(20109): getAddress: mAddress=XX:XX:XX:XX:F1:6C
10-27 15:25:20.279 D/BluetoothDevice(20109): getAddress: mAddress=XX:XX:XX:XX:F1:6C
10-27 15:25:20.280 D/BluetoothDevice(20109): getAddress: mAddress=XX:XX:XX:XX:F1:6C
10-27 15:25:20.280 D/BluetoothDevice(20109): getAddress: mAddress=XX:XX:XX:XX:F1:6C
10-27 15:25:20.542 D/EMDLOGGER1( 1057): ccb_init_cond: wait required modem status time out
10-27 15:25:20.547 W/ServiceManagerCppClient( 1061): Waited one second for vendor.mediatek.hardware.lbs.ILbs/mtk_lbs_log_v2s (is service started? Number of threads started in the threadpool: 1. Are binder threads started and available?)
10-27 15:25:20.551 W/libc    (  482): Unable to set property "ctl.interface_start" to "aidl/vendor.mediatek.hardware.lbs.ILbs/mtk_lbs_log_v2s": PROP_ERROR_HANDLE_CONTROL_MESSAGE (0x20)
10-27 15:25:20.625 I/libPerfCtl(  866): xgfGetFPS pid:896 fps:-1
10-27 15:25:20.625 I/libPerfCtl(  866): xgfGetFPS pid:2020 fps:-1
10-27 15:25:20.709 D/DisplayModeController(  896): setDesiredMode 4627039422300187648 {mode={fps=50.00 Hz, modePtr={id=2, vsyncRate=50.00 Hz, peakRefreshRate=50.00 Hz}}, emitEvent=false, force=false}
10-27 15:25:20.710 D/Scheduler(  896): MtkOverrideDuration: update vsync 50
10-27 15:25:20.710 E/SurfaceFlinger(  896): MtkDuration override mode is disabled
10-27 15:25:20.710 D/Scheduler(  896): MtkOverrideDuration: reset override duration
10-27 15:25:20.710 I/PowerHalWrapper(  896): updateFps(): 50
10-27 15:25:20.715 I/hwcomposer(  850): [HWCDisplay] (0 setActiveConfigWithConstraints():4091), config:2  
10-27 15:25:20.715 I/hwcomposer(  850): [HWCDisplay] (0 setActiveConfigWithConstraints():4141), now 42211224952822, diff 715769, estimated_applied_time 16666667 queued_size:0  
10-27 15:25:20.717 D/libcomposer_ext(  850): DeviceImplAidl::DeviceClientContextAidl::NotifyHwcComposition()
10-27 15:25:20.718 D/libcomposer_ext(  896): ClientCallbackAidl::asyncPerform(12)
10-27 15:25:20.718 D/libcomposer_ext(  896): ClientImplAidl::ParseNotifyHwcComposition()
10-27 15:25:20.718 I/SurfaceFlinger(  896): NotifyHwcComposition(), id 0, mode 1
10-27 15:25:20.719 I/hwcomposer(  850): [DBQ] (q2:0xb400006f9b41aa30) Buffer queue is created with size(3), m_id(608), q2  
10-27 15:25:20.720 I/hwcomposer(  850): [DBQ] (q2:0xb400006f9b41aa30) Reallocate Slot(0), pool(0 -> 0) size(0 -> 4288000) secure(0 -> 0)  
10-27 15:25:20.724 I/hwcomposer(  850): [DBQ] (q2:0xb400006f9b41aa30) Alloc Slot(0), handle=0xb400006fdb40a190 c=0 w=800 h=1340 p=800 ys=800 vs=1340 f=2 sec=0 sh=0, usage=0x800  
10-27 15:25:20.726 I/MI-SF   (  896): surfaceflinger setAffinity mode=0
10-27 15:25:20.727 E/MI-SF   (  896): surfaceflinger setAffinity success
10-27 15:25:20.731 I/PowerHalWrapper(  896): updateFps(): 50
10-27 15:25:20.732 I/PowerHalWrapper(  896): updateFps(): 50
10-27 15:25:20.739 I/hwcomposer(  850): [HWCDisplay] (0 updateAppliedConfigState():4337), applied config complete[idx:42211241619489, config:2]  
10-27 15:25:20.895 I/hwcomposer(  850): [HWC] (0)fire a callback of refresh to SF[4]  
10-27 15:25:20.908 I/hwcomposer(  850): [HWCLayer] (0 id:608 setHwlayerType():746), release queue sp q2_608, type 3 -> 0  
10-27 15:25:20.909 I/hwcomposer(  850): [DBQ] (q2:0xb400006f9b41aa30) Buffer queue is destroyed, m_id(608)  
10-27 15:25:20.909 I/hwcomposer(  850): [DBQ] (q2:0xb400006f9b41aa30) ~DisplayBufferQueue(), m_id(608), release buf  
10-27 15:25:20.909 I/hwcomposer(  850): [DBQ] (q2:0xb400006f9b41aa30) Free Slot(0), handle=0xb400006fdb40a190, 4288000 -> 0  
10-27 15:25:20.909 D/libcomposer_ext(  850): DeviceImplAidl::DeviceClientContextAidl::NotifyHwcComposition()
10-27 15:25:20.910 D/libcomposer_ext(  896): ClientCallbackAidl::asyncPerform(12)
10-27 15:25:20.910 D/libcomposer_ext(  896): ClientImplAidl::ParseNotifyHwcComposition()
10-27 15:25:20.910 I/SurfaceFlinger(  896): NotifyHwcComposition(), id 0, mode 0
10-27 15:25:20.917 I/hwcomposer(  850): [HWCDisplay] (0 updateFps():3644), (type:1, mode:2) fps:3.682776,dur:1086.14,max:725.61,min:14.87  
10-27 15:25:20.920 I/MI-SF   (  896): surfaceflinger setAffinity mode=1
10-27 15:25:20.921 E/MI-SF   (  896): surfaceflinger setAffinity success
10-27 15:25:20.921 I/MI-SF   (  896): surfaceflinger setreAffinity reTid=1142
10-27 15:25:20.921 E/MI-SF   (  896): surfaceflinger setAffinity success
10-27 15:25:20.963 D/connsyslogger( 1010): idx=0 Bootup Log: 2 log files! filecount=3 
10-27 15:25:20.965 I/connsyslogger( 1010): thrLogWriter: LogBuf=228.027344KB,idx=0
10-27 15:25:20.969 I/thermal_repeater( 1091): socket -1
10-27 15:25:21.031 I/thermal_src( 1095): recvmsg_expect 5, but get 2 
10-27 15:25:21.031 V/thermal_src( 1095): TA_DAEMON_CMD_GET_TPCB:ERROR ret=-1
10-27 15:25:21.031 E/thermal_src( 1095): get_tpcb_from_kernel:error -1. retry...
10-27 15:25:21.031 I/thermal_src( 1095): recvmsg_expect 5, but get 2 
10-27 15:25:21.031 V/thermal_src( 1095): TA_DAEMON_CMD_GET_TPCB:ERROR ret=-1
10-27 15:25:21.032 E/thermal_src( 1095): get_tpcb_from_kernel:error -1. retry...
10-27 15:25:21.032 I/thermal_src( 1095): recvmsg_expect 5, but get 2 
10-27 15:25:21.032 V/thermal_src( 1095): TA_DAEMON_CMD_GET_TPCB:ERROR ret=-1
10-27 15:25:21.032 E/thermal_src( 1095): get_tpcb_from_kernel:error -1. retry...
10-27 15:25:21.032 I/thermal_src( 1095): recvmsg_expect 4, but get 5 
10-27 15:25:21.032 V/thermal_src( 1095): TA_DAEMON_CMD_SET_TTJ:ERROR ret=-1
10-27 15:25:21.032 E/thermal_src( 1095): set_ttj_to_kernel 1:error -1
10-27 15:25:21.032 I/thermal_src( 1095): recvmsg_expect 2, but get 5 
10-27 15:25:21.032 V/thermal_src( 1095): waiting NOTIFY from kernel miss, -1
10-27 15:25:21.032 I/thermal_src( 1095): recvmsg_expect 2, but get 5 
